******************************************************************************
                  TMS470 Linker Unix v4.9.5                    
******************************************************************************
>> Linked Mon Nov 12 13:35:03 2012

OUTPUT FILE NAME:   </proj/vsi/users/anith/DM812x/IPNetCam/Release/ti_tools/hdvpss_01_00_01_37_patched/build/hdvpss_examples_m2mNsf_Subframe/bin/ti8107-evm/hdvpss_examples_m2mNsf_Subframe_m3vpss_debug.xem3>
ENTRY POINT SYMBOL: "_c_int00"  address: 8c83582d


MEMORY CONFIGURATION

         name            origin    length      used     unused   attr    fill
----------------------  --------  ---------  --------  --------  ----  --------
  L2_ROM                00000000   00004000  0000018c  00003e74  RWIX
  OCMC0_RAM             00300000   00020000  00000000  00020000  RWIX
  OCMC1_RAM             00400000   00020000  00000000  00020000  RWIX
  L2_RAM                20004000   00010000  00000000  00010000  RWIX
  LINUX_MEM             80000000   082a0000  00000000  082a0000  RWIX
  SR0                   882a0000   01000000  00000000  01000000  RWIX
  DDR3_RAM              892a0000   03500000  005bd42e  02f42bd2  RWIX
  DSS_M3_CODE_MEM       8c7a0000   03500000  000a3993  0345c66d  RWIX
  DEBUG_MEM             8fea0000   00100000  00000000  00100000  RWIX
  TILER_8BIT_MEM        a0000000   08000000  08000000  00000000  RWIX
  FRAME_BUFFER_MEM      a8000000   07b00000  07b00000  00000000  RWIX
  HOST_VPSS_NOITFYMEM   afb00000   00100000  00000000  00100000  RWIX
  HDVPSS_DESC_MEM       afc00000   00200000  001ff060  00000fa0  RWIX
  HDVPSS_SHARED_MEM     afe00000   00200000  00000000  00200000  RWIX


SEGMENT ALLOCATION MAP

run origin  load origin   length   init length attrs members
----------  ----------- ---------- ----------- ----- -------
00000000    00000000    0000003c   0000003c    r-x
  00000000    00000000    0000003c   0000003c    r-x .ducatiBoot
000007f0    000007f0    00000010   00000000    rw-
  000007f0    000007f0    00000010   00000000    rw- .ducatiGates
00000800    00000800    00000140   00000140    r--
  00000800    00000800    00000140   00000140    r-- .resetVecs
892a0000    892a0000    005a8a20   00000000    rw-
  892a0000    892a0000    005a8a20   00000000    rw- .bss
89848a20    89848a20    00009356   00009356    rw-
  89848a20    89848a20    00009356   00009356    rw- .data.1
89851d80    89851d80    0000b6b8   000076b8    rw-
  89851d80    89851d80    000076b8   000076b8    rw- .data.2
  89859438    89859438    00004000   00000000    rw- .stack
8c7a0000    8c7a0000    000a3995   000a3995    r-x
  8c7a0000    8c7a0000    00099716   00099716    r-x .text
  8c839718    8c839718    0000a27d   0000a27d    r-- .const
afc00000    afc00000    001ff060   00000000    rw-
  afc00000    afc00000    001f0000   00000000    rw- .bss:extMemNonCache:heap
  afdf0000    afdf0000    0000f060   00000000    rw- .bss:extMemNonCache:remoteDebugCoreShm


SECTION ALLOCATION MAP

 output                                  attributes/
section   page    origin      length       input sections
--------  ----  ----------  ----------   ----------------
.cinit     0    892a0000    00000000     UNINITIALIZED

.init_array 
*          0    892a0000    00000000     UNINITIALIZED

.bootVecs 
*          0    00000000    00000008     DSECT
                  00000000    00000008     boot.aem3 : boot.oem3 (.bootVecs)

.ducatiBoot 
*          0    00000000    0000003c     
                  00000000    0000003c     sysbios.lib : ducati_Core_asm.obj (.ducatiBoot)

.ducatiGates 
*          0    000007f0    00000010     UNINITIALIZED
                  000007f0    00000010     m2mNsf_subframe_pem3.oem3 (.ducatiGates)

.vecs      0    00000800    00000000     DSECT

.resetVecs 
*          0    00000800    00000140     
                  00000800    00000140     m2mNsf_subframe_pem3.oem3 (.resetVecs)

.bss       0    892a0000    005a8a20     UNINITIALIZED
                  892a0000    001b3404     hdvpss_drivers.aem3 : vpsdrv_captureApi.oem3 (.bss:gVps_captCommonObj)
                  89453404    00000004     M2mNsf_main_subframe.oem3 (.bss)
                  89453408    00174000     hdvpss_drivers.aem3 : vpsdrv_m2mScPriv.oem3 (.bss:VpsMdrvScChannelObjs)
                  895c7408    000ba000                         : vpsdrv_m2mScPriv.oem3 (.bss:VpsMdrvScScPadChObjs)
                  89681408    00053920                         : vpsdrv_m2mDeiPriv.oem3 (.bss:gVpsMdrvDeiPoolObj)
                  896d4d28    00040aac                         : vpscore_deiCommon.oem3 (.bss:VcoreDeiPoolObjs)
                  897157d4    00036cac                         : vpscore_bypassPriv.oem3 (.bss:VcoreBpPoolObjs)
                  8974c480    0002e400                         : vpscore_vip.oem3 (.bss:VipChMemPool)
                  8977a880    00022358                         : vpsdrv_displayPriv.oem3 (.bss:VpsDdrvInstObjects)
                  8979cbd8    00016500                         : vpscore_grpxPriv.oem3 (.bss:GrpxChannelMemPool)
                  897b30d8    00015000     m2mNsf_subframe_pem3.oem3 (.bss:ti_sysbios_heaps_HeapMem_Instance_State_0_buf__A)
                  897c80d8    0000e808     hdvpss_drivers.aem3 : vps_evtMgr.oem3 (.bss:gVem_clientInfoMemPool)
                  897d68e0    0000d4b8                         : vpsdrv_captureLm.oem3 (.bss:gVps_captLmObj)
                  897e3d98    00008774     M2mNsf_main_subframe.oem3 (.bss:gNsfApp_ctrl)
                  897ec50c    00008400     hdvpss_drivers.aem3 : vpsdrv_m2mScPriv.oem3 (.bss:VpsMdrvScChParams)
                  897f490c    00007e10                         : vpsdrv_m2mNsfCommon.oem3 (.bss:gVps_nsfCommonObj)
                  897fc71c    00006900                         : vpsdrv_m2mScPriv.oem3 (.bss:VpsMdrvScQueueObjPool)
                  8980301c    00006600                         : vpscore_secPath.oem3 (.bss:SecChannelMemPool)
                  8980961c    00006100                         : vpscore_vip.oem3 (.bss:VipHandleMemPool)
                  8980f71c    00005db4                         : vpscore_grpxPriv.oem3 (.bss:GrpxInstObjects)
                  898154d0    00005d00                         : vpscore_scWrbkPath.oem3 (.bss:SwpChannelMemPool)
                  8981b1d0    00005a60                         : vpsdrv_m2mScPriv.oem3 (.bss:VpsMdrvScHandleObjects)
                  89820c30    00004220                         : vpshal_vpdma.oem3 (.bss:gVpsHalVpdmaTraceObj)
                  89824e50    00004000     m2mNsf_subframe_pem3.oem3 (.bss:taskStackSection)
                  89828e50    000039a8     hdvpss_drivers.aem3 : vpsdrv_dispGrpxPriv.oem3 (.bss:VpsDdrvGrpxInstObjects)
                  8982c7f8    00003800                         : vpshal_vpdmaMosaic.oem3 (.bss:gSpaceForSplitterList)
                  8982fff8    000035d8                         : vpscore_deiWrbkPath.oem3 (.bss:VcoreDwpPoolObjs)
                  898335d0    00002d5c                         : vps_dlmPriv.oem3 (.bss:VpsDlmPoolObj)
                  8983632c    00000014                         : vps_dctrlIntPriv.oem3 (.bss)
                  89836340    00002800     M2mNsf_main_subframe.oem3 (.bss:taskStackSection)
                  89838b40    00002800     hdvpss_drivers.aem3 : vpsdrv_captureList.oem3 (.bss:taskStackSection)
                  8983b340    00002200                         : vpshal_vpdmaMosaic.oem3 (.bss:gSpaceForSplitWindow)
                  8983d540    00001c00     hdvpss_examples_utility.aem3 : vpsutils_prf.oem3 (.bss:gVpsUtils_prfObj)
                  8983f140    0000107c     hdvpss_drivers.aem3 : vps_utils.oem3 (.bss:gVpsUtilsObjects)
                  898401bc    00000ee0                         : vpscore_secPath.oem3 (.bss:SecHandleMemPool)
                  8984109c    00000bb0                         : vpscore_deiCommon.oem3 (.bss:DeiInstObjects)
                  89841c4c    00000a78                         : vpscore_bypassPriv.oem3 (.bss:VcoreBpInstObjs)
                  898426c4    00000a50                         : vps_mlm.oem3 (.bss:MlmQueueObj)
                  89843114    00000a10                         : vpscore_scWrbkPath.oem3 (.bss:SwpHandleMemPool)
                  89843b24    00000858                         : vpshal_hdvenc.oem3 (.bss:HdVencObj)
                  8984437c    00000800                         : vpsdrv_captureVip.oem3 (.bss:gVps_captSubFrameQObj)
                  89844b7c    00000780                         : fvid2_drvMgr.oem3 (.bss:gFdmChannelObjects)
                  898452fc    000005a8                         : vpscore_deiWrbkPath.oem3 (.bss:DwpInstObjects)
                  898458a4    00000450                         : vpsdrv_m2mDeiPriv.oem3 (.bss:VpsMdrvDeiInstObjects)
                  89845cf4    00000400                         : vpscore_vip.oem3 (.bss:VipChMemFlag)
                  898460f4    00000320                         : vps_evtMgr.oem3 (.bss:VemNode)
                  89846414    0000030c                         : vpshal_sc.oem3 (.bss:ScInfo)
                  89846720    00000300                         : vpsdrv_m2mScPriv.oem3 (.bss:VpsMdrvScChParamsIsAllocated)
                  89846a20    000002f4                         : vpshal_sdvenc.oem3 (.bss:SdVencObj)
                  89846d14    000002c8                         : vpscore_vipResCommon.oem3 (.bss:gVcore_vipResCommonObj)
                  89846fdc    00000288                         : vps_mlm.oem3 (.bss:MlmInstInfo)
                  89847264    00000280                         : vpsdrv_m2mScPriv.oem3 (.bss:VpsMdrvScInstObjects)
                  898474e4    00000270                         : vps_dctrl.oem3 (.bss:DcOutputNode)
                  89847754    00000254                         : vps_resrcMgr.oem3 (.bss:VrmInfo)
                  898479a8    000001e0                         : vpshal_chrus.oem3 (.bss:ChrusObj)
                  89847b88    00000180                         : vpshal_csc.oem3 (.bss:CscObj)
                  89847d08    00000120     rtsv7M3_T_le_eabi.lib : trgmsg.obj (.bss:__CIOBUF_)
                  89847e28    0000011c     hdvpss_drivers.aem3 : vps_dctrlTraversePriv.oem3 (.bss:DcStack)
                  89847f44    00000108                         : vps_dctrl.oem3 (.bss:DcCtrlInfo)
                  8984804c    00000100                         : vpscore_vip.oem3 (.bss:VipInstObjects)
                  8984814c    000000f0                         : fvid2_drvMgr.oem3 (.bss:gFdmDriverObjects)
                  8984823c    000000e8                         : vpshal_vcomp.oem3 (.bss:VcompObjects)
                  89848324    000000c8                         : vps_evtMgr.oem3 (.bss:gVem_clientInfoFlag)
                  898483ec    000000c8     rtsv7M3_T_le_eabi.lib : trgdrv.obj (.bss:result$1)
                  898484b4    000000c0     hdvpss_drivers.aem3 : vpscore_grpxPriv.oem3 (.bss:GrpxChannelMemFlag)
                  89848574    000000a0     rtsv7M3_T_le_eabi.lib : defs.obj (.bss:_tmpnams)
                  89848614    0000008c     hdvpss_drivers.aem3 : vpshal_cig.oem3 (.bss:CigObjects)
                  898486a0    00000078                         : vpscore_secPath.oem3 (.bss:SecInstObjects)
                  89848718    00000060                         : vpshal_vip.oem3 (.bss:VipPortObj)
                  89848778    0000004c     hdvpss_platform.aem3 : vps_platform.oem3 (.bss:gPlatformCommonObj)
                  898487c4    00000048     hdvpss_drivers.aem3 : vpshal_grpx.oem3 (.bss:GrpxInfo)
                  8984880c    00000040                         : vpshal_dei.oem3 (.bss:DeiObjects)
                  8984884c    00000030                         : vpscore_scWrbkPath.oem3 (.bss)
                  8984887c    0000002c                         : vpsdrv_captureVip.oem3 (.bss:gCaptSubFrameDebug)
                  898488a8    00000028     hdvpss_examples_utility.aem3 : vpsutils_tiler.oem3 (.bss:gVpsUtils_tilerObj)
                  898488d0    00000028     hdvpss_drivers.aem3 : vpshal_vps.oem3 (.bss:regOvly)
                  898488f8    00000020                         : vpscore_vip.oem3 (.bss)
                  89848918    00000020     hdvpss_examples_utility.aem3 : vpsutils_prf.oem3 (.bss)
                  89848938    0000001c     hdvpss_drivers.aem3 : vpshal_vpdmaMosaic.oem3 (.bss)
                  89848954    00000018                         : vpscore_grpxPriv.oem3 (.bss)
                  8984896c    00000018                         : vpsdrv_captureList.oem3 (.bss)
                  89848984    00000014                         : vpscore_secPath.oem3 (.bss)
                  89848998    00000014     m2mNsf_subframe_pem3.oem3 (.bss)
                  898489ac    0000000c     hdvpss_drivers.aem3 : vpscore_bypass.oem3 (.bss)
                  898489b8    0000000c                         : vpscore_deiApi.oem3 (.bss)
                  898489c4    0000000c                         : vpscore_deiWrbkPath.oem3 (.bss)
                  898489d0    0000000c                         : vpscore_graphics.oem3 (.bss)
                  898489dc    0000000c                         : vpsdrv_m2mScPriv.oem3 (.bss)
                  898489e8    0000000c                         : vpshal_grpx.oem3 (.bss)
                  898489f4    0000000c                         : vpshal_nf.oem3 (.bss)
                  89848a00    00000008                         : vpshal_vpdma.oem3 (.bss)
                  89848a08    00000008     rtsv7M3_T_le_eabi.lib : trgdrv.obj (.bss)
                  89848a10    00000006     hdvpss_examples_utility.aem3 : vpsutils_mem.oem3 (.bss)
                  89848a16    00000002     --HOLE--
                  89848a18    00000004     hdvpss_drivers.aem3 : vps_mlm.oem3 (.bss)
                  89848a1c    00000004                         : vpshal_vps.oem3 (.bss)

.neardata 
*          0    89848a20    00000000     UNINITIALIZED

.rodata    0    89848a20    00000000     UNINITIALIZED

.data.1    0    89848a20    00009356     
                  89848a20    000015b0     hdvpss_drivers.aem3 : vps_evtMgr.oem3 (.data:gVem_obj)
                  89849fd0    00001268                         : vps_dctrl.oem3 (.data:DcNodes)
                  8984b238    00000008     rtsv7M3_T_le_eabi.lib : _lock.obj (.data)
                  8984b240    00000fa2     hdvpss_drivers.aem3 : vpshal_vpdma.oem3 (.data:gVpsHal_vpdmaFirmware_1B0)
                  8984c1e2    00000002     --HOLE-- [fill = 0]
                  8984c1e4    0000001c                         : vpshal_sc.oem3 (.data)
                  8984c200    00000fa2                         : vpshal_vpdma.oem3 (.data:gVpsHal_vpdmaFirmware_1B2)
                  8984d1a2    00000002     --HOLE-- [fill = 0]
                  8984d1a4    0000001c     hdvpss_platform.aem3 : vps_platformTI8107.oem3 (.data)
                  8984d1c0    00000fa2     hdvpss_drivers.aem3 : vpshal_vpdma.oem3 (.data:gVpsHal_vpdmaFirmware_1B5)
                  8984e162    00000002     --HOLE-- [fill = 0]
                  8984e164    00000018                         : vps_dctrlIntPriv.oem3 (.data)
                  8984e17c    00000004                         : remote_debug_server.oem3 (.data)
                  8984e180    00000fa2                         : vpshal_vpdma.oem3 (.data:gVpsHal_vpdmaFirmware_1B7)
                  8984f122    00000002     --HOLE-- [fill = 0]
                  8984f124    00000010     rtsv7M3_T_le_eabi.lib : defs.obj (.data)
                  8984f134    00000008                           : exit.obj (.data)
                  8984f13c    00000004     hdvpss_drivers.aem3 : vpscore_scWrbkPath.oem3 (.data)
                  8984f140    00000eb0                         : vpshal_vpdma.oem3 (.data:gVpsHal_vpdmaFirmware_1A3)
                  8984fff0    00000004                         : vpscore_secPath.oem3 (.data)
                  8984fff4    00000004                         : vpsdrv_captureVip.oem3 (.data)
                  8984fff8    00000004                         : vpshal_vpdmaMosaic.oem3 (.data)
                  8984fffc    00000004     hdvpss_examples_utility.aem3 : vpsutils_prf.oem3 (.data)
                  89850000    00000eb0     hdvpss_drivers.aem3 : vpshal_vpdma.oem3 (.data:gVpsHal_vpdmaFirmware_1AD)
                  89850eb0    00000004     rtsv7M3_T_le_eabi.lib : dtor_list.obj (.data)
                  89850eb4    00000004                           : fopen.obj (.data)
                  89850eb8    00000004                           : lowlev.obj (.data)
                  89850ebc    00000004                           : stkdepth_vars.obj (.data)
                  89850ec0    00000eb0     hdvpss_drivers.aem3 : vpshal_vpdma.oem3 (.data:gVpsHal_vpdmaFirmware_1AE)
                  89851d70    00000002     M2mNsf_main_subframe.oem3 (.data)
                  89851d72    00000002     --HOLE-- [fill = 0]
                  89851d74    00000002     hdvpss_examples_utility.aem3 : vpsutils_tiler.oem3 (.data)

.data.2    0    89851d80    000076b8     
                  89851d80    00000e7c     hdvpss_drivers.aem3 : vpshal_vpdma.oem3 (.data:gVpsHal_vpdmaFirmware_286)
                  89852bfc    00000004     --HOLE-- [fill = 0]
                  89852c00    00000e7c                         : vpshal_vpdma.oem3 (.data:gVpsHal_vpdmaFirmware_288)
                  89853a7c    00000004     --HOLE-- [fill = 0]
                  89853a80    00000e7a                         : vpshal_vpdma.oem3 (.data:gVpsHal_vpdmaFirmware_195)
                  898548fa    00000002     --HOLE-- [fill = 0]
                  898548fc    00000900                         : vpshal_vpdma.oem3 (.data:Channels)
                  898551fc    00000840                         : vps_dctrl.oem3 (.data:DcPreDefConfig)
                  89855a3c    00000804                         : remote_debug_server.oem3 (.data:gRemoteDebug_serverObj)
                  89856240    00000428                         : vpshal_hdvenc.oem3 (.data:HdVencStdModeInfo)
                  89856668    00000320                         : vpscore_graphics.oem3 (.data:VpsDdrDataTable)
                  89856988    00000320                         : vpscore_grpxPriv.oem3 (.data:VpsDdrDataTable)
                  89856ca8    00000258                         : vpshal_vpdma.oem3 (.data:VpdmaPathInfo)
                  89856f00    00000228                         : vpshal_sdvenc.oem3 (.data:sdVencNtscCfg)
                  89857128    00000228                         : vpshal_sdvenc.oem3 (.data:sdVencPalCfg)
                  89857350    00000220                         : vps_dctrl.oem3 (.data:DcInputNode)
                  89857570    000001c8                         : vpshal_hdvenc.oem3 (.data:gHdVencDefCfg)
                  89857738    000001b0                         : vpshal_hdvenc.oem3 (.data:CscQFormCoeff)
                  898578e8    00000194     m2mNsf_subframe_pem3.oem3 (.data)
                  89857a7c    00000180     hdvpss_drivers.aem3 : vpshal_csc.oem3 (.data:CscDefaultCoeff)
                  89857bfc    00000140                         : vpshal_grpx.oem3 (.data:GrpxScHorzDownScaleCoeff)
                  89857d3c    00000140     m2mNsf_subframe_pem3.oem3 (.data:ti_sysbios_family_arm_m3_Hwi_Module_State_0_dispatchTable__A)
                  89857e7c    00000130     hdvpss_drivers.aem3 : vps_init_ti8107.oem3 (.data)
                  89857fac    00000100                         : vpshal_grpx.oem3 (.data:GrpxScVertDownScaleCoeff)
                  898580ac    000000fc                         : vps_dctrlHalPriv.oem3 (.data:DcResMngr)
                  898581a8    000000f0     rtsv7M3_T_le_eabi.lib : defs.obj (.data:_ftable)
                  89858298    000000d8     hdvpss_drivers.aem3 : vpshal_hdvenc.oem3 (.data:CscDefaultCoeff)
                  89858370    000000d8                         : vps_init_ti8107.oem3 (.data:deiMdrvInitParams)
                  89858448    000000c0                         : vps_init_ti8107.oem3 (.data:deiInitParams)
                  89858508    000000ac                         : vpshal_comp.oem3 (.data:compObj)
                  898585b4    000000ac                         : vpshal_sdvenc.oem3 (.data)
                  89858660    000000a0                         : vpshal_sdvenc.oem3 (.data:standardModes)
                  89858700    00000098                         : vps_init_ti8107.oem3 (.data:dcInitParams)
                  89858798    00000098     m2mNsf_subframe_pem3.oem3 (.data:ti_sysbios_utils_Load_Module__state__V)
                  89858830    00000080     M2mNsf_main_subframe.oem3 (.data:gNsfApp_chWidthHeightList)
                  898588b0    00000080     m2mNsf_subframe_pem3.oem3 (.data:ti_sysbios_knl_Swi_Module_State_0_readyQ__A)
                  89858930    00000080     m2mNsf_subframe_pem3.oem3 (.data:ti_sysbios_knl_Task_Module_State_0_readyQ__A)
                  898589b0    0000007c     hdvpss_drivers.aem3 : vpshal_hdvenc.oem3 (.data:VpsHalHdVencCosineTable)
                  89858a2c    0000007c                         : vpshal_hdvenc.oem3 (.data:VpsHalHdVencSineTable)
                  89858aa8    0000007c                         : vpshal_sdvenc.oem3 (.data:VpsHalSdVencCosineTable)
                  89858b24    0000007c                         : vpshal_sdvenc.oem3 (.data:VpsHalSdVencSineTable)
                  89858ba0    00000078     rtsv7M3_T_le_eabi.lib : lowlev.obj (.data:_device)
                  89858c18    00000078     hdvpss_drivers.aem3 : vps_init_ti8107.oem3 (.data:scMdrvInitParams)
                  89858c90    00000070     rtsv7M3_T_le_eabi.lib : xlvalues.obj (.data)
                  89858d00    0000006c     hdvpss_drivers.aem3 : vpshal_hdvenc.oem3 (.data:vpsHalHsvCoeff)
                  89858d6c    00000051                         : vpscore_vipResCommon.oem3 (.data)
                  89858dbd    00000003     --HOLE-- [fill = 0]
                  89858dc0    00000050                         : vpshal_grpx.oem3 (.data:GrpxScHorzAFCoeff)
                  89858e10    00000050                         : vpshal_grpx.oem3 (.data:GrpxScHorzUpScaleCoeff)
                  89858e60    00000050     rtsv7M3_T_le_eabi.lib : lowlev.obj (.data:_stream)
                  89858eb0    00000050     hdvpss_drivers.aem3 : vps_init_ti8107.oem3 (.data:displayDrvInitPrms)
                  89858f00    00000050                         : vps_init_ti8107.oem3 (.data:scInstParams)
                  89858f50    00000050     m2mNsf_subframe_pem3.oem3 (.data:ti_sysbios_family_arm_m3_Hwi_Module_State_0_priorities__A)
                  89858fa0    00000050     m2mNsf_subframe_pem3.oem3 (.data:ti_sysbios_family_arm_m3_Hwi_Module__state__V)
                  89858ff0    00000048     hdvpss_drivers.aem3 : vps_init_ti8107.oem3 (.data:gprxInitParams)
                  89859038    00000044     m2mNsf_subframe_pem3.oem3 (.data:ti_sysbios_knl_Task_Object__table__V)
                  8985907c    00000040     hdvpss_drivers.aem3 : vpshal_chrus.oem3 (.data:ChrusDefaultCoeff)
                  898590bc    00000040                         : vpshal_grpx.oem3 (.data:GrpxScVertAFCoeff)
                  898590fc    00000040                         : vpshal_grpx.oem3 (.data:GrpxScVertUpScaleCoeff)
                  8985913c    00000038                         : vpscore_vipResCommon.oem3 (.data:gVcore_vipResName)
                  89859174    00000038     m2mNsf_subframe_pem3.oem3 (.data:ti_sysbios_gates_GateMutex_Object__table__V)
                  898591ac    00000038     hdvpss_drivers.aem3 : vps_init_ti8107.oem3 (.data:vipInitParams)
                  898591e4    00000034     m2mNsf_subframe_pem3.oem3 (.data:ti_sysbios_family_arm_ducati_Timer_Object__table__V)
                  89859218    00000034     m2mNsf_subframe_pem3.oem3 (.data:ti_sysbios_knl_Task_Module__state__V)
                  8985924c    00000030     hdvpss_drivers.aem3 : vps_init_ti8107.oem3 (.data:chrusInstParams)
                  8985927c    00000030                         : vps_init_ti8107.oem3 (.data:cscInstParams)
                  898592ac    00000030                         : vps_init_ti8107.oem3 (.data:grpxDispInitParams)
                  898592dc    00000030                         : vps_init_ti8107.oem3 (.data:hdvencInstParams)
                  8985930c    00000030     m2mNsf_subframe_pem3.oem3 (.data:ti_sysbios_family_arm_m3_Hwi_Object__table__V)
                  8985933c    00000030     m2mNsf_subframe_pem3.oem3 (.data:ti_sysbios_knl_Swi_Object__table__V)
                  8985936c    00000030     m2mNsf_subframe_pem3.oem3 (.data:ti_sysbios_timers_dmtimer_Timer_Module_State_0_device__A)
                  8985939c    0000002c     m2mNsf_subframe_pem3.oem3 (.data:ti_sysbios_knl_Clock_Module__state__V)
                  898593c8    00000028     M2mNsf_main_subframe.oem3 (.data:gNsfApp_utParams)
                  898593f0    00000028     hdvpss_drivers.aem3 : vps_init_ti8107.oem3 (.data:secInitParams)
                  89859418    00000020                         : fvid2_drvMgr.oem3 (.data)

.stack     0    89859438    00004000     UNINITIALIZED
                  89859438    00004000     --HOLE--

xdc.meta   0    8c7a0000    00000172     COPY SECTION
                  8c7a0000    00000172     m2mNsf_subframe_pem3.oem3 (xdc.meta)

.text      0    8c7a0000    00099716     
                  8c7a0000    00000ea2     rtsv7M3_T_le_eabi.lib : _printfi.obj (.text)
                  8c7a0ea2    00000002     sysbios.lib : BIOS.obj (.text:nullFunc$0)
                  8c7a0ea4    00000cd0     hdvpss_drivers.aem3 : vpscore_dei.oem3 (.text:vcoreDeiProgramMosaicDesc)
                  8c7a1b74    00000acc                         : vpsdrv_dispGrpxPriv.oem3 (.text:vpsDdrvGrpxAllocDescMem)
                  8c7a2640    000009d7                         : vpsdrv_m2mSc.oem3 (.text:VpsMdrv_scCreate)
                  8c7a3017    00000001     --HOLE-- [fill = 0]
                  8c7a3018    00000910                         : vpsdrv_m2mDeiReq.oem3 (.text:vpsMdrvDeiProcessReq)
                  8c7a3928    000008d0                         : vpscore_deiApi.oem3 (.text:Vcore_deiUpdateContext)
                  8c7a41f8    000008d0                         : vpscore_bypassPriv.oem3 (.text:vcoreBpProgramMosaicDesc)
                  8c7a4ac8    000008c0                         : vpscore_deiCommon.oem3 (.text:vcoreDeiCheckParams)
                  8c7a5388    000007bc                         : vpsdrv_m2mDeiPriv.oem3 (.text:vpsMdrvDeiAllocChDescMem)
                  8c7a5b44    000007b8                         : vpsdrv_m2mDeiPriv.oem3 (.text:vpsMdrvDeiSplitChDescMem)
                  8c7a62fc    000007a0                         : vpsdrv_display.oem3 (.text:VpsDdrv_create)
                  8c7a6a9c    00000774                         : vpsdrv_m2mDeiReq.oem3 (.text:vpsMdrvDeiUpdateChDesc)
                  8c7a7210    0000076b                         : vpsdrv_m2mDeiPriv.oem3 (.text:vpsMdrvDeiProgramChDesc)
                  8c7a797b    00000001     --HOLE-- [fill = 0]
                  8c7a797c    0000075c                         : vpscore_dei.oem3 (.text:vcoreDeiProgramDesc)
                  8c7a80d8    00000720                         : vps_dctrl.oem3 (.text:Dc_init)
                  8c7a87f8    00000700                         : vpsdrv_m2mSc.oem3 (.text:vpsMdrvScUpdateDescs)
                  8c7a8ef8    000006f4                         : vps_evtMgr.oem3 (.text:vemFillClientInfo)
                  8c7a95ec    000006d8                         : vpsdrv_display.oem3 (.text:vpsDeiDdrvCheckRtParams)
                  8c7a9cc4    000006d4                         : vpsdrv_displayPriv.oem3 (.text:vpsDrvAllocSliceCoreMem)
                  8c7aa398    000006d4                         : vpsdrv_m2mDeiReq.oem3 (.text:vpsMdrvDeiRotateCtxBufMode1)
                  8c7aaa6c    000006b8                         : vps_dlm.oem3 (.text:VpsDlm_updateDescMem)
                  8c7ab124    000006a8                         : vpscore_deiCommon.oem3 (.text:vcoreDeiCreateLayout)
                  8c7ab7cc    00000698                         : vpscore_bypassPriv.oem3 (.text:vcoreBpCreateLayout)
                  8c7abe64    00000690                         : vpsdrv_dispGrpx.oem3 (.text:vpsDdrvGrpxUpdateBufIsr)
                  8c7ac4f4    0000068c                         : vpsdrv_m2mDeiCore.oem3 (.text:vpsMdrvDeiCfgDeiHqCore)
                  8c7acb80    00000674                         : vpscore_secPath.oem3 (.text:secProgramDataDesc)
                  8c7ad1f4    0000066c                         : vpscore_deiApi.oem3 (.text:Vcore_deiUpdateMultiDesc)
                  8c7ad860    0000066c                         : vpsdrv_m2mDeiApi.oem3 (.text:vpsMdrvDeiSetScCoeffIoctl)
                  8c7adecc    0000065c                         : vpshal_vpdmaMosaic.oem3 (.text:VpsHal_vpdmaSetupMosaicCfg)
                  8c7ae528    00000644                         : vpsdrv_m2mDeiCore.oem3 (.text:vpsMdrvDeiCfgDeiCore)
                  8c7aeb6c    00000632                         : vps_dlm.oem3 (.text:VpsDlm_startStopClients)
                  8c7af19e    00000002     sysbios.lib : BIOS.obj (.text:ti_sysbios_gates_GateHwi_Instance_init__F)
                  8c7af1a0    0000062c     hdvpss_drivers.aem3 : vpsdrv_m2mDeiReq.oem3 (.text:vpsMdrvDeiUpdateRtParams)
                  8c7af7cc    00000628                         : vpsdrv_display.oem3 (.text:vpsDdrvUpdateBufIsr)
                  8c7afdf4    00000618                         : vpsdrv_captureList.oem3 (.text:Vps_CaptTskPutCaptFrm)
                  8c7b040c    00000608                         : vps_dctrlIntPriv.oem3 (.text:Dc_startClient)
                  8c7b0a14    00000604                         : vpsdrv_displayPriv.oem3 (.text:vpsDdrvCheckDeiDispParams)
                  8c7b1018    000005cc                         : vpsdrv_dispGrpx.oem3 (.text:VpsDdrv_grpxCreate)
                  8c7b15e4    000005c0                         : vpscore_bypass.oem3 (.text:Vcore_bpUpdateMultiDesc)
                  8c7b1ba4    000005c0                         : vpsdrv_m2mDeiApi.oem3 (.text:VpsMdrv_deiCreate)
                  8c7b2164    000005b4                         : vps_dlmPriv.oem3 (.text:vpsDlmAllocListObject)
                  8c7b2718    000005a8     M2mNsf_main_subframe.oem3 (.text:NsfApp_run)
                  8c7b2cc0    000005a4     hdvpss_drivers.aem3 : vpscore_secPath.oem3 (.text:secCheckFormat)
                  8c7b3264    000005a0                         : vpsdrv_m2mSc.oem3 (.text:vpsMdrvScUpdateDescList)
                  8c7b3804    0000057c                         : vpsdrv_m2mDeiPriv.oem3 (.text:vpsMdrvDeiCopyChPrms)
                  8c7b3d80    00000578                         : vpscore_graphics.oem3 (.text:vcoreGrpxSetParams)
                  8c7b42f8    00000564                         : vpsdrv_display.oem3 (.text:vpsDdrvStartIoctl)
                  8c7b485c    00000554                         : vps_init_ti8107.oem3 (.text:vpsiHalOpen)
                  8c7b4db0    0000054c                         : vpscore_vip.oem3 (.text:Vcore_vipProgramReg)
                  8c7b52fc    00000546                         : vpshal_vpdmaMosaic.oem3 (.text:determineWindowOrder)
                  8c7b5842    00000002     --HOLE-- [fill = 0]
                  8c7b5844    00000538                         : vpsdrv_m2mDeiPriv.oem3 (.text:vpsMdrvDeiAllocHandleObj)
                  8c7b5d7c    0000052c                         : vpsdrv_displayPriv.oem3 (.text:vpsDdrvConfigDeiCore)
                  8c7b62a8    00000528                         : vpscore_vip.oem3 (.text:Vcore_vipUpdateRtMem)
                  8c7b67d0    00000528                         : vpsdrv_m2mDeiReq.oem3 (.text:VpsMdrvDeiGetScFactorConfig)
                  8c7b6cf8    00000524                         : vpsdrv_m2mSc.oem3 (.text:VpsMdrv_scControl)
                  8c7b721c    0000051e                         : vps_dlm.oem3 (.text:VpsDlm_unLinkDctrlClient)
                  8c7b773a    00000002     --HOLE-- [fill = 0]
                  8c7b773c    0000051c                         : vpscore_dei.oem3 (.text:vcoreDeiProgramPrevFldDesc)
                  8c7b7c58    0000050c                         : vps_dctrlIntPriv.oem3 (.text:Dc_stopClient)
                  8c7b8164    00000500                         : vpsdrv_m2mDeiPriv.oem3 (.text:vpsMdrvDeiCalcChCtxMem)
                  8c7b8664    00000500                         : vpsdrv_m2mDeiApi.oem3 (.text:vpsMdrvDeiGetCtxBufIoctl)
                  8c7b8b64    000004f8                         : vpshal_hdvenc.oem3 (.text:VpsHal_hdVencSetControl)
                  8c7b905c    000004f8                         : vps_dctrlIntPriv.oem3 (.text:dcEnableInputPaths)
                  8c7b9554    000004f2                         : vpsdrv_m2mDeiReq.oem3 (.text:vpsMdrvDeiExtractComprSize)
                  8c7b9a46    00000002     --HOLE-- [fill = 0]
                  8c7b9a48    000004de                         : vpsdrv_displayPriv.oem3 (.text:vpsDdrvSliceCoreMem)
                  8c7b9f26    00000002     --HOLE-- [fill = 0]
                  8c7b9f28    000004d2                         : vps_dlm.oem3 (.text:vpsDlmSendInterruptIsr)
                  8c7ba3fa    00000002     --HOLE-- [fill = 0]
                  8c7ba3fc    000004c1                         : vpshal_vpdmaMosaic.oem3 (.text:splitWindowsOnXAxis)
                  8c7ba8bd    00000003     --HOLE-- [fill = 0]
                  8c7ba8c0    000004bc                         : vpscore_vipResCommon.oem3 (.text:Vcore_vipCreateConfigOvly)
                  8c7bad7c    000004a6                         : vps_evtMgr.oem3 (.text:Vem_unRegister)
                  8c7bb222    00000002     --HOLE-- [fill = 0]
                  8c7bb224    000004a6                         : vpsdrv_m2mSlice.oem3 (.text:printHsubFrameInfo)
                  8c7bb6ca    00000002     --HOLE-- [fill = 0]
                  8c7bb6cc    000004a4     M2mNsf_main_subframe.oem3 (.text:NsfApp_drvObjInit)
                  8c7bbb70    000004a4     hdvpss_drivers.aem3 : vpscore_graphics.oem3 (.text:Vcore_grpxUpdateMultiDesc)
                  8c7bc014    00000498                         : vpsdrv_dispGrpx.oem3 (.text:vpsDdrvGrpxStartIoctl)
                  8c7bc4ac    0000048c                         : vpsdrv_display.oem3 (.text:VpsDdrv_delete)
                  8c7bc938    00000488                         : vps_dctrlIntPriv.oem3 (.text:Dc_setInputFrameSize)
                  8c7bcdc0    00000488                         : vpscore_bypassPriv.oem3 (.text:vcoreBpProgramDesc)
                  8c7bd248    0000047c                         : vps_mlm.oem3 (.text:Mlm_submit)
                  8c7bd6c4    00000478                         : vps_dctrlIntPriv.oem3 (.text:Dc_getPathInfo)
                  8c7bdb3c    00000470                         : vpsdrv_m2mDeiCore.oem3 (.text:vpsMdrvDeiOpenCores)
                  8c7bdfac    00000468                         : vpsdrv_dispGrpxPriv.oem3 (.text:vpsDdrvGrpxPrivInit)
                  8c7be414    00000462                         : vpscore_dei.oem3 (.text:vcoreDeiFigureOutState)
                  8c7be876    00000002     --HOLE-- [fill = 0]
                  8c7be878    0000045c                         : vpsdrv_m2mDeiApi.oem3 (.text:vpsMdrvDeiSetCtxBufIoctl)
                  8c7becd4    00000458                         : vpsdrv_m2mDeiPlatform.oem3 (.text:vpsMdrvDeiOverridePrevFldBufIoctl)
                  8c7bf12c    00000454                         : vpscore_deiHal.oem3 (.text:vcoreDeiProgramReg)
                  8c7bf580    00000454                         : vpsdrv_m2mDeiApi.oem3 (.text:vpsMdrvDeiCheckParams)
                  8c7bf9d4    00000450                         : vpsdrv_m2mSc.oem3 (.text:vpsMdrvScOpenCores)
                  8c7bfe24    0000044c                         : vpshal_hdvenc.oem3 (.text:VpsHal_hdVencSetConfig)
                  8c7c0270    00000448                         : vpsdrv_captureApi.oem3 (.text:Vps_captPrintAdvancedStatistics)
                  8c7c06b8    00000444                         : vpsdrv_m2mSc.oem3 (.text:vpsMdrvScSetChPrms)
                  8c7c0afc    0000043e                         : vpscore_graphics.oem3 (.text:Vcore_grpxSetParams)
                  8c7c0f3a    00000002     --HOLE-- [fill = 0]
                  8c7c0f3c    0000043c                         : vpsdrv_display.oem3 (.text:vpsDeiDdrvUpdateRtParams)
                  8c7c1378    00000439                         : vpscore_vipResCommon.oem3 (.text:Vcore_vipResAlloc)
                  8c7c17b1    00000003     --HOLE-- [fill = 0]
                  8c7c17b4    00000434                         : vpscore_bypassPriv.oem3 (.text:vcoreBpCheckFmt)
                  8c7c1be8    00000430                         : vpsdrv_m2mSc.oem3 (.text:vpsMdrvScGetScFactorConfig)
                  8c7c2018    0000042c                         : vpscore_vipResCommon.oem3 (.text:Vcore_vipSetMux)
                  8c7c2444    00000424                         : vpshal_sc.oem3 (.text:VpsHal_scGetConfig)
                  8c7c2868    00000421                         : vpshal_vpdmaMosaic.oem3 (.text:splitWindowsOnYAxis)
                  8c7c2c89    00000003     --HOLE-- [fill = 0]
                  8c7c2c8c    0000041c                         : vps_dctrl.oem3 (.text:dcConfigVencMode)
                  8c7c30a8    0000040c                         : vpsdrv_m2mDeiPriv.oem3 (.text:vpsMdrvDeiFreeHandleObj)
                  8c7c34b4    00000408                         : vpscore_dei.oem3 (.text:vcoreDeiProgramMvstmDesc)
                  8c7c38bc    00000404                         : vps_dctrlIntPriv.oem3 (.text:dcGetResources)
                  8c7c3cc0    00000404                         : vpscore_dei.oem3 (.text:vcoreDeiProgramMvDesc)
                  8c7c40c4    00000402                         : vpsdrv_m2mScPriv.oem3 (.text:vpsMdrvScUpdateChPrms)
                  8c7c44c6    00000002     --HOLE-- [fill = 0]
                  8c7c44c8    000003f9                         : vpshal_cig.oem3 (.text:VpsHal_cigSetPipConfig)
                  8c7c48c1    00000003     --HOLE-- [fill = 0]
                  8c7c48c4    000003f4                         : vpsdrv_display.oem3 (.text:vpsDdrvUpdateRtParams)
                  8c7c4cb8    000003f0                         : vpsdrv_display.oem3 (.text:vpsDdrvUpdateCoreRtParams)
                  8c7c50a8    000003ec     hdvpss_platform.aem3 : vps_platformTI8107.oem3 (.text:Vps_platformTI8107SetPinMux)
                  8c7c5494    000003e8     hdvpss_drivers.aem3 : vpsdrv_captureApi.oem3 (.text:Vps_captCreateChObj)
                  8c7c587c    000003e7                         : vpsdrv_m2mSc.oem3 (.text:vpsMdrvScCreateCfgDescs)
                  8c7c5c63    00000001     --HOLE-- [fill = 0]
                  8c7c5c64    000003e6                         : vps_dlm.oem3 (.text:vpsDlmProcessStartStopReq)
                  8c7c604a    00000002     --HOLE-- [fill = 0]
                  8c7c604c    000003e4                         : vpsdrv_captureApi.oem3 (.text:Vps_captCreate)
                  8c7c6430    000003de                         : vpsdrv_display.oem3 (.text:vpsDdrvCreateLayoutIoctl)
                  8c7c680e    00000002     --HOLE-- [fill = 0]
                  8c7c6810    000003d9                         : vpscore_grpxPriv.oem3 (.text:vcoreGrpxCheckPitchDataFormat)
                  8c7c6be9    00000003     --HOLE-- [fill = 0]
                  8c7c6bec    000003d8     sysbios.lib : BIOS.obj (.text:ti_sysbios_family_arm_m3_Hwi_excDumpRegs__I)
                  8c7c6fc4    000003d8     hdvpss_drivers.aem3 : vpsdrv_m2mDeiPriv.oem3 (.text:vpsMdrvDeiInit)
                  8c7c739c    000003d4                         : vpsdrv_captureApi.oem3 (.text:Vps_captCreateQueues)
                  8c7c7770    000003d4                         : vpsdrv_displayPriv.oem3 (.text:vpsDdrvProgramReg)
                  8c7c7b44    000003cc                         : vpshal_vpdmaMosaic.oem3 (.text:makeYAxisSplitterList)
                  8c7c7f10    000003c8                         : vpscore_secPath.oem3 (.text:Vcore_secOpen)
                  8c7c82d8    000003c8                         : vpshal_vpdma.oem3 (.text:VpsHal_vpdmaPostList)
                  8c7c86a0    000003c2                         : vpsdrv_displayPriv.oem3 (.text:vpsDdrvConfigDctrl)
                  8c7c8a62    00000002     --HOLE-- [fill = 0]
                  8c7c8a64    000003c0                         : vpsdrv_m2mDeiCore.oem3 (.text:vpsMdrvDeiWrAdvCfgIoctl)
                  8c7c8e24    000003bc                         : vps_dctrl.oem3 (.text:Vps_dcControl)
                  8c7c91e0    000003bc                         : vpsdrv_m2mDeiCore.oem3 (.text:vpsMdrvDeiHqWrAdvCfgIoctl)
                  8c7c959c    000003ba                         : vpshal_sc.oem3 (.text:VpsHal_scGetScFactorConfig)
                  8c7c9956    00000002     --HOLE-- [fill = 0]
                  8c7c9958    000003b4                         : vpshal_sc.oem3 (.text:VpsHal_scInit)
                  8c7c9d0c    000003ac                         : vpshal_vpdma.oem3 (.text:VpsHal_vpdmaInit)
                  8c7ca0b8    000003a8                         : vpscore_vipResCommon.oem3 (.text:Vcore_vipRestoreMux)
                  8c7ca460    000003a4                         : vpscore_vip.oem3 (.text:Vcore_vipInit)
                  8c7ca804    000003a4                         : vpsdrv_captureList.oem3 (.text:Vps_captTskUpdateList)
                  8c7caba8    0000039f                         : vps_dlmPriv.oem3 (.text:vpsDlmLinkClientDesc)
                  8c7caf47    00000001     --HOLE-- [fill = 0]
                  8c7caf48    0000039c                         : vpscore_deiHal.oem3 (.text:vcoreDeiProgramFrmSizeReg)
                  8c7cb2e4    0000039a                         : vpscore_scWrbkPath.oem3 (.text:Vcore_swpControl)
                  8c7cb67e    00000002     --HOLE-- [fill = 0]
                  8c7cb680    00000395                         : vpshal_dei.oem3 (.text:VpsHal_deiSetFmdConfig)
                  8c7cba15    00000003     --HOLE-- [fill = 0]
                  8c7cba18    00000390                         : vpscore_deiApi.oem3 (.text:vcoreDeiUpdateRtPrms)
                  8c7cbda8    0000038e                         : vpshal_hdvenc.oem3 (.text:hdVencSetModeTiming)
                  8c7cc136    00000002     --HOLE-- [fill = 0]
                  8c7cc138    0000038a                         : vps_dlm.oem3 (.text:vpsDlmCheckStartStopPrms)
                  8c7cc4c2    00000002     --HOLE-- [fill = 0]
                  8c7cc4c4    00000386                         : vpsdrv_dispGrpx.oem3 (.text:VpsDdrv_grpxDelete)
                  8c7cc84a    00000002     --HOLE-- [fill = 0]
                  8c7cc84c    00000384                         : vpsdrv_captureApi.oem3 (.text:Vps_captSubFrameInitArgs)
                  8c7ccbd0    00000380                         : vpscore_grpxPriv.oem3 (.text:vcoreGrpxPrivInit)
                  8c7ccf50    0000037c                         : vpsdrv_m2mNsfChannel.oem3 (.text:Vps_nsfChannelUpdateDescSet)
                  8c7cd2cc    00000376                         : vpscore_vipResSingleChYuv422.oem3 (.text:Vcore_vipResAllocSingleChYuv422PathYuv422Out)
                  8c7cd642    00000002     --HOLE-- [fill = 0]
                  8c7cd644    00000375                         : vpsdrv_dispGrpx.oem3 (.text:VpsDdrvGrpxUpdateDesc)
                  8c7cd9b9    00000003     --HOLE-- [fill = 0]
                  8c7cd9bc    00000374                         : vpshal_sc.oem3 (.text:scCheckParams)
                  8c7cdd30    00000374                         : vpscore_dei.oem3 (.text:vcoreDeiProgramCurOutDesc)
                  8c7ce0a4    00000374                         : vps_dlmPriv.oem3 (.text:vpsDlmPrivInit)
                  8c7ce418    00000370                         : vpshal_vpdma.oem3 (.text:VpsHal_vpdmaLoadStateMachine)
                  8c7ce788    0000036c     rtsv7M3_T_le_eabi.lib : lowlev.obj (.text)
                  8c7ceaf4    00000362     hdvpss_drivers.aem3 : vpsdrv_dispGrpxPriv.oem3 (.text:vpsDdrvGrpxSetCore)
                  8c7cee56    00000002     --HOLE-- [fill = 0]
                  8c7cee58    0000035c                         : vpscore_deiApi.oem3 (.text:Vcore_deiProgramReg)
                  8c7cf1b4    00000358                         : vpscore_vipResCommon.oem3 (.text:Vcore_vipGetConfigOvlySize)
                  8c7cf50c    00000358                         : vpsdrv_m2mNsfChannel.oem3 (.text:Vps_nsfChannelSetProcessingCfg)
                  8c7cf864    00000340                         : vpshal_hdvenc.oem3 (.text:VpsHal_hdVencSetMode)
                  8c7cfba4    00000340                         : vps_dctrlIntPriv.oem3 (.text:dcCreateRtConfigOverlay)
                  8c7cfee4    00000340                         : vpscore_vip.oem3 (.text:vcoreVipScGetAdvConfig)
                  8c7d0224    0000033e                         : vps_dctrlHalPriv.oem3 (.text:dcConfigHal)
                  8c7d0562    00000002     --HOLE-- [fill = 0]
                  8c7d0564    0000033c                         : vpshal_vpdma.oem3 (.text:VpsHal_vpdmaCreateConfigDesc)
                  8c7d08a0    0000033c                         : vpscore_deiCommon.oem3 (.text:vcoreDeiSetDefChInfo)
                  8c7d0bdc    0000033a                         : vpsdrv_m2mScPriv.oem3 (.text:vpsMdrvScAllocDescMem)
                  8c7d0f16    00000002     --HOLE-- [fill = 0]
                  8c7d0f18    00000336                         : vpsdrv_m2mDeiCore.oem3 (.text:vpsMdrvDeiGetSocCh)
                  8c7d124e    00000002     --HOLE-- [fill = 0]
                  8c7d1250    00000333                         : vpsdrv_displayPriv.oem3 (.text:vpsDdrvConfigBpSecCore)
                  8c7d1583    00000001     --HOLE-- [fill = 0]
                  8c7d1584    0000032f                         : vps_dlmPriv.oem3 (.text:vpsDlmLinkListCtrlDesc)
                  8c7d18b3    00000001     --HOLE-- [fill = 0]
                  8c7d18b4    0000032d                         : vpshal_sc.oem3 (.text:VpsHal_scSetConfig)
                  8c7d1be1    00000003     --HOLE-- [fill = 0]
                  8c7d1be4    0000032c                         : vpsdrv_captureLm.oem3 (.text:Vps_captLmPrintAdvancedStatistics)
                  8c7d1f10    0000032c                         : vps_dctrl.oem3 (.text:dcCtrlNodeInput)
                  8c7d223c    00000328                         : vps_evtMgr.oem3 (.text:Vem_masterISR)
                  8c7d2564    00000324     M2mNsf_main_subframe.oem3 (.text:NsfApp_init)
                  8c7d2888    00000324     hdvpss_drivers.aem3 : vpscore_graphics.oem3 (.text:Vcore_grpxUpdateDesc)
                  8c7d2bac    00000323                         : vps_dlm.oem3 (.text:vpsDlmListCompleteIsr)
                  8c7d2ecf    00000001     --HOLE-- [fill = 0]
                  8c7d2ed0    00000323                         : vps_dlmPriv.oem3 (.text:vpsDlmUnlinkClientDesc)
                  8c7d31f3    00000001     --HOLE-- [fill = 0]
                  8c7d31f4    00000322                         : vpscore_secPath.oem3 (.text:Vcore_secSetFormat)
                  8c7d3516    00000002     --HOLE-- [fill = 0]
                  8c7d3518    00000320                         : vps_dctrl.oem3 (.text:dcSetVencClkSrc)
                  8c7d3838    0000031c                         : vpscore_scWrbkPath.oem3 (.text:Vcore_swpInit)
                  8c7d3b54    0000031c                         : vpscore_vip.oem3 (.text:vcoreVipScSetAdvConfig)
                  8c7d3e70    0000031a                         : vpsdrv_dispGrpx.oem3 (.text:vpsDdrvGrpxFbUpdateBufIsr)
                  8c7d418a    00000002     --HOLE-- [fill = 0]
                  8c7d418c    00000316                         : vpscore_vip.oem3 (.text:vcoreVipProgramDesc)
                  8c7d44a2    00000002     --HOLE-- [fill = 0]
                  8c7d44a4    00000314                         : vpscore_secPath.oem3 (.text:Vcore_secInit)
                  8c7d47b8    00000314                         : vpsdrv_m2mDeiPlatform.oem3 (.text:vpsMdrvDeiReleaseCtxFields)
                  8c7d4acc    00000312                         : vpsdrv_m2mDeiApi.oem3 (.text:VpsMdrv_deiDelete)
                  8c7d4dde    00000002     --HOLE-- [fill = 0]
                  8c7d4de0    00000310     ti.targets.arm.rtsarm.aem3 : System.oem3 (.text:xdc_runtime_System_doPrint__I)
                  8c7d50f0    0000030e     hdvpss_drivers.aem3 : vpscore_graphics.oem3 (.text:Vcore_grpxOpen)
                  8c7d53fe    00000002     --HOLE-- [fill = 0]
                  8c7d5400    0000030c                         : vpscore_deiHal.oem3 (.text:vcoreDeiInitHalParams)
                  8c7d570c    0000030c                         : vpsdrv_dispGrpx.oem3 (.text:vpsDdrvGrpxUpdateRtParams)
                  8c7d5a18    0000030a                         : vpscore_graphics.oem3 (.text:Vcore_grpxUpdateRtMem)
                  8c7d5d22    00000002     --HOLE-- [fill = 0]
                  8c7d5d24    00000309                         : vpshal_sc.oem3 (.text:VpsHal_scSetAdvConfig)
                  8c7d602d    00000003     --HOLE-- [fill = 0]
                  8c7d6030    00000308                         : vpsdrv_captureList.oem3 (.text:Vps_captAddFrmToList)
                  8c7d6338    00000308                         : vpsdrv_m2mDeiPlatform.oem3 (.text:vpsMdrvDeiAgeCtxBufs)
                  8c7d6640    00000304                         : vpshal_csc.oem3 (.text:VpsHal_cscSetConfig)
                  8c7d6944    00000304                         : vpsdrv_m2mDeiPriv.oem3 (.text:vpsMdrvDeiFreeCoreMem)
                  8c7d6c48    00000303                         : vpshal_grpx.oem3 (.text:VpsHal_grpxRegionParamsCheck)
                  8c7d6f4b    00000001     --HOLE-- [fill = 0]
                  8c7d6f4c    00000302                         : vpsdrv_m2mDeiPriv.oem3 (.text:vpsMdrvDeiAllocSplitHandleDescMem)
                  8c7d724e    00000002     --HOLE-- [fill = 0]
                  8c7d7250    00000300                         : vpsdrv_displayPriv.oem3 (.text:vpsDdrvPrivInit)
                  8c7d7550    000002fe                         : vpshal_vpdmaMosaic.oem3 (.text:printWindowsSplitParams)
                  8c7d784e    00000002     --HOLE-- [fill = 0]
                  8c7d7850    000002fa                         : vpsdrv_dispGrpxPriv.oem3 (.text:vpsDdrvGrpxConfigDctrl)
                  8c7d7b4a    00000002     --HOLE-- [fill = 0]
                  8c7d7b4c    000002f9                         : vpsdrv_m2mDeiCore.oem3 (.text:vpsMdrvDeiRdAdvCfgIoctl)
                  8c7d7e45    00000003     --HOLE-- [fill = 0]
                  8c7d7e48    000002f8                         : vpscore_deiApi.oem3 (.text:Vcore_deiUpdateDesc)
                  8c7d8140    000002f8                         : vpsdrv_captureList.oem3 (.text:Vps_captAddToList)
                  8c7d8438    000002f8                         : vpsdrv_m2mDeiPriv.oem3 (.text:vpsMdrvDeiAllocChObjs)
                  8c7d8730    000002f8                         : vps_init_ti8107.oem3 (.text:vpsiHalInit)
                  8c7d8a28    000002f7                         : vpsdrv_m2mDeiCore.oem3 (.text:vpsMdrvDeiHqRdAdvCfgIoctl)
                  8c7d8d1f    00000001     --HOLE-- [fill = 0]
                  8c7d8d20    000002f5                         : vpshal_vpdma.oem3 (.text:VpsHal_vpdmaCreateRegionDataDesc)
                  8c7d9015    00000003     --HOLE-- [fill = 0]
                  8c7d9018    000002f3                         : vpsdrv_m2mDeiCore.oem3 (.text:vpsMdrvDeiScRdAdvCfgIoctl)
                  8c7d930b    00000001     --HOLE-- [fill = 0]
                  8c7d930c    000002f3                         : vpsdrv_m2mDeiCore.oem3 (.text:vpsMdrvDeiScWrAdvCfgIoctl)
                  8c7d95ff    00000001     --HOLE-- [fill = 0]
                  8c7d9600    000002f0                         : vpshal_hdvenc.oem3 (.text:VpsHal_hdvencInit)
                  8c7d98f0    000002f0                         : vpsdrv_captureList.oem3 (.text:Vps_CaptTskPutCaptField)
                  8c7d9be0    000002f0                         : vpsdrv_captureList.oem3 (.text:Vps_captInitializeList)
                  8c7d9ed0    000002f0                         : vpsdrv_captureList.oem3 (.text:Vps_captTskSubmitFrameList)
                  8c7da1c0    000002f0                         : vpsdrv_m2mSc.oem3 (.text:vpsMdrvScSetCoeffQObj)
                  8c7da4b0    000002ee                         : vpscore_deiHal.oem3 (.text:vcoreDeiScGetAdvCfgIoctl)
                  8c7da79e    00000002     --HOLE-- [fill = 0]
                  8c7da7a0    000002ec                         : vpshal_comp.oem3 (.text:VpsHal_compInit)
                  8c7daa8c    000002ec                         : vpsdrv_captureVip.oem3 (.text:Vps_captVipParserConfigSetup)
                  8c7dad78    000002ec     rtsv7M3_T_le_eabi.lib : trgdrv.obj (.text)
                  8c7db064    000002ec     hdvpss_drivers.aem3 : vpsdrv_display.oem3 (.text:vpsDdrvSetDeiDispParamIoctl)
                  8c7db350    000002ea                         : vpsdrv_m2mSc.oem3 (.text:vpsMdrvScGetDescInfo)
                  8c7db63a    00000002     --HOLE-- [fill = 0]
                  8c7db63c    000002e8                         : vpscore_deiWrbkPath.oem3 (.text:Vcore_dwpUpdateRtMem)
                  8c7db924    000002e2                         : vpscore_grpxPriv.oem3 (.text:vcoreGrpxCheckFormat)
                  8c7dbc06    00000002     --HOLE-- [fill = 0]
                  8c7dbc08    000002e1                         : vpscore_deiApi.oem3 (.text:Vcore_deiUpdateRtMem)
                  8c7dbee9    00000003     --HOLE-- [fill = 0]
                  8c7dbeec    000002de                         : vpscore_deiApi.oem3 (.text:Vcore_deiControl)
                  8c7dc1ca    00000002     --HOLE-- [fill = 0]
                  8c7dc1cc    000002dc                         : vps_init_ti8107.oem3 (.text:vpsiCoreInit)
                  8c7dc4a8    000002da                         : vpscore_deiWrbkPath.oem3 (.text:Vcore_dwpOpen)
                  8c7dc782    00000002     --HOLE-- [fill = 0]
                  8c7dc784    000002da                         : vpscore_vip.oem3 (.text:Vcore_vipOpen)
                  8c7dca5e    00000002     --HOLE-- [fill = 0]
                  8c7dca60    000002da                         : vpsdrv_m2mSc.oem3 (.text:vpsMdrvScInitDescAndRegs)
                  8c7dcd3a    00000002     --HOLE-- [fill = 0]
                  8c7dcd3c    000002d9                         : vpshal_vpdma.oem3 (.text:VpsHal_vpdmaCreateOutBoundDataDesc)
                  8c7dd015    00000003     --HOLE-- [fill = 0]
                  8c7dd018    000002d8                         : vpsdrv_captureList.oem3 (.text:Vps_captTskSubmitFieldList)
                  8c7dd2f0    000002d6                         : vpsdrv_dispGrpx.oem3 (.text:vpsDdrvGrpxSetParams)
                  8c7dd5c6    00000002     --HOLE-- [fill = 0]
                  8c7dd5c8    000002d5                         : vpsdrv_m2mSc.oem3 (.text:vpsMdrvScCheckPerChParams)
                  8c7dd89d    00000003     --HOLE-- [fill = 0]
                  8c7dd8a0    000002d1                         : vpscore_secPath.oem3 (.text:Vcore_secUpdateRtMem)
                  8c7ddb71    00000003     --HOLE-- [fill = 0]
                  8c7ddb74    000002d0                         : vpsdrv_captureList.oem3 (.text:Vps_captMakeList)
                  8c7dde44    000002cf                         : vpsdrv_m2mDeiApi.oem3 (.text:vpsMdrvDeiSetScLazyLoadingIoctl)
                  8c7de113    00000001     --HOLE-- [fill = 0]
                  8c7de114    000002ce                         : vpshal_vpdma.oem3 (.text:VpsHal_vpdmaCreateInBoundDataDesc)
                  8c7de3e2    00000002     --HOLE-- [fill = 0]
                  8c7de3e4    000002ce                         : vps_dctrl.oem3 (.text:dcSetConfig)
                  8c7de6b2    00000002     --HOLE-- [fill = 0]
                  8c7de6b4    000002ce                         : vpscore_deiHal.oem3 (.text:vcoreDeiScSetAdvCfgIoctl)
                  8c7de982    00000002     --HOLE-- [fill = 0]
                  8c7de984    000002c8                         : vpshal_vcomp.oem3 (.text:VpsHal_vcompInit)
                  8c7dec4c    000002c8                         : vpsdrv_captureApi.oem3 (.text:Vps_captAllocPath)
                  8c7def14    000002c4                         : vpscore_vipResCommon.oem3 (.text:Vcore_vipResInit)
                  8c7df1d8    000002c0                         : vpshal_cig.oem3 (.text:VpsHal_cigSetRtConfig)
                  8c7df498    000002c0                         : vpsdrv_m2mSlice.oem3 (.text:vpsMdrvScSubFrameCalcInfo)
                  8c7df758    000002bc                         : fvid2_drvMgr.oem3 (.text:FVID2_create)
                  8c7dfa14    000002bb                         : vpscore_deiWrbkPath.oem3 (.text:vcoreDwpProgramDesc)
                  8c7dfccf    00000001     --HOLE-- [fill = 0]
                  8c7dfcd0    000002bb                         : vpscore_vip.oem3 (.text:vcoreVipCheckParams)
                  8c7dff8b    00000001     --HOLE-- [fill = 0]
                  8c7dff8c    000002b8                         : vpscore_vip.oem3 (.text:Vcore_vipUpdateDesc)
                  8c7e0244    000002b8                         : vpshal_dei.oem3 (.text:VpsHal_deiSetAdvConfig)
                  8c7e04fc    000002b6                         : vpscore_dei.oem3 (.text:vcoreDeiUpdateMode)
                  8c7e07b2    00000002     --HOLE-- [fill = 0]
                  8c7e07b4    000002b5                         : vpscore_secPath.oem3 (.text:Vcore_secUpdateDesc)
                  8c7e0a69    00000003     --HOLE-- [fill = 0]
                  8c7e0a6c    000002b5                         : vpsdrv_m2mDeiCore.oem3 (.text:vpsMdrvDeiCfgVipCore)
                  8c7e0d21    00000003     --HOLE-- [fill = 0]
                  8c7e0d24    000002b4                         : vpshal_sdvenc.oem3 (.text:VpsHal_sdVencSetConfig)
                  8c7e0fd8    000002b4                         : vpsdrv_m2mScPriv.oem3 (.text:VpsMdrv_scInit)
                  8c7e128c    000002b2                         : vps_dlm.oem3 (.text:VpsDlm_setDescMem)
                  8c7e153e    00000002     --HOLE-- [fill = 0]
                  8c7e1540    000002b0                         : vpsdrv_captureLm.oem3 (.text:Vps_captLmPostDescList)
                  8c7e17f0    000002af                         : fvid2_drvMgr.oem3 (.text:FVID2_checkProcessList)
                  8c7e1a9f    00000001     --HOLE-- [fill = 0]
                  8c7e1aa0    000002ae                         : vpscore_scWrbkPath.oem3 (.text:Vcore_swpOpen)
                  8c7e1d4e    00000002     --HOLE-- [fill = 0]
                  8c7e1d50    000002ac                         : vpscore_bypass.oem3 (.text:Vcore_bpUpdateRtMem)
                  8c7e1ffc    000002ac                         : vpsdrv_display.oem3 (.text:vpsDrvGetNextBufState)
                  8c7e22a8    000002a8                         : vpsdrv_dispGrpx.oem3 (.text:VpsDdrv_grpxDequeue)
                  8c7e2550    000002a8                         : vpsdrv_display.oem3 (.text:VpsDdrv_queue)
                  8c7e27f8    000002a8                         : vps_dlmPriv.oem3 (.text:vpsDlmUnLinkListCtrlDesc)
                  8c7e2aa0    000002a8                         : vpsdrv_m2mDeiApi.oem3 (.text:vpsMdrvDeiModifyLazyLoadingCfg)
                  8c7e2d48    000002a6                         : vpscore_bypass.oem3 (.text:Vcore_bpSetFormat)
                  8c7e2fee    00000002     --HOLE-- [fill = 0]
                  8c7e2ff0    000002a3                         : vpscore_graphics.oem3 (.text:Vcore_grpxGetParams)
                  8c7e3293    00000001     --HOLE-- [fill = 0]
                  8c7e3294    000002a2                         : vps_mlm.oem3 (.text:mlmFreeQueues)
                  8c7e3536    000002a2                         : vpsdrv_m2mSc.oem3 (.text:vpsMdrvScSubFrmUpdate)
                  8c7e37d8    000002a0                         : vpsdrv_m2mSlice.oem3 (.text:vpsMdrvScSubFrameCalcHorzInfo)
                  8c7e3a78    0000029c                         : vps_mlm.oem3 (.text:Mlm_register)
                  8c7e3d14    0000029b                         : vpscore_deiApi.oem3 (.text:Vcore_deiProgramScCoeff)
                  8c7e3faf    00000001     --HOLE-- [fill = 0]
                  8c7e3fb0    0000029a                         : vpsdrv_m2mDeiReq.oem3 (.text:vpsMdrvDeiRotateCtxBuf)
                  8c7e424a    00000002     --HOLE-- [fill = 0]
                  8c7e424c    00000298                         : vpsdrv_display.oem3 (.text:vpsDdrvSetFmtIoctl)
                  8c7e44e4    00000297                         : vpscore_vip.oem3 (.text:Vcore_vipProgramScCoeff)
                  8c7e477b    00000001     --HOLE-- [fill = 0]
                  8c7e477c    00000294                         : vpscore_bypass.oem3 (.text:Vcore_bpUpdateDesc)
                  8c7e4a10    00000294                         : vpscore_deiWrbkPath.oem3 (.text:Vcore_dwpUpdateDesc)
                  8c7e4ca4    00000294                         : vpscore_deiHal.oem3 (.text:vcoreDeiGetAdvCfgIoctl)
                  8c7e4f38    00000292                         : vpshal_grpx.oem3 (.text:VpsHal_grpxSetFrameAttr)
                  8c7e51ca    00000002     --HOLE-- [fill = 0]
                  8c7e51cc    00000292                         : vpsdrv_m2mDeiReq.oem3 (.text:VpsMdrv_deiMlmCbFxn)
                  8c7e545e    00000292                         : vpsdrv_m2mNsfChannel.oem3 (.text:Vps_nsfChannelMakeDescSet)
                  8c7e56f0    00000292                         : vpscore_graphics.oem3 (.text:vcoreGrpxProgramOvlyMem)
                  8c7e5982    00000002     --HOLE-- [fill = 0]
                  8c7e5984    00000290                         : vpscore_deiHal.oem3 (.text:vcoreDeiSetFsEvent)
                  8c7e5c14    0000028e                         : vpsdrv_captureList.oem3 (.text:Vps_CaptTskUpdateFrm)
                  8c7e5ea2    00000002     --HOLE-- [fill = 0]
                  8c7e5ea4    0000028c                         : vpscore_dei.oem3 (.text:vcoreDeiHqFigureOutState)
                  8c7e6130    0000028b                         : vps_dctrlHalPriv.oem3 (.text:dcVcompSetInput)
                  8c7e63bb    00000001     --HOLE-- [fill = 0]
                  8c7e63bc    00000289                         : vpshal_vpdmaMosaic.oem3 (.text:printSplitWindows)
                  8c7e6645    00000003     --HOLE-- [fill = 0]
                  8c7e6648    00000288                         : vpsdrv_display.oem3 (.text:vpsDeiDdrvUpdateCoreRtParams)
                  8c7e68d0    00000286                         : vpsdrv_captureList.oem3 (.text:Vps_CaptTskUpdateField)
                  8c7e6b56    00000002     --HOLE-- [fill = 0]
                  8c7e6b58    00000286                         : vpscore_deiHal.oem3 (.text:vcoreDeiSetChParams)
                  8c7e6dde    00000002     --HOLE-- [fill = 0]
                  8c7e6de0    00000284                         : vpsdrv_dispGrpx.oem3 (.text:VpsDdrv_grpxQueue)
                  8c7e7064    00000284                         : vpshal_sdvenc.oem3 (.text:VpsHal_sdvencInit)
                  8c7e72e8    00000284                         : vpscore_deiCommon.oem3 (.text:vcoreDeiInit)
                  8c7e756c    00000283                         : vpsdrv_dispGrpxPriv.oem3 (.text:vpsDdrvGrpxGetNextBufState)
                  8c7e77ef    00000001     --HOLE-- [fill = 0]
                  8c7e77f0    00000280                         : vpscore_vipResCommon.oem3 (.text:Vcore_vipResFree)
                  8c7e7a70    00000280                         : vpsdrv_captureVip.oem3 (.text:Vps_captVipSubFrameRegisterIsr)
                  8c7e7cf0    0000027c                         : vpscore_bypass.oem3 (.text:Vcore_bpCreateLayout)
                  8c7e7f6c    0000027c                         : vpscore_deiApi.oem3 (.text:Vcore_deiCreateLayout)
                  8c7e81e8    0000027c                         : vpscore_graphics.oem3 (.text:Vcore_grpxCreateLayout)
                  8c7e8464    0000027c                         : vpshal_hdvenc.oem3 (.text:VpsHal_hdVencSetOutput)
                  8c7e86e0    0000027b                         : vpsdrv_m2mDeiCore.oem3 (.text:vpsMdrvDeiAlcCfgVipCore)
                  8c7e895b    00000001     --HOLE-- [fill = 0]
                  8c7e895c    00000276                         : vps_dctrlIntPriv.oem3 (.text:Dc_setRtConfig)
                  8c7e8bd2    00000002     --HOLE-- [fill = 0]
                  8c7e8bd4    00000274                         : vps_dctrl.oem3 (.text:dcDisableVenc)
                  8c7e8e48    00000272                         : vpsdrv_m2mDeiPriv.oem3 (.text:vpsMdrvDeiProgramDesc)
                  8c7e90ba    00000002     --HOLE-- [fill = 0]
                  8c7e90bc    00000270                         : vpscore_deiApi.oem3 (.text:Vcore_deiGetScFactorConfig)
                  8c7e932c    00000270                         : vpsdrv_display.oem3 (.text:vpsDdrvSetDispMode)
                  8c7e959c    0000026e                         : vpsdrv_m2mDeiCore.oem3 (.text:vpsMdrvDeiCloseCores)
                  8c7e980a    00000002     --HOLE-- [fill = 0]
                  8c7e980c    0000026d                         : vps_init_ti8107.oem3 (.text:vpsiHalDeInit)
                  8c7e9a79    00000003     --HOLE-- [fill = 0]
                  8c7e9a7c    0000026c                         : vpshal_nf.oem3 (.text:VpsHal_nfSetConfig)
                  8c7e9ce8    0000026a     M2mNsf_main_subframe.oem3 (.text:NsfApp_initCreateArgs)
                  8c7e9f52    00000002     --HOLE-- [fill = 0]
                  8c7e9f54    0000026a     hdvpss_drivers.aem3 : vpscore_bypass.oem3 (.text:Vcore_bpOpen)
                  8c7ea1be    00000002     --HOLE-- [fill = 0]
                  8c7ea1c0    0000026a                         : vpscore_deiApi.oem3 (.text:Vcore_deiOpen)
                  8c7ea42a    00000002     --HOLE-- [fill = 0]
                  8c7ea42c    00000269                         : vpshal_sc.oem3 (.text:VpsHal_scSetRunTimeConfig)
                  8c7ea695    00000003     --HOLE-- [fill = 0]
                  8c7ea698    00000268                         : vpscore_vip.oem3 (.text:Vcore_vipGetScFactorConfig)
                  8c7ea900    00000268                         : vps_evtMgr.oem3 (.text:Vem_register)
                  8c7eab68    00000268                         : vpshal_vpdmaMosaic.oem3 (.text:VpsHal_vpdmaInitMosaic)
                  8c7eadd0    00000268                         : vps_dctrl.oem3 (.text:dcClearConfig)
                  8c7eb038    00000268                         : vpsdrv_m2mSc.oem3 (.text:vpsMdrvScModifyLazyLoadingCfg)
                  8c7eb2a0    00000266                         : vpscore_deiApi.oem3 (.text:vcoreDeiUpdateRtDescMem)
                  8c7eb506    00000002     --HOLE-- [fill = 0]
                  8c7eb508    00000264                         : vpscore_graphics.oem3 (.text:Vcore_grpxSetFormat)
                  8c7eb76c    00000264                         : vpsdrv_captureList.oem3 (.text:Vps_captDoDisSyncStartSequence)
                  8c7eb9d0    00000262                         : vpscore_deiApi.oem3 (.text:Vcore_deiSetParams)
                  8c7ebc32    00000002     --HOLE-- [fill = 0]
                  8c7ebc34    00000261                         : vpscore_scWrbkPath.oem3 (.text:Vcore_swpUpdateDesc)
                  8c7ebe95    00000003     --HOLE-- [fill = 0]
                  8c7ebe98    00000260                         : vpsdrv_captureVip.oem3 (.text:Vps_captVipSubFrameEOFIsr)
                  8c7ec0f8    00000260                         : vpshal_vpdmaMosaic.oem3 (.text:makeXAxisSplitterList)
                  8c7ec358    00000260                         : vpscore_deiHal.oem3 (.text:vcoreDeiSetAdvCfgIoctl)
                  8c7ec5b8    0000025c                         : vpscore_deiApi.oem3 (.text:Vcore_deiProgramDesc)
                  8c7ec814    0000025c                         : vpsdrv_captureLm.oem3 (.text:Vps_captLmInit)
                  8c7eca70    00000258                         : vpshal_sdvenc.oem3 (.text:VpsHal_sdVencSetControl)
                  8c7eccc8    00000258                         : vpscore_bypassPriv.oem3 (.text:vcoreBpFreeFreeCh)
                  8c7ecf20    00000258                         : vpscore_bypassPriv.oem3 (.text:vcoreBpPrivInit)
                  8c7ed178    00000258                         : vpscore_deiCommon.oem3 (.text:vcoreDeiFreeFreeCh)
                  8c7ed3d0    00000254                         : vpshal_grpx.oem3 (.text:VpsHal_grpxSetSc)
                  8c7ed624    00000252                         : vpshal_cig.oem3 (.text:VpsHal_cigSetConfig)
                  8c7ed876    00000002     --HOLE-- [fill = 0]
                  8c7ed878    00000252                         : vpsdrv_m2mDeiPriv.oem3 (.text:vpsMdrvDeiAllocCoreMem)
                  8c7edaca    00000002     --HOLE-- [fill = 0]
                  8c7edacc    00000250     sysbios.lib : BIOS.obj (.text:ti_sysbios_heaps_HeapMem_free__E)
                  8c7edd1c    0000024a     hdvpss_drivers.aem3 : vpsdrv_m2mNsfChannel.oem3 (.text:Vps_nsfChannelCreate)
                  8c7edf66    00000002     --HOLE-- [fill = 0]
                  8c7edf68    0000024a                         : vps_mlm.oem3 (.text:mlmListCompleteIsr)
                  8c7ee1b2    0000024a                         : vpsdrv_m2mSlice.oem3 (.text:vpsMdrvScSubFrameCalcPostProcInfo)
                  8c7ee3fc    00000249                         : vpscore_scWrbkPath.oem3 (.text:Vcore_swpProgramReg)
                  8c7ee645    00000003     --HOLE-- [fill = 0]
                  8c7ee648    00000246                         : vpshal_vip.oem3 (.text:VpsHal_vipSetPortConfig)
                  8c7ee88e    00000002     --HOLE-- [fill = 0]
                  8c7ee890    00000246                         : vpsdrv_m2mDeiCore.oem3 (.text:vpsMdrvDeiCfgDeiWrbkCore)
                  8c7eead6    00000002     --HOLE-- [fill = 0]
                  8c7eead8    00000245                         : vpsdrv_m2mSc.oem3 (.text:vpsMdrvScCloseCores)
                  8c7eed1d    00000003     --HOLE-- [fill = 0]
                  8c7eed20    00000244                         : vpsdrv_captureList.oem3 (.text:Vps_captTskMvDescTempToEmpty)
                  8c7eef64    00000244                         : vpscore_deiHal.oem3 (.text:vcoreDeiSetDescInfo)
                  8c7ef1a8    00000242                         : vpsdrv_m2mSc.oem3 (.text:vpsMdrvScSplitSPadDescMem)
                  8c7ef3ea    00000002     --HOLE-- [fill = 0]
                  8c7ef3ec    00000240                         : vpsdrv_display.oem3 (.text:VpsDdrv_dequeue)
                  8c7ef62c    00000240                         : vps_init_ti8107.oem3 (.text:vpsiHalClose)
                  8c7ef86c    0000023d                         : vpshal_dei.oem3 (.text:VpsHal_deiGetAdvConfig)
                  8c7efaa9    00000003     --HOLE-- [fill = 0]
                  8c7efaac    0000023c                         : vpscore_vipResCommon.oem3 (.text:Vcore_vipResAllocMultiChPath)
                  8c7efce8    0000023c                         : vpscore_vipResCommon.oem3 (.text:Vcore_vipResAllocPath)
                  8c7eff24    0000023c     sysbios.lib : BIOS.obj (.text:ti_sysbios_utils_Load_update__E)
                  8c7f0160    0000023a     hdvpss_drivers.aem3 : vpscore_deiWrbkPath.oem3 (.text:Vcore_dwpSetFormat)
                  8c7f039a    00000002     --HOLE-- [fill = 0]
                  8c7f039c    0000023a                         : vpshal_dei.oem3 (.text:VpsHal_deiSetConfig)
                  8c7f05d6    00000002     --HOLE-- [fill = 0]
                  8c7f05d8    0000023a                         : vpsdrv_m2mSc.oem3 (.text:vpsMdrvScSplitDescMem)
                  8c7f0812    00000002     --HOLE-- [fill = 0]
                  8c7f0814    00000238     sysbios.lib : BIOS.obj (.text:ti_sysbios_heaps_HeapMem_alloc__E)
                  8c7f0a4c    00000236     hdvpss_drivers.aem3 : vpshal_vpdmaMosaic.oem3 (.text:removeOverlappingWindow)
                  8c7f0c82    00000002     --HOLE-- [fill = 0]
                  8c7f0c84    00000236                         : vpsdrv_m2mScPriv.oem3 (.text:vpsMdrvScAllocChOvlyMems)
                  8c7f0eba    00000002     --HOLE-- [fill = 0]
                  8c7f0ebc    00000234                         : vpscore_vip.oem3 (.text:vcoreVipSetConfig)
                  8c7f10f0    00000230                         : vps_dctrlIntPriv.oem3 (.text:dcIntInit)
                  8c7f1320    0000022f                         : vpshal_vcomp.oem3 (.text:vcompSetVideoMain)
                  8c7f154f    00000001     --HOLE-- [fill = 0]
                  8c7f1550    0000022f                         : vpsdrv_m2mSc.oem3 (.text:vpsMdrvScCheckPerListParams)
                  8c7f177f    00000001     --HOLE-- [fill = 0]
                  8c7f1780    0000022e                         : vpshal_sc.oem3 (.text:scSetEdgeDetectParams)
                  8c7f19ae    00000002     --HOLE-- [fill = 0]
                  8c7f19b0    0000022c                         : vps_dlmPriv.oem3 (.text:VpsUtils_free)
                  8c7f1bdc    0000022c                         : vpscore_bypassPriv.oem3 (.text:VpsUtils_free)
                  8c7f1e08    0000022c                         : vpscore_deiCommon.oem3 (.text:VpsUtils_free)
                  8c7f2034    0000022c                         : vpscore_deiWrbkPath.oem3 (.text:VpsUtils_free)
                  8c7f2260    0000022c                         : vpscore_grpxPriv.oem3 (.text:VpsUtils_free)
                  8c7f248c    0000022c                         : vpsdrv_m2mDeiPriv.oem3 (.text:VpsUtils_free)
                  8c7f26b8    0000022c                         : vpsdrv_captureApi.oem3 (.text:Vps_captControl)
                  8c7f28e4    0000022c                         : vpsdrv_captureVip.oem3 (.text:Vps_captVipSubFrameUnRegisterIsr)
                  8c7f2b10    0000022c     sysbios.lib : BIOS.obj (.text:ti_sysbios_knl_Task_Instance_finalize__F)
                  8c7f2d3c    00000228     hdvpss_drivers.aem3 : vpshal_sc.oem3 (.text:scCalVertPolyphaseParams)
                  8c7f2f64    00000227                         : vps_dctrlHalPriv.oem3 (.text:dcCompSetInput)
                  8c7f318b    00000001     --HOLE-- [fill = 0]
                  8c7f318c    00000224                         : vpscore_bypass.oem3 (.text:Vcore_bpGetDescInfo)
                  8c7f33b0    00000224                         : vpscore_deiApi.oem3 (.text:Vcore_deiGetDescInfo)
                  8c7f35d4    00000222                         : vpsdrv_m2mScPriv.oem3 (.text:vpsMdrvScUpdatePrms)
                  8c7f37f6    00000002     --HOLE-- [fill = 0]
                  8c7f37f8    00000221                         : vpscore_deiApi.oem3 (.text:Vcore_deiUpdateMode)
                  8c7f3a19    00000003     --HOLE-- [fill = 0]
                  8c7f3a1c    00000220                         : vpsdrv_captureApi.oem3 (.text:Vps_captQueue)
                  8c7f3c3c    00000220                         : vps_dctrlHalPriv.oem3 (.text:dcCigSetInput)
                  8c7f3e5c    0000021e                         : vpshal_vcomp.oem3 (.text:vcompSetVideoAux)
                  8c7f407a    00000002     --HOLE-- [fill = 0]
                  8c7f407c    0000021e                         : vpsdrv_m2mDeiApi.oem3 (.text:vpsMdrvDeiGetCtxInfoIoctl)
                  8c7f429a    00000002     --HOLE-- [fill = 0]
                  8c7f429c    0000021e                         : vpsdrv_m2mDeiReq.oem3 (.text:vpsMdrvDeiRotateTnrBuf)
                  8c7f44ba    00000002     --HOLE-- [fill = 0]
                  8c7f44bc    0000021c                         : vpscore_dei.oem3 (.text:vcoreDeiHqCalStateEdi)
                  8c7f46d8    0000021c                         : vpscore_dei.oem3 (.text:vcoreDeiHqCalStateFldAvg)
                  8c7f48f4    0000021c                         : vpscore_dei.oem3 (.text:vcoreDeiHqCalStateLineAvg)
                  8c7f4b10    0000021a                         : vps_dctrlHalPriv.oem3 (.text:dcCompSetRtConfig)
                  8c7f4d2a    00000002     --HOLE-- [fill = 0]
                  8c7f4d2c    00000218                         : vps_mlm.oem3 (.text:Mlm_unRegister)
                  8c7f4f44    00000218                         : vpsdrv_captureList.oem3 (.text:Vps_captProgInitialFrms)
                  8c7f515c    00000218                         : vpsdrv_m2mNsfReq.oem3 (.text:Vps_nsfReqGetProcessedFrames)
                  8c7f5374    00000216     m2mNsf_subframe_pem3.oem3 (.text:xdc_runtime_System_printfExtend__I)
                  8c7f558a    00000002     --HOLE-- [fill = 0]
                  8c7f558c    00000214     hdvpss_drivers.aem3 : vpscore_deiWrbkPath.oem3 (.text:Vcore_dwpInit)
                  8c7f57a0    00000214                         : vps_dlmPriv.oem3 (.text:VpsUtils_alloc)
                  8c7f59b4    00000214                         : vpscore_bypassPriv.oem3 (.text:VpsUtils_alloc)
                  8c7f5bc8    00000214                         : vpscore_deiCommon.oem3 (.text:VpsUtils_alloc)
                  8c7f5ddc    00000214                         : vpscore_deiWrbkPath.oem3 (.text:VpsUtils_alloc)
                  8c7f5ff0    00000214                         : vpscore_grpxPriv.oem3 (.text:VpsUtils_alloc)
                  8c7f6204    00000214                         : vpsdrv_m2mDeiPriv.oem3 (.text:VpsUtils_alloc)
                  8c7f6418    00000214                         : vpsdrv_captureApi.oem3 (.text:Vps_captInit)
                  8c7f662c    00000214                         : vpscore_deiHal.oem3 (.text:vcoreDeiSetScHalCfg)
                  8c7f6840    00000212                         : vps_dlmPriv.oem3 (.text:vpsDlmRotateSorRlUpdates)
                  8c7f6a52    00000002     --HOLE-- [fill = 0]
                  8c7f6a54    00000212                         : vpshal_hdvenc.oem3 (.text:vpsHalHdVencSetOutputCfg)
                  8c7f6c66    00000002     --HOLE-- [fill = 0]
                  8c7f6c68    00000210                         : vpsdrv_captureApi.oem3 (.text:Vps_captDeleteQueues)
                  8c7f6e78    0000020c                         : vps_evtMgr.oem3 (.text:Vem_init)
                  8c7f7084    0000020c                         : vpsdrv_captureApi.oem3 (.text:Vps_captSetStorageFmt)
                  8c7f7290    0000020c                         : vps_mlm.oem3 (.text:mlmAllocQueues)
                  8c7f749c    0000020c                         : vpsdrv_m2mDeiPriv.oem3 (.text:vpsMdrvDeiFreeChObjs)
                  8c7f76a8    0000020b                         : vpsdrv_display.oem3 (.text:VpsDdrvFbUpdateDesc)
                  8c7f78b3    00000001     --HOLE-- [fill = 0]
                  8c7f78b4    0000020a                         : vps_dctrlIntPriv.oem3 (.text:Dc_registerClient)
                  8c7f7abe    00000002     --HOLE-- [fill = 0]
                  8c7f7ac0    0000020a                         : vps_dctrlHalPriv.oem3 (.text:dcCigSetRtConfig)
                  8c7f7cca    00000002     --HOLE-- [fill = 0]
                  8c7f7ccc    0000020a                         : vps_utils.oem3 (.text:dutilsUnLinkDouble)
                  8c7f7ed6    00000002     --HOLE-- [fill = 0]
[...]
8c839261   ti_sysbios_hal_unicache_Cache_Module_startup__E
8c83926d   ti_sysbios_heaps_HeapBuf_Module_startup__E
8c839279   ti_sysbios_heaps_HeapMem_Module_GateProxy_enter__E
8c839285   ti_sysbios_heaps_HeapMem_Module_GateProxy_query__E
8c8392a9   ti_sysbios_knl_Clock_Module_startup__E
8c8392c1   ti_sysbios_knl_Clock_getTicks__E
8c839405   ti_sysbios_knl_Swi_Module_startup__E
8c839411   ti_sysbios_knl_Task_Module_startup__E
8c839429   ti_sysbios_knl_Task_getIdleTask__E
8c839435   ti_sysbios_timers_dmtimer_Timer_Module_startup__E
8c839441   ti_sysbios_utils_Load_taskRegHook__E
8c839459   xdc_runtime_Error_check__E
8c839465   xdc_runtime_Error_init__E
8c839471   xdc_runtime_Error_init__F
8c83947d   xdc_runtime_Error_print__E
8c839489   xdc_runtime_Gate_enterSystem__F
8c839495   xdc_runtime_Gate_leaveSystem__E
8c8394a1   xdc_runtime_Memory_calloc__F
8c8394ad   xdc_runtime_Memory_getMaxDefaultTypeAlign__F
8c8394b9   xdc_runtime_SysStd_abort__E
8c8394c5   xdc_runtime_SysStd_exit__E
8c8394d1   xdc_runtime_SysStd_exit__F
8c8394dd   xdc_runtime_System_Module_GateProxy_enter__E
8c8394e9   xdc_runtime_System_Module_startup__E
8c8394f5   xdc_runtime_System_SupportProxy_abort__E
8c839501   xdc_runtime_System_SupportProxy_exit__E
8c83950d   xdc_runtime_System_abort__E
8c839519   xdc_runtime_System_atexit__E
8c839525   xdc_runtime_System_exit__E
8c839531   xdc_runtime_System_exit__F
8c83953d   xdc_runtime_System_lastFxn__I
8c839549   xdc_runtime_Text_cordText__E
8c839555   xdc_runtime_Timestamp_SupportProxy_get64__E
8c839561   xdc_runtime_Timestamp_SupportProxy_getFreq__E
8c83956d   xdc_runtime_Timestamp_get64__E
8c839579   xdc_runtime_Timestamp_getFreq__E
8c83958f   ti_sysbios_hal_Hwi_Instance_finalize__F
8c839599   FVID2_getVersionString
8c8395a1   Vcore_bpGetCoreOps
8c8395a9   Vcore_deiGetCoreOps
8c8395b1   Vcore_dwpGetCoreOps
8c8395b9   Vcore_grpxGetCoreOps
8c8395c1   Vcore_secGetCoreOps
8c8395c9   Vcore_swpGetCoreOps
8c8395d1   Vcore_vipGetCoreOps
8c8395d9   dcGetDctrlObj
8c8395e1   ti_sysbios_family_arm_ducati_TimerSupport_Module__startupDone__S
8c8395e9   ti_sysbios_family_arm_ducati_Timer_Module__startupDone__S
8c8395f1   ti_sysbios_family_arm_ducati_Wugen_Module__startupDone__S
8c8395f9   ti_sysbios_family_arm_m3_Hwi_Module__startupDone__S
8c839601   ti_sysbios_family_arm_m3_Hwi_startup__E
8c839609   ti_sysbios_hal_Hwi_HwiProxy_Module__startupDone__S
8c839611   ti_sysbios_hal_Hwi_HwiProxy_startup__E
8c839619   ti_sysbios_hal_Hwi_HwiProxy_switchFromBootStack__E
8c839621   ti_sysbios_hal_Timer_Module__startupDone__S
8c839629   ti_sysbios_hal_Timer_TimerProxy_Module__startupDone__S
8c839631   ti_sysbios_hal_Timer_TimerProxy_startup__E
8c839639   ti_sysbios_knl_Task_SupportProxy_Module__startupDone__S
8c839641   ti_sysbios_knl_Task_SupportProxy_getStackAlignment__E
8c839649   ti_sysbios_timers_dmtimer_Timer_TimerSupportProxy_Module__startupDone__S
8c839651   xdc_runtime_Gate_enterSystem__E
8c839659   xdc_runtime_Startup_exec__E
8c839661   xdc_runtime_Startup_reset__I
8c839669   xdc_runtime_SysStd_ready__E
8c839671   xdc_runtime_System_SupportProxy_ready__E
8c839679   xdc_runtime_Timestamp_SupportProxy_get32__E
8c839681   xdc_runtime_Timestamp_get32__E
8c839689   __xdc__init
8c83968f   ti_sysbios_family_arm_ducati_Wugen_Module_startup__F
8c839695   ti_sysbios_family_arm_m3_Hwi_doSwiRestore__I
8c83969b   ti_sysbios_gates_GateHwi_leave__E
8c8396a1   ti_sysbios_heaps_HeapMem_isBlocking__E
8c8396a7   ti_sysbios_knl_Clock_stop__E
8c8396ad   ti_sysbios_knl_Queue_Instance_init__F
8c8396b3   xdc_runtime_System_Module_startup__F
8c8396b9   VpsUtils_prfDeInit
8c8396bd   remove
8c8396c1   ti_sysbios_family_arm_ducati_GateDualCore_query__F
8c8396c5   ti_sysbios_family_arm_ducati_Timer_getPeriod__E
8c8396c9   ti_sysbios_family_arm_m3_TaskSupport_Module__startupDone__S
8c8396cd   ti_sysbios_gates_GateHwi_query__F
8c8396d1   ti_sysbios_gates_GateMutex_query__F
8c8396d5   ti_sysbios_hal_Hwi_clearInterrupt__E
8c8396d9   ti_sysbios_hal_Hwi_startup__E
8c8396dd   ti_sysbios_hal_Timer_startup__E
8c8396e1   ti_sysbios_hal_ammu_AMMU_Module__startupDone__S
8c8396e5   ti_sysbios_knl_Clock_setPeriod__E
8c8396e9   ti_sysbios_knl_Clock_setTimeout__E
8c8396ed   xdc_runtime_Error_getSite__F
8c8396f1   xdc_runtime_SysStd_putch__F
8c8396f5   xdc_runtime_SysStd_ready__F
8c8396f9   xdc_runtime_System_aprintf_va__F
8c8396fd   xdc_runtime_System_printf_va__F
8c839701   xdc_runtime_Timestamp_get32__F
8c839705   xdc_runtime_Timestamp_get64__F
8c839709   xdc_runtime_Timestamp_getFreq__F
8c83ff18   xdc_runtime_Text_charTab__A
8c841344   ti_sysbios_hal_ammu_AMMU_mmuInitConfig__C
8c842af4   _ctypes_
8c842bf8   xdc_runtime_Text_nodeTab__A
8c843008   xdc_runtime_Startup_sfxnTab__A
8c843080   ti_sysbios_knl_Task_Object__PARAMS__C
8c8430ec   ti_sysbios_knl_Task_hooks__A
8c843174   ti_sysbios_family_arm_m3_Hwi_Object__PARAMS__C
8c8431a0   ti_sysbios_hal_Hwi_Object__PARAMS__C
8c8431cc   ti_sysbios_heaps_HeapMem_Module__FXNS__C
8c8431f4   ti_sysbios_family_arm_ducati_GateDualCore_Module__FXNS__C
8c843218   ti_sysbios_gates_GateHwi_Module__FXNS__C
8c84323c   ti_sysbios_gates_GateMutex_Module__FXNS__C
8c843260   ti_sysbios_knl_Clock_Object__PARAMS__C
8c843284   ti_sysbios_knl_Semaphore_Object__PARAMS__C
8c84336c   ti_sysbios_family_arm_ducati_GateDualCore_Object__DESC__C
8c84338c   ti_sysbios_family_arm_m3_Hwi_Object__DESC__C
8c8433ac   ti_sysbios_gates_GateHwi_Object__DESC__C
8c8433cc   ti_sysbios_gates_GateMutex_Object__DESC__C
8c8433ec   ti_sysbios_hal_Hwi_Object__DESC__C
8c84340c   ti_sysbios_heaps_HeapMem_Object__DESC__C
8c84342c   ti_sysbios_heaps_HeapMem_Object__PARAMS__C
8c84344c   ti_sysbios_knl_Clock_Object__DESC__C
8c84346c   ti_sysbios_knl_Queue_Object__DESC__C
8c84348c   ti_sysbios_knl_Semaphore_Object__DESC__C
8c8434ac   ti_sysbios_knl_Task_Object__DESC__C
8c8434cc   xdc_runtime_Startup_sfxnRts__A
8c8434ec   ti_sysbios_family_arm_ducati_GateDualCore_Object__PARAMS__C
8c843508   ti_sysbios_gates_GateHwi_Object__PARAMS__C
8c843520   ti_sysbios_gates_GateMutex_Object__PARAMS__C
8c843538   ti_sysbios_knl_Queue_Object__PARAMS__C
8c843550   ti_sysbios_knl_Swi_hooks__A
8c84357c   ti_sysbios_family_arm_m3_Hwi_hooks__A
8c8435b0   xdc_runtime_Startup_firstFxns__A
8c8435bc   ti_sysbios_family_arm_m3_Hwi_hooks__C
8c8435c4   ti_sysbios_knl_Idle_funcList__A
8c8435cc   ti_sysbios_knl_Idle_funcList__C
8c8435d4   ti_sysbios_knl_Swi_hooks__C
8c8435dc   ti_sysbios_knl_Task_hooks__C
8c8435e4   xdc_runtime_Startup_firstFxns__C
8c8435ec   xdc_runtime_Startup_lastFxns__C
8c8435f4   ti_sysbios_BIOS_Module__diagsEnabled__C
8c8435f8   ti_sysbios_BIOS_Module__diagsIncluded__C
8c8435fc   ti_sysbios_BIOS_Module__diagsMask__C
8c843600   ti_sysbios_BIOS_installedErrorHook__C
8c843604   ti_sysbios_family_arm_ducati_Core_E_mismatchedIds__C
8c843608   ti_sysbios_family_arm_ducati_Core_id__C
8c84360c   ti_sysbios_family_arm_ducati_GateDualCore_A_nestedEnter__C
8c843610   ti_sysbios_family_arm_ducati_GateDualCore_E_gateInUse__C
8c843614   ti_sysbios_family_arm_ducati_GateDualCore_E_invalidIndex__C
8c843618   ti_sysbios_family_arm_ducati_GateDualCore_Module__diagsEnabled__C
8c84361c   ti_sysbios_family_arm_ducati_GateDualCore_Module__diagsIncluded__C
8c843620   ti_sysbios_family_arm_ducati_GateDualCore_Module__diagsMask__C
8c843624   ti_sysbios_family_arm_ducati_GateDualCore_Object__count__C
8c843628   ti_sysbios_family_arm_ducati_GateDualCore_Object__table__C
8c84362c   ti_sysbios_family_arm_ducati_GateDualCore_numGates__C
8c843630   ti_sysbios_family_arm_ducati_Timer_E_cannotSupport__C
8c843634   ti_sysbios_family_arm_ducati_Timer_startupNeeded__C
8c843638   ti_sysbios_family_arm_m3_Hwi_E_NMI__C
8c84363c   ti_sysbios_family_arm_m3_Hwi_E_alreadyDefined__C
8c843640   ti_sysbios_family_arm_m3_Hwi_E_busFault__C
8c843644   ti_sysbios_family_arm_m3_Hwi_E_debugMon__C
8c843648   ti_sysbios_family_arm_m3_Hwi_E_hardFault__C
8c84364c   ti_sysbios_family_arm_m3_Hwi_E_memFault__C
8c843650   ti_sysbios_family_arm_m3_Hwi_E_noIsr__C
8c843654   ti_sysbios_family_arm_m3_Hwi_E_reserved__C
8c843658   ti_sysbios_family_arm_m3_Hwi_E_svCall__C
8c84365c   ti_sysbios_family_arm_m3_Hwi_E_usageFault__C
8c843660   ti_sysbios_family_arm_m3_Hwi_LD_end__C
8c843664   ti_sysbios_family_arm_m3_Hwi_LM_begin__C
8c843668   ti_sysbios_family_arm_m3_Hwi_Module__diagsEnabled__C
8c84366c   ti_sysbios_family_arm_m3_Hwi_Module__diagsIncluded__C
8c843670   ti_sysbios_family_arm_m3_Hwi_Module__diagsMask__C
8c843674   ti_sysbios_family_arm_m3_Hwi_Module__loggerFxn1__C
8c843678   ti_sysbios_family_arm_m3_Hwi_Module__loggerFxn8__C
8c84367c   ti_sysbios_family_arm_m3_Hwi_Module__loggerObj__C
8c843680   ti_sysbios_family_arm_m3_Hwi_NUM_INTERRUPTS__C
8c843684   ti_sysbios_family_arm_m3_Hwi_Object__heap__C
8c843688   ti_sysbios_family_arm_m3_Hwi_ccr__C
8c84368c   ti_sysbios_family_arm_m3_Hwi_disablePriority__C
8c843690   ti_sysbios_family_arm_m3_Hwi_excHandlerFunc__C
8c843694   ti_sysbios_family_arm_m3_Hwi_excHookFunc__C
8c843698   ti_sysbios_family_arm_m3_Hwi_priGroup__C
8c84369c   ti_sysbios_family_arm_m3_TaskSupport_stackAlignment__C
8c8436a0   ti_sysbios_gates_GateMutex_A_badContext__C
8c8436a4   ti_sysbios_gates_GateMutex_Instance_State_sem__O
8c8436a8   ti_sysbios_gates_GateMutex_Module__diagsEnabled__C
8c8436ac   ti_sysbios_gates_GateMutex_Module__diagsIncluded__C
8c8436b0   ti_sysbios_gates_GateMutex_Module__diagsMask__C
8c8436b4   ti_sysbios_hal_Hwi_E_stackOverflow__C
8c8436b8   ti_sysbios_hal_ammu_AMMU_numLargePages__C
8c8436bc   ti_sysbios_hal_ammu_AMMU_numLinePages__C
8c8436c0   ti_sysbios_hal_ammu_AMMU_numMediumPages__C
8c8436c4   ti_sysbios_hal_ammu_AMMU_numSmallPages__C
8c8436c8   ti_sysbios_hal_unicache_Cache_Module__gateObj__C
8c8436cc   ti_sysbios_hal_unicache_Cache_l1ocpConfig__C
8c8436d0   ti_sysbios_hal_unicache_Cache_l1secConfig__C
8c8436d4   ti_sysbios_hal_unicache_Cache_l2ocpConfig__C
8c8436d8   ti_sysbios_hal_unicache_Cache_l2secConfig__C
8c8436dc   ti_sysbios_heaps_HeapBuf_Instance_State_freeList__O
8c8436e0   ti_sysbios_heaps_HeapBuf_Object__count__C
8c8436e4   ti_sysbios_heaps_HeapBuf_Object__table__C
8c8436e8   ti_sysbios_heaps_HeapBuf_numConstructedHeaps__C
8c8436ec   ti_sysbios_heaps_HeapMem_A_align__C
8c8436f0   ti_sysbios_heaps_HeapMem_A_heapSize__C
8c8436f4   ti_sysbios_heaps_HeapMem_A_invalidFree__C
8c8436f8   ti_sysbios_heaps_HeapMem_A_zeroBlock__C
8c8436fc   ti_sysbios_heaps_HeapMem_E_memory__C
8c843700   ti_sysbios_heaps_HeapMem_Module__diagsEnabled__C
8c843704   ti_sysbios_heaps_HeapMem_Module__diagsIncluded__C
8c843708   ti_sysbios_heaps_HeapMem_Module__diagsMask__C
8c84370c   ti_sysbios_heaps_HeapMem_Module__gateObj__C
8c843710   ti_sysbios_heaps_HeapMem_Object__count__C
8c843714   ti_sysbios_heaps_HeapMem_Object__table__C
8c843718   ti_sysbios_heaps_HeapMem_reqAlignMask__C
8c84371c   ti_sysbios_heaps_HeapMem_reqAlign__C
8c843720   ti_sysbios_knl_Clock_A_badThreadType__C
8c843724   ti_sysbios_knl_Clock_LM_begin__C
8c843728   ti_sysbios_knl_Clock_LM_tick__C
8c84372c   ti_sysbios_knl_Clock_LW_delayed__C
8c843730   ti_sysbios_knl_Clock_Module_State_clockQ__O
8c843734   ti_sysbios_knl_Clock_Module__diagsEnabled__C
8c843738   ti_sysbios_knl_Clock_Module__diagsIncluded__C
8c84373c   ti_sysbios_knl_Clock_Module__diagsMask__C
8c843740   ti_sysbios_knl_Clock_Module__loggerFxn1__C
8c843744   ti_sysbios_knl_Clock_Module__loggerFxn2__C
8c843748   ti_sysbios_knl_Clock_Module__loggerObj__C
8c84374c   ti_sysbios_knl_Queue_Object__count__C
8c843750   ti_sysbios_knl_Queue_Object__table__C
8c843754   ti_sysbios_knl_Semaphore_A_badContext__C
8c843758   ti_sysbios_knl_Semaphore_A_noEvents__C
8c84375c   ti_sysbios_knl_Semaphore_Instance_State_pendQ__O
8c843760   ti_sysbios_knl_Semaphore_LM_pend__C
8c843764   ti_sysbios_knl_Semaphore_LM_post__C
8c843768   ti_sysbios_knl_Semaphore_Module__diagsEnabled__C
8c84376c   ti_sysbios_knl_Semaphore_Module__diagsIncluded__C
8c843770   ti_sysbios_knl_Semaphore_Module__diagsMask__C
8c843774   ti_sysbios_knl_Semaphore_Module__loggerFxn2__C
8c843778   ti_sysbios_knl_Semaphore_Module__loggerFxn4__C
8c84377c   ti_sysbios_knl_Semaphore_Module__loggerObj__C
8c843780   ti_sysbios_knl_Swi_LD_end__C
8c843784   ti_sysbios_knl_Swi_LM_begin__C
8c843788   ti_sysbios_knl_Swi_LM_post__C
8c84378c   ti_sysbios_knl_Swi_Module__diagsEnabled__C
8c843790   ti_sysbios_knl_Swi_Module__diagsIncluded__C
8c843794   ti_sysbios_knl_Swi_Module__diagsMask__C
8c843798   ti_sysbios_knl_Swi_Module__loggerFxn1__C
8c84379c   ti_sysbios_knl_Swi_Module__loggerFxn4__C
8c8437a0   ti_sysbios_knl_Swi_Module__loggerObj__C
8c8437a4   ti_sysbios_knl_Swi_Object__count__C
8c8437a8   ti_sysbios_knl_Swi_Object__table__C
8c8437ac   ti_sysbios_knl_Swi_numConstructedSwis__C
8c8437b0   ti_sysbios_knl_Task_A_badPriority__C
8c8437b4   ti_sysbios_knl_Task_A_badTaskState__C
8c8437b8   ti_sysbios_knl_Task_A_badThreadType__C
8c8437bc   ti_sysbios_knl_Task_A_badTimeout__C
8c8437c0   ti_sysbios_knl_Task_A_noPendElem__C
8c8437c4   ti_sysbios_knl_Task_E_spOutOfBounds__C
8c8437c8   ti_sysbios_knl_Task_E_stackOverflow__C
8c8437cc   ti_sysbios_knl_Task_LD_block__C
8c8437d0   ti_sysbios_knl_Task_LD_exit__C
8c8437d4   ti_sysbios_knl_Task_LD_ready__C
8c8437d8   ti_sysbios_knl_Task_LM_sleep__C
8c8437dc   ti_sysbios_knl_Task_LM_switch__C
8c8437e0   ti_sysbios_knl_Task_Module_State_inactiveQ__O
8c8437e4   ti_sysbios_knl_Task_Module__diagsEnabled__C
8c8437e8   ti_sysbios_knl_Task_Module__diagsIncluded__C
8c8437ec   ti_sysbios_knl_Task_Module__diagsMask__C
8c8437f0   ti_sysbios_knl_Task_Module__loggerFxn2__C
8c8437f4   ti_sysbios_knl_Task_Module__loggerFxn4__C
8c8437f8   ti_sysbios_knl_Task_Module__loggerObj__C
8c8437fc   ti_sysbios_knl_Task_Object__count__C
8c843800   ti_sysbios_knl_Task_Object__heap__C
8c843804   ti_sysbios_knl_Task_Object__table__C
8c843808   ti_sysbios_knl_Task_allBlockedFunc__C
8c84380c   ti_sysbios_knl_Task_defaultStackHeap__C
8c843810   ti_sysbios_knl_Task_defaultStackSize__C
8c843814   ti_sysbios_knl_Task_numConstructedTasks__C
8c843818   ti_sysbios_timers_dmtimer_Timer_E_cannotSupport__C
8c84381c   ti_sysbios_timers_dmtimer_Timer_E_freqMismatch__C
8c843820   ti_sysbios_timers_dmtimer_Timer_Module__diagsEnabled__C
8c843824   ti_sysbios_timers_dmtimer_Timer_Module__diagsIncluded__C
8c843828   ti_sysbios_timers_dmtimer_Timer_Module__diagsMask__C
8c84382c   ti_sysbios_timers_dmtimer_Timer_numTimerDevices__C
8c843830   ti_sysbios_utils_Load_LS_cpuLoad__C
8c843834   ti_sysbios_utils_Load_LS_hwiLoad__C
8c843838   ti_sysbios_utils_Load_LS_swiLoad__C
8c84383c   ti_sysbios_utils_Load_LS_taskLoad__C
8c843840   ti_sysbios_utils_Load_Module_State_gate__O
8c843844   ti_sysbios_utils_Load_Module_State_taskList__O
8c843848   ti_sysbios_utils_Load_Module__diagsEnabled__C
8c84384c   ti_sysbios_utils_Load_Module__diagsIncluded__C
8c843850   ti_sysbios_utils_Load_Module__diagsMask__C
8c843854   ti_sysbios_utils_Load_Module__loggerFxn1__C
8c843858   ti_sysbios_utils_Load_Module__loggerFxn2__C
8c84385c   ti_sysbios_utils_Load_Module__loggerFxn4__C
8c843860   ti_sysbios_utils_Load_Module__loggerObj__C
8c843864   ti_sysbios_utils_Load_postUpdate__C
8c843868   ti_sysbios_utils_Load_windowInMs__C
8c84386c   xdc_runtime_Assert_E_assertFailed__C
8c843870   xdc_runtime_Core_A_initializedParams__C
8c843874   xdc_runtime_Core_Module__diagsEnabled__C
8c843878   xdc_runtime_Core_Module__diagsIncluded__C
8c84387c   xdc_runtime_Core_Module__diagsMask__C
8c843880   xdc_runtime_Error_E_generic__C
8c843884   xdc_runtime_Error_E_memory__C
8c843888   xdc_runtime_Error_Module__diagsEnabled__C
8c84388c   xdc_runtime_Error_Module__diagsIncluded__C
8c843890   xdc_runtime_Error_Module__diagsMask__C
8c843894   xdc_runtime_Error_Module__loggerFxn8__C
8c843898   xdc_runtime_Error_Module__loggerObj__C
8c84389c   xdc_runtime_Error_raiseHook__C
8c8438a0   xdc_runtime_IGateProvider_Interface__BASE__C
8c8438a4   xdc_runtime_IHeap_Interface__BASE__C
8c8438a8   xdc_runtime_IModule_Interface__BASE__C
8c8438ac   xdc_runtime_Log_L_error__C
8c8438b0   xdc_runtime_Memory_defaultHeapInstance__C
8c8438b4   xdc_runtime_Startup_execImpl__C
8c8438b8   xdc_runtime_Startup_lastFxns__A
8c8438bc   xdc_runtime_Startup_maxPasses__C
8c8438c0   xdc_runtime_Startup_sfxnRts__C
8c8438c4   xdc_runtime_Startup_sfxnTab__C
8c8438c8   xdc_runtime_Startup_startModsFxn__C
8c8438cc   xdc_runtime_System_Module__gateObj__C
8c8438d0   xdc_runtime_System_extendFxn__C
8c8438d4   xdc_runtime_System_maxAtexitHandlers__C
8c8438d8   xdc_runtime_Text_charTab__C
8c8438dc   xdc_runtime_Text_nameEmpty__C
8c8438e0   xdc_runtime_Text_nameStatic__C
8c8438e4   xdc_runtime_Text_nameUnknown__C
8c8438e8   xdc_runtime_Text_nodeTab__C
8c8438ec   xdc_runtime_Text_visitRopeFxn__C
8c8438f0   ti_sysbios_BIOS_Module__id__C
8c8438f4   ti_sysbios_family_arm_ducati_Core_Module__id__C
8c8438f8   ti_sysbios_family_arm_ducati_GateDualCore_Module__id__C
8c8438fc   ti_sysbios_family_arm_ducati_GateDualCore_initGates__C
8c843900   ti_sysbios_family_arm_ducati_Timer_Module__id__C
8c843904   ti_sysbios_family_arm_m3_Hwi_Module__id__C
8c843908   ti_sysbios_family_arm_m3_Hwi_Module__loggerDefined__C
8c84390c   ti_sysbios_gates_GateMutex_Module__id__C
8c843910   ti_sysbios_hal_Hwi_Module__id__C
8c843914   ti_sysbios_hal_unicache_Cache_configureCache__C
8c843918   ti_sysbios_hal_unicache_Cache_enableCache__C
8c84391c   ti_sysbios_hal_unicache_Cache_l2CacheSupported__C
8c843920   ti_sysbios_heaps_HeapMem_Module__id__C
8c843924   ti_sysbios_knl_Clock_Module__id__C
8c843928   ti_sysbios_knl_Clock_Module__loggerDefined__C
8c84392c   ti_sysbios_knl_Semaphore_Module__id__C
8c843930   ti_sysbios_knl_Semaphore_Module__loggerDefined__C
8c843934   ti_sysbios_knl_Swi_Module__id__C
8c843938   ti_sysbios_knl_Swi_Module__loggerDefined__C
8c84393c   ti_sysbios_knl_Task_Module__id__C
8c843940   ti_sysbios_knl_Task_Module__loggerDefined__C
8c843944   ti_sysbios_knl_Task_initStackFlag__C
8c843948   ti_sysbios_timers_dmtimer_Timer_Module__id__C
8c84394c   ti_sysbios_timers_dmtimer_Timer_checkFrequency__C
8c843950   ti_sysbios_timers_dmtimer_Timer_startupNeeded__C
8c843954   ti_sysbios_utils_Load_Module__id__C
8c843958   ti_sysbios_utils_Load_Module__loggerDefined__C
8c84395c   ti_sysbios_utils_Load_autoAddTasks__C
8c843960   ti_sysbios_utils_Load_hwiEnabled__C
8c843964   ti_sysbios_utils_Load_swiEnabled__C
8c843968   ti_sysbios_utils_Load_taskEnabled__C
8c84396c   ti_sysbios_utils_Load_updateInIdle__C
8c843970   xdc_runtime_Core_Module__id__C
8c843974   xdc_runtime_Error_Module__loggerDefined__C
8c843978   xdc_runtime_Error_maxDepth__C
8c84397c   xdc_runtime_Memory_Module__id__C
8c843980   xdc_runtime_Text_charCnt__C
8c843984   xdc_runtime_Text_isLoaded__C
8c843988   xdc_runtime_Text_registryModsLastId__C
8c84398c   xdc_runtime_Text_unnamedModsLastId__C
8c843990   ti_sysbios_family_arm_ducati_TimestampProvider_inpsel__C
8c843994   xdc_runtime_Error_policy__C
a0000000   gVpsUtils_tilerPhysMem
a8000000   gVpsUtils_heapMemFrame
e000e000   ti_sysbios_family_arm_m3_Hwi_nvic
ffffffff   __TI_static_base__
ffffffff   __binit__
ffffffff   __c_args__
ffffffff   binit
UNDEFED    SHT$$INIT_ARRAY$$Base
UNDEFED    SHT$$INIT_ARRAY$$Limit
UNDEFED    __TI_CINIT_Base
UNDEFED    __TI_CINIT_Limit
UNDEFED    __TI_Handler_Table_Base

[2592 symbols]


DYNAMIC SYMBOLS: SORTED ALPHABETICALLY BY Name 

address    name
--------   ----
UNDEFED    
89859038   TSK_idle
8985d438   __STACK_END
00004000   __STACK_SIZE
ffffffff   __TI_static_base__
ffffffff   __binit__
ffffffff   __c_args__
00000000   _argsize
ffffffff   binit
40000800   ti_sysbios_hal_ammu_AMMU_mmu
40000000   ti_sysbios_hal_unicache_Cache_cache
00000001   xdc_runtime_Startup__EXECFXN__C
00000001   xdc_runtime_Startup__RESETFXN__C

[13 symbols]


IMPORTED and EXPORTED SYMBOLS: SORTED ALPHABETICALLY BY Name 

IMPORTED SYMBOLS

name                           size      Imported from
-----------------------------  --------  -------------

[0 symbols]


EXPORTED SYMBOLS


[0 symbols]
