******************************************************************************
                  TMS470 Linker Unix v4.9.5                    
******************************************************************************
>> Linked Mon Nov 12 13:31:56 2012

OUTPUT FILE NAME:   </proj/vsi/users/anith/DM812x/IPNetCam/Release/ti_tools/hdvpss_01_00_01_37_patched/build/hdvpss_examples_grpxDisplay/bin/ti8107-evm/hdvpss_examples_grpxDisplay_m3vpss_debug.xem3>
ENTRY POINT SYMBOL: "_c_int00"  address: 8c83ebc9


MEMORY CONFIGURATION

         name            origin    length      used     unused   attr    fill
----------------------  --------  ---------  --------  --------  ----  --------
  L2_ROM                00000000   00004000  0000018c  00003e74  RWIX
  OCMC0_RAM             00300000   00020000  00000000  00020000  RWIX
  OCMC1_RAM             00400000   00020000  00000000  00020000  RWIX
  L2_RAM                20004000   00010000  00000000  00010000  RWIX
  LINUX_MEM             80000000   082a0000  00000000  082a0000  RWIX
  SR0                   882a0000   01000000  00000000  01000000  RWIX
  DDR3_RAM              892a0000   03500000  005b6766  02f4989a  RWIX
  DSS_M3_CODE_MEM       8c7a0000   03500000  000b0b37  0344f4c9  RWIX
  DEBUG_MEM             8fea0000   00100000  00000000  00100000  RWIX
  TILER_8BIT_MEM        a0000000   08000000  00000000  08000000  RWIX
  FRAME_BUFFER_MEM      a8000000   07b00000  07b00000  00000000  RWIX
  HOST_VPSS_NOITFYMEM   afb00000   00100000  00000000  00100000  RWIX
  HDVPSS_DESC_MEM       afc00000   00200000  001ff060  00000fa0  RWIX
  HDVPSS_SHARED_MEM     afe00000   00200000  00000000  00200000  RWIX


SEGMENT ALLOCATION MAP

run origin  load origin   length   init length attrs members
----------  ----------- ---------- ----------- ----- -------
00000000    00000000    0000003c   0000003c    r-x
  00000000    00000000    0000003c   0000003c    r-x .ducatiBoot
000007f0    000007f0    00000010   00000000    rw-
  000007f0    000007f0    00000010   00000000    rw- .ducatiGates
00000800    00000800    00000140   00000140    r--
  00000800    00000800    00000140   00000140    r-- .resetVecs
892a0000    892a0000    005a13de   00000000    rw-
  892a0000    892a0000    005a13de   00000000    rw- .bss
898413e0    898413e0    00015388   00011388    rw-
  898413e0    898413e0    00011388   00011388    rw- .data
  89852768    89852768    00004000   00000000    rw- .stack
8c7a0000    8c7a0000    000b0b39   000b0b39    r-x
  8c7a0000    8c7a0000    000a349e   000a349e    r-x .text
  8c8434a0    8c8434a0    0000d699   0000d699    r-- .const
afc00000    afc00000    001ff060   00000000    rw-
  afc00000    afc00000    001f0000   00000000    rw- .bss:extMemNonCache:heap
  afdf0000    afdf0000    0000f060   00000000    rw- .bss:extMemNonCache:remoteDebugCoreShm


SECTION ALLOCATION MAP

 output                                  attributes/
section   page    origin      length       input sections
--------  ----  ----------  ----------   ----------------
.cinit     0    892a0000    00000000     UNINITIALIZED

.init_array 
*          0    892a0000    00000000     UNINITIALIZED

.bootVecs 
*          0    00000000    00000008     DSECT
                  00000000    00000008     boot.aem3 : boot.oem3 (.bootVecs)

.ducatiBoot 
*          0    00000000    0000003c     
                  00000000    0000003c     sysbios.lib : ducati_Core_asm.obj (.ducatiBoot)

.ducatiGates 
*          0    000007f0    00000010     UNINITIALIZED
                  000007f0    00000010     grpxDisplay_pem3.oem3 (.ducatiGates)

.vecs      0    00000800    00000000     DSECT

.resetVecs 
*          0    00000800    00000140     
                  00000800    00000140     grpxDisplay_pem3.oem3 (.resetVecs)

.bss       0    892a0000    005a13de     UNINITIALIZED
                  892a0000    001b3404     hdvpss_drivers.aem3 : vpsdrv_captureApi.oem3 (.bss:gVps_captCommonObj)
                  89453404    00000004     hdvpss_devices.aem3 : vpsdrv_thsfilters.oem3 (.bss)
                  89453408    00174000     hdvpss_drivers.aem3 : vpsdrv_m2mScPriv.oem3 (.bss:VpsMdrvScChannelObjs)
                  895c7408    000ba000                         : vpsdrv_m2mScPriv.oem3 (.bss:VpsMdrvScScPadChObjs)
                  89681408    00053920                         : vpsdrv_m2mDeiPriv.oem3 (.bss:gVpsMdrvDeiPoolObj)
                  896d4d28    00040aac                         : vpscore_deiCommon.oem3 (.bss:VcoreDeiPoolObjs)
                  897157d4    00036cac                         : vpscore_bypassPriv.oem3 (.bss:VcoreBpPoolObjs)
                  8974c480    0002e400                         : vpscore_vip.oem3 (.bss:VipChMemPool)
                  8977a880    00022358                         : vpsdrv_displayPriv.oem3 (.bss:VpsDdrvInstObjects)
                  8979cbd8    00016500                         : vpscore_grpxPriv.oem3 (.bss:GrpxChannelMemPool)
                  897b30d8    00015000     grpxDisplay_pem3.oem3 (.bss:ti_sysbios_heaps_HeapMem_Instance_State_0_buf__A)
                  897c80d8    0000e808     hdvpss_drivers.aem3 : vps_evtMgr.oem3 (.bss:gVem_clientInfoMemPool)
                  897d68e0    0000d4b8                         : vpsdrv_captureLm.oem3 (.bss:gVps_captLmObj)
                  897e3d98    00008400                         : vpsdrv_m2mScPriv.oem3 (.bss:VpsMdrvScChParams)
                  897ec198    00007e10                         : vpsdrv_m2mNsfCommon.oem3 (.bss:gVps_nsfCommonObj)
                  897f3fa8    00006900                         : vpsdrv_m2mScPriv.oem3 (.bss:VpsMdrvScQueueObjPool)
                  897fa8a8    00006600                         : vpscore_secPath.oem3 (.bss:SecChannelMemPool)
                  89800ea8    00006100                         : vpscore_vip.oem3 (.bss:VipHandleMemPool)
                  89806fa8    00005db4                         : vpscore_grpxPriv.oem3 (.bss:GrpxInstObjects)
                  8980cd5c    00005d00                         : vpscore_scWrbkPath.oem3 (.bss:SwpChannelMemPool)
                  89812a5c    00005a60                         : vpsdrv_m2mScPriv.oem3 (.bss:VpsMdrvScHandleObjects)
                  898184bc    00004220                         : vpshal_vpdma.oem3 (.bss:gVpsHalVpdmaTraceObj)
                  8981c6dc    00000004                         : vps_mlm.oem3 (.bss)
                  8981c6e0    00004000     grpxDisplay_pem3.oem3 (.bss:taskStackSection)
                  898206e0    000039a8     hdvpss_drivers.aem3 : vpsdrv_dispGrpxPriv.oem3 (.bss:VpsDdrvGrpxInstObjects)
                  89824088    00003800                         : vpshal_vpdmaMosaic.oem3 (.bss:gSpaceForSplitterList)
                  89827888    000035d8                         : vpscore_deiWrbkPath.oem3 (.bss:VcoreDwpPoolObjs)
                  8982ae60    00002d5c                         : vps_dlmPriv.oem3 (.bss:VpsDlmPoolObj)
                  8982dbbc    00000004                         : vpshal_vps.oem3 (.bss)
                  8982dbc0    00002800     GrpxDisplay_main.oem3 (.bss:taskStackSection)
                  898303c0    00002800     hdvpss_drivers.aem3 : vpsdrv_captureList.oem3 (.bss:taskStackSection)
                  89832bc0    00002200                         : vpshal_vpdmaMosaic.oem3 (.bss:gSpaceForSplitWindow)
                  89834dc0    00001c00     hdvpss_examples_utility.aem3 : vpsutils_prf.oem3 (.bss:gVpsUtils_prfObj)
                  898369c0    0000107c     hdvpss_drivers.aem3 : vps_utils.oem3 (.bss:gVpsUtilsObjects)
                  89837a3c    00000ee0                         : vpscore_secPath.oem3 (.bss:SecHandleMemPool)
                  8983891c    00000bb0                         : vpscore_deiCommon.oem3 (.bss:DeiInstObjects)
                  898394cc    00000a78                         : vpscore_bypassPriv.oem3 (.bss:VcoreBpInstObjs)
                  89839f44    00000a50                         : vps_mlm.oem3 (.bss:MlmQueueObj)
                  8983a994    00000a10                         : vpscore_scWrbkPath.oem3 (.bss:SwpHandleMemPool)
                  8983b3a4    000008b4     hdvpss_devices.aem3 : vpsdrv_sii9135Api.oem3 (.bss:gVps_sii9135CommonObj)
                  8983bc58    00000858     hdvpss_drivers.aem3 : vpshal_hdvenc.oem3 (.bss:HdVencObj)
                  8983c4b0    00000800                         : vpsdrv_captureVip.oem3 (.bss:gVps_captSubFrameQObj)
                  8983ccb0    00000780                         : fvid2_drvMgr.oem3 (.bss:gFdmChannelObjects)
                  8983d430    000005a8                         : vpscore_deiWrbkPath.oem3 (.bss:DwpInstObjects)
                  8983d9d8    00000450                         : vpsdrv_m2mDeiPriv.oem3 (.bss:VpsMdrvDeiInstObjects)
                  8983de28    00000400                         : vpscore_vip.oem3 (.bss:VipChMemFlag)
                  8983e228    00000320                         : vps_evtMgr.oem3 (.bss:VemNode)
                  8983e548    0000030c                         : vpshal_sc.oem3 (.bss:ScInfo)
                  8983e854    00000300                         : vpsdrv_m2mScPriv.oem3 (.bss:VpsMdrvScChParamsIsAllocated)
                  8983eb54    000002f4                         : vpshal_sdvenc.oem3 (.bss:SdVencObj)
                  8983ee48    000002c8                         : vpscore_vipResCommon.oem3 (.bss:gVcore_vipResCommonObj)
                  8983f110    00000288                         : vps_mlm.oem3 (.bss:MlmInstInfo)
                  8983f398    00000280                         : vpsdrv_m2mScPriv.oem3 (.bss:VpsMdrvScInstObjects)
                  8983f618    00000270                         : vps_dctrl.oem3 (.bss:DcOutputNode)
                  8983f888    00000254                         : vps_resrcMgr.oem3 (.bss:VrmInfo)
                  8983fadc    000001e0                         : vpshal_chrus.oem3 (.bss:ChrusObj)
                  8983fcbc    00000180                         : vpshal_csc.oem3 (.bss:CscObj)
                  8983fe3c    0000014c     hdvpss_devices.aem3 : vpsdrv_sii9022a.oem3 (.bss:gVpsSii9022aCommonObj)
                  8983ff88    00000124                         : vpsdrv_tvp5158Api.oem3 (.bss:gVps_tvp5158CommonObj)
                  898400ac    00000120     rtsv7M3_T_le_eabi.lib : trgmsg.obj (.bss:__CIOBUF_)
                  898401cc    0000011c     hdvpss_drivers.aem3 : vps_dctrlTraversePriv.oem3 (.bss:DcStack)
                  898402e8    00000114     GrpxDisplay_main.oem3 (.bss:GrpxAppErrFrameList)
                  898403fc    00000114     GrpxDisplay_main.oem3 (.bss:GrpxAppFrameList)
                  89840510    00000108     hdvpss_drivers.aem3 : vps_dctrl.oem3 (.bss:DcCtrlInfo)
                  89840618    00000100                         : vpscore_vip.oem3 (.bss:VipInstObjects)
                  89840718    00000100     hdvpss_devices.aem3 : vpsdrv_tvp5158I2c.oem3 (.bss:regAddr$1)
                  89840818    000000f0     hdvpss_drivers.aem3 : fvid2_drvMgr.oem3 (.bss:gFdmDriverObjects)
                  89840908    000000e8                         : vpshal_vcomp.oem3 (.bss:VcompObjects)
                  898409f0    000000c8                         : vps_evtMgr.oem3 (.bss:gVem_clientInfoFlag)
                  89840ab8    000000c8     rtsv7M3_T_le_eabi.lib : trgdrv.obj (.bss:result$1)
                  89840b80    000000c0     hdvpss_drivers.aem3 : vpscore_grpxPriv.oem3 (.bss:GrpxChannelMemFlag)
                  89840c40    000000c0     hdvpss_i2c.aem3 : psp_i2cdrv.oem3 (.bss:i2CDriverObj)
                  89840d00    000000b4     GrpxDisplay_main.oem3 (.bss:GrpxAppFrames)
                  89840db4    000000a0     rtsv7M3_T_le_eabi.lib : defs.obj (.bss:_tmpnams)
                  89840e54    00000094     hdvpss_devices.aem3 : vpsdrv_tvp7002Api.oem3 (.bss:gVpsTvp7002Obj)
                  89840ee8    0000008c     hdvpss_drivers.aem3 : vpshal_cig.oem3 (.bss:CigObjects)
                  89840f74    00000078                         : vpscore_secPath.oem3 (.bss:SecInstObjects)
                  89840fec    00000064     GrpxDisplay_main.oem3 (.bss:rtParams)
                  89841050    00000060     hdvpss_drivers.aem3 : vpshal_vip.oem3 (.bss:VipPortObj)
                  898410b0    0000005f     GrpxDisplay_main.oem3 (.bss)
                  8984110f    00000001     --HOLE--
                  89841110    0000004c     hdvpss_platform.aem3 : vps_platform.oem3 (.bss:gPlatformCommonObj)
                  8984115c    00000048     hdvpss_drivers.aem3 : vpshal_grpx.oem3 (.bss:GrpxInfo)
                  898411a4    00000040                         : vpshal_dei.oem3 (.bss:DeiObjects)
                  898411e4    00000030                         : vpscore_scWrbkPath.oem3 (.bss)
                  89841214    0000002c                         : vpsdrv_captureVip.oem3 (.bss:gCaptSubFrameDebug)
                  89841240    00000028                         : vpshal_vps.oem3 (.bss:regOvly)
                  89841268    00000024     hdvpss_devices.aem3 : vpsdrv_deviceI2c.oem3 (.bss:gVps_deviceObj)
                  8984128c    00000020     hdvpss_drivers.aem3 : vpscore_vip.oem3 (.bss)
                  898412ac    00000004     --HOLE--
                  898412b0    00000020     hdvpss_examples_utility.aem3 : vpsutils_prf.oem3 (.bss)
                  898412d0    0000001c     hdvpss_devices.aem3 : vpsdrv_tvp7002I2c.oem3 (.bss)
                  898412ec    0000001c     hdvpss_drivers.aem3 : vpshal_vpdmaMosaic.oem3 (.bss)
                  89841308    00000018                         : vpscore_grpxPriv.oem3 (.bss)
                  89841320    00000018                         : vpsdrv_captureList.oem3 (.bss)
                  89841338    00000014     grpxDisplay_pem3.oem3 (.bss)
                  8984134c    00000014     hdvpss_drivers.aem3 : vps_dctrlIntPriv.oem3 (.bss)
                  89841360    00000014                         : vpscore_secPath.oem3 (.bss)
                  89841374    0000000c                         : vpscore_bypass.oem3 (.bss)
                  89841380    0000000c                         : vpscore_deiApi.oem3 (.bss)
                  8984138c    0000000c                         : vpscore_deiWrbkPath.oem3 (.bss)
                  89841398    0000000c                         : vpscore_graphics.oem3 (.bss)
                  898413a4    0000000c                         : vpsdrv_m2mScPriv.oem3 (.bss)
                  898413b0    0000000c                         : vpshal_grpx.oem3 (.bss)
                  898413bc    0000000c                         : vpshal_nf.oem3 (.bss)
                  898413c8    00000008                         : vpshal_vpdma.oem3 (.bss)
                  898413d0    00000008     rtsv7M3_T_le_eabi.lib : trgdrv.obj (.bss)
                  898413d8    00000006     hdvpss_examples_utility.aem3 : vpsutils_mem.oem3 (.bss)

.neardata 
*          0    898413de    00000000     UNINITIALIZED

.rodata    0    898413de    00000000     UNINITIALIZED

.data      0    898413e0    00011388     
                  898413e0    000015b0     hdvpss_drivers.aem3 : vps_evtMgr.oem3 (.data:gVem_obj)
                  89842990    00001268                         : vps_dctrl.oem3 (.data:DcNodes)
                  89843bf8    00000008     GrpxDisplay_main.oem3 (.data)
                  89843c00    00000fa2     hdvpss_drivers.aem3 : vpshal_vpdma.oem3 (.data:gVpsHal_vpdmaFirmware_1B0)
                  89844ba2    00000002     --HOLE-- [fill = 0]
                  89844ba4    0000001c                         : vpshal_sc.oem3 (.data)
                  89844bc0    00000fa2                         : vpshal_vpdma.oem3 (.data:gVpsHal_vpdmaFirmware_1B2)
                  89845b62    00000002     --HOLE-- [fill = 0]
                  89845b64    0000001c     hdvpss_platform.aem3 : vps_platformTI8107.oem3 (.data)
                  89845b80    00000fa2     hdvpss_drivers.aem3 : vpshal_vpdma.oem3 (.data:gVpsHal_vpdmaFirmware_1B5)
                  89846b22    00000002     --HOLE-- [fill = 0]
                  89846b24    00000018                         : vps_dctrlIntPriv.oem3 (.data)
                  89846b3c    00000004                         : remote_debug_server.oem3 (.data)
                  89846b40    00000fa2                         : vpshal_vpdma.oem3 (.data:gVpsHal_vpdmaFirmware_1B7)
                  89847ae2    00000002     --HOLE-- [fill = 0]
                  89847ae4    00000010     rtsv7M3_T_le_eabi.lib : defs.obj (.data)
                  89847af4    00000008     hdvpss_devices.aem3 : vpsdrv_thsfilters.oem3 (.data)
                  89847afc    00000004     hdvpss_drivers.aem3 : vpscore_scWrbkPath.oem3 (.data)
                  89847b00    00000eb0                         : vpshal_vpdma.oem3 (.data:gVpsHal_vpdmaFirmware_1A3)
                  898489b0    00000008     rtsv7M3_T_le_eabi.lib : _lock.obj (.data)
                  898489b8    00000008                           : exit.obj (.data)
                  898489c0    00000eb0     hdvpss_drivers.aem3 : vpshal_vpdma.oem3 (.data:gVpsHal_vpdmaFirmware_1AD)
                  89849870    00000004                         : vpscore_secPath.oem3 (.data)
                  89849874    00000004                         : vpsdrv_captureVip.oem3 (.data)
                  89849878    00000004                         : vpshal_vpdmaMosaic.oem3 (.data)
                  8984987c    00000004     hdvpss_examples_utility.aem3 : vpsutils_prf.oem3 (.data)
                  89849880    00000eb0     hdvpss_drivers.aem3 : vpshal_vpdma.oem3 (.data:gVpsHal_vpdmaFirmware_1AE)
                  8984a730    00000004     hdvpss_i2c.aem3 : psp_i2cdrv.oem3 (.data)
                  8984a734    00000004     rtsv7M3_T_le_eabi.lib : dtor_list.obj (.data)
                  8984a738    00000004                           : fopen.obj (.data)
                  8984a73c    00000004                           : lowlev.obj (.data)
                  8984a740    00000e7c     hdvpss_drivers.aem3 : vpshal_vpdma.oem3 (.data:gVpsHal_vpdmaFirmware_286)
                  8984b5bc    00000004     rtsv7M3_T_le_eabi.lib : stkdepth_vars.obj (.data)
                  8984b5c0    00000e7c     hdvpss_drivers.aem3 : vpshal_vpdma.oem3 (.data:gVpsHal_vpdmaFirmware_288)
                  8984c43c    00000004     --HOLE-- [fill = 0]
                  8984c440    00000e7a                         : vpshal_vpdma.oem3 (.data:gVpsHal_vpdmaFirmware_195)
                  8984d2ba    00000002     --HOLE-- [fill = 0]
                  8984d2bc    00000900                         : vpshal_vpdma.oem3 (.data:Channels)
                  8984dbbc    00000840                         : vps_dctrl.oem3 (.data:DcPreDefConfig)
                  8984e3fc    00000804                         : remote_debug_server.oem3 (.data:gRemoteDebug_serverObj)
                  8984ec00    00000428                         : vpshal_hdvenc.oem3 (.data:HdVencStdModeInfo)
                  8984f028    00000320                         : vpscore_graphics.oem3 (.data:VpsDdrDataTable)
                  8984f348    00000320                         : vpscore_grpxPriv.oem3 (.data:VpsDdrDataTable)
                  8984f668    000002c0     GrpxDisplay_main.oem3 (.data:grpxDcConfig)
                  8984f928    00000258     hdvpss_drivers.aem3 : vpshal_vpdma.oem3 (.data:VpdmaPathInfo)
                  8984fb80    00000228                         : vpshal_sdvenc.oem3 (.data:sdVencNtscCfg)
                  8984fda8    00000228                         : vpshal_sdvenc.oem3 (.data:sdVencPalCfg)
                  8984ffd0    00000220                         : vps_dctrl.oem3 (.data:DcInputNode)
                  898501f0    0000021c     hdvpss_devices.aem3 : vpsdrv_sii9022a.oem3 (.data:SiI9022ModeInfo)
                  8985040c    00000218     hdvpss_drivers.aem3 : fvid2_drvMgr.oem3 (.data:gFdmDataFmtStrTable)
                  89850624    000001c8                         : vpshal_hdvenc.oem3 (.data:gHdVencDefCfg)
                  898507ec    000001b0                         : vpshal_hdvenc.oem3 (.data:CscQFormCoeff)
                  8985099c    00000194     grpxDisplay_pem3.oem3 (.data)
                  89850b30    00000180     hdvpss_drivers.aem3 : vpshal_csc.oem3 (.data:CscDefaultCoeff)
                  89850cb0    00000140                         : vpshal_grpx.oem3 (.data:GrpxScHorzDownScaleCoeff)
                  89850df0    00000140     hdvpss_i2c.aem3 : psp_i2cdrv.oem3 (.data:i2CInstObj)
                  89850f30    00000140     grpxDisplay_pem3.oem3 (.data:ti_sysbios_family_arm_m3_Hwi_Module_State_0_dispatchTable__A)
                  89851070    00000130     hdvpss_drivers.aem3 : vps_init_ti8107.oem3 (.data)
                  898511a0    00000100                         : vpshal_grpx.oem3 (.data:GrpxScVertDownScaleCoeff)
                  898512a0    000000fc                         : vps_dctrlHalPriv.oem3 (.data:DcResMngr)
                  8985139c    000000f0     rtsv7M3_T_le_eabi.lib : defs.obj (.data:_ftable)
                  8985148c    000000e2     hdvpss_devices.aem3 : vpsdrv_tvp7002I2c.oem3 (.data)
                  8985156e    00000002     --HOLE-- [fill = 0]
                  89851570    000000d8     hdvpss_drivers.aem3 : vpshal_hdvenc.oem3 (.data:CscDefaultCoeff)
                  89851648    000000d8                         : vps_init_ti8107.oem3 (.data:deiMdrvInitParams)
                  89851720    000000c0                         : vps_init_ti8107.oem3 (.data:deiInitParams)
                  898517e0    000000ac                         : vpshal_comp.oem3 (.data:compObj)
                  8985188c    000000ac                         : vpshal_sdvenc.oem3 (.data)
                  89851938    000000a0                         : vpshal_sdvenc.oem3 (.data:standardModes)
                  898519d8    00000098                         : vps_init_ti8107.oem3 (.data:dcInitParams)
                  89851a70    00000098     grpxDisplay_pem3.oem3 (.data:ti_sysbios_utils_Load_Module__state__V)
                  89851b08    00000080     grpxDisplay_pem3.oem3 (.data:ti_sysbios_knl_Swi_Module_State_0_readyQ__A)
                  89851b88    00000080     grpxDisplay_pem3.oem3 (.data:ti_sysbios_knl_Task_Module_State_0_readyQ__A)
                  89851c08    0000007c     hdvpss_drivers.aem3 : vpshal_hdvenc.oem3 (.data:VpsHalHdVencCosineTable)
                  89851c84    0000007c                         : vpshal_hdvenc.oem3 (.data:VpsHalHdVencSineTable)
                  89851d00    0000007c                         : vpshal_sdvenc.oem3 (.data:VpsHalSdVencCosineTable)
                  89851d7c    0000007c                         : vpshal_sdvenc.oem3 (.data:VpsHalSdVencSineTable)
                  89851df8    00000078     rtsv7M3_T_le_eabi.lib : lowlev.obj (.data:_device)
                  89851e70    00000078     hdvpss_drivers.aem3 : vps_init_ti8107.oem3 (.data:scMdrvInitParams)
                  89851ee8    00000070     rtsv7M3_T_le_eabi.lib : xlvalues.obj (.data)
                  89851f58    0000006c     hdvpss_drivers.aem3 : vpshal_hdvenc.oem3 (.data:vpsHalHsvCoeff)
                  89851fc4    00000051                         : vpscore_vipResCommon.oem3 (.data)
                  89852015    00000003     --HOLE-- [fill = 0]
                  89852018    00000050                         : vpshal_grpx.oem3 (.data:GrpxScHorzAFCoeff)
                  89852068    00000050                         : vpshal_grpx.oem3 (.data:GrpxScHorzUpScaleCoeff)
                  898520b8    00000050     rtsv7M3_T_le_eabi.lib : lowlev.obj (.data:_stream)
                  89852108    00000050     hdvpss_drivers.aem3 : vps_init_ti8107.oem3 (.data:displayDrvInitPrms)
                  89852158    00000050                         : vps_init_ti8107.oem3 (.data:scInstParams)
                  898521a8    00000050     grpxDisplay_pem3.oem3 (.data:ti_sysbios_family_arm_m3_Hwi_Module_State_0_priorities__A)
                  898521f8    00000050     grpxDisplay_pem3.oem3 (.data:ti_sysbios_family_arm_m3_Hwi_Module__state__V)
                  89852248    00000048     hdvpss_drivers.aem3 : vps_init_ti8107.oem3 (.data:gprxInitParams)
                  89852290    00000044     grpxDisplay_pem3.oem3 (.data:ti_sysbios_knl_Task_Object__table__V)
                  898522d4    00000040     hdvpss_drivers.aem3 : vpshal_chrus.oem3 (.data:ChrusDefaultCoeff)
                  89852314    00000040                         : vpshal_grpx.oem3 (.data:GrpxScVertAFCoeff)
                  89852354    00000040                         : vpshal_grpx.oem3 (.data:GrpxScVertUpScaleCoeff)
                  89852394    00000040     hdvpss_examples_utility.aem3 : vpsutils_grpx.oem3 (.data)
                  898523d4    00000040                                  : vpsutils_grpx.oem3 (.data:rgb555)
                  89852414    00000040                                  : vpsutils_grpx.oem3 (.data:rgb666)
                  89852454    00000040                                  : vpsutils_grpx.oem3 (.data:rgb888)
                  89852494    00000038     hdvpss_drivers.aem3 : vpscore_vipResCommon.oem3 (.data:gVcore_vipResName)
                  898524cc    00000038     grpxDisplay_pem3.oem3 (.data:ti_sysbios_gates_GateMutex_Object__table__V)
                  89852504    00000038     hdvpss_drivers.aem3 : vps_init_ti8107.oem3 (.data:vipInitParams)
                  8985253c    00000034     grpxDisplay_pem3.oem3 (.data:ti_sysbios_family_arm_ducati_Timer_Object__table__V)
                  89852570    00000034     grpxDisplay_pem3.oem3 (.data:ti_sysbios_knl_Task_Module__state__V)
                  898525a4    00000030     hdvpss_drivers.aem3 : vps_init_ti8107.oem3 (.data:chrusInstParams)
                  898525d4    00000030                         : vps_init_ti8107.oem3 (.data:cscInstParams)
                  89852604    00000030                         : vps_init_ti8107.oem3 (.data:grpxDispInitParams)
                  89852634    00000030                         : vps_init_ti8107.oem3 (.data:hdvencInstParams)
                  89852664    00000030     grpxDisplay_pem3.oem3 (.data:ti_sysbios_family_arm_m3_Hwi_Object__table__V)
                  89852694    00000030     grpxDisplay_pem3.oem3 (.data:ti_sysbios_knl_Swi_Object__table__V)
                  898526c4    00000030     grpxDisplay_pem3.oem3 (.data:ti_sysbios_timers_dmtimer_Timer_Module_State_0_device__A)
                  898526f4    0000002c     grpxDisplay_pem3.oem3 (.data:ti_sysbios_knl_Clock_Module__state__V)
                  89852720    00000028     hdvpss_drivers.aem3 : vps_init_ti8107.oem3 (.data:secInitParams)
                  89852748    00000020                         : fvid2_drvMgr.oem3 (.data)

.stack     0    89852768    00004000     UNINITIALIZED
                  89852768    00004000     --HOLE--

xdc.meta   0    8c7a0000    00000166     COPY SECTION
                  8c7a0000    00000166     grpxDisplay_pem3.oem3 (xdc.meta)

.text      0    8c7a0000    000a349e     
                  8c7a0000    00000ea2     rtsv7M3_T_le_eabi.lib : _printfi.obj (.text)
                  8c7a0ea2    00000002     sysbios.lib : BIOS.obj (.text:nullFunc$0)
                  8c7a0ea4    00000cd0     hdvpss_drivers.aem3 : vpscore_dei.oem3 (.text:vcoreDeiProgramMosaicDesc)
                  8c7a1b74    00000c94     GrpxDisplay_main.oem3 (.text:vpsGrpxDisplayTest)
                  8c7a2808    00000acc     hdvpss_drivers.aem3 : vpsdrv_dispGrpxPriv.oem3 (.text:vpsDdrvGrpxAllocDescMem)
                  8c7a32d4    000009d7                         : vpsdrv_m2mSc.oem3 (.text:VpsMdrv_scCreate)
                  8c7a3cab    00000001     --HOLE-- [fill = 0]
                  8c7a3cac    00000910                         : vpsdrv_m2mDeiReq.oem3 (.text:vpsMdrvDeiProcessReq)
                  8c7a45bc    000008d0                         : vpscore_deiApi.oem3 (.text:Vcore_deiUpdateContext)
                  8c7a4e8c    000008d0                         : vpscore_bypassPriv.oem3 (.text:vcoreBpProgramMosaicDesc)
                  8c7a575c    000008c0                         : vpscore_deiCommon.oem3 (.text:vcoreDeiCheckParams)
                  8c7a601c    000007bc                         : vpsdrv_m2mDeiPriv.oem3 (.text:vpsMdrvDeiAllocChDescMem)
                  8c7a67d8    000007b8                         : vpsdrv_m2mDeiPriv.oem3 (.text:vpsMdrvDeiSplitChDescMem)
                  8c7a6f90    000007a0                         : vpsdrv_display.oem3 (.text:VpsDdrv_create)
                  8c7a7730    00000774                         : vpsdrv_m2mDeiReq.oem3 (.text:vpsMdrvDeiUpdateChDesc)
                  8c7a7ea4    0000076b                         : vpsdrv_m2mDeiPriv.oem3 (.text:vpsMdrvDeiProgramChDesc)
                  8c7a860f    00000001     --HOLE-- [fill = 0]
                  8c7a8610    0000075c                         : vpscore_dei.oem3 (.text:vcoreDeiProgramDesc)
                  8c7a8d6c    00000720                         : vps_dctrl.oem3 (.text:Dc_init)
                  8c7a948c    00000700                         : vpsdrv_m2mSc.oem3 (.text:vpsMdrvScUpdateDescs)
                  8c7a9b8c    000006f4                         : vps_evtMgr.oem3 (.text:vemFillClientInfo)
                  8c7aa280    000006d8                         : vpsdrv_display.oem3 (.text:vpsDeiDdrvCheckRtParams)
                  8c7aa958    000006d4                         : vpsdrv_displayPriv.oem3 (.text:vpsDrvAllocSliceCoreMem)
                  8c7ab02c    000006d4                         : vpsdrv_m2mDeiReq.oem3 (.text:vpsMdrvDeiRotateCtxBufMode1)
                  8c7ab700    000006b8                         : vps_dlm.oem3 (.text:VpsDlm_updateDescMem)
                  8c7abdb8    000006a8                         : vpscore_deiCommon.oem3 (.text:vcoreDeiCreateLayout)
                  8c7ac460    00000698                         : vpscore_bypassPriv.oem3 (.text:vcoreBpCreateLayout)
                  8c7acaf8    00000690                         : vpsdrv_dispGrpx.oem3 (.text:vpsDdrvGrpxUpdateBufIsr)
                  8c7ad188    0000068c                         : vpsdrv_m2mDeiCore.oem3 (.text:vpsMdrvDeiCfgDeiHqCore)
                  8c7ad814    00000674                         : vpscore_secPath.oem3 (.text:secProgramDataDesc)
                  8c7ade88    0000066c                         : vpscore_deiApi.oem3 (.text:Vcore_deiUpdateMultiDesc)
                  8c7ae4f4    0000066c                         : vpsdrv_m2mDeiApi.oem3 (.text:vpsMdrvDeiSetScCoeffIoctl)
                  8c7aeb60    0000065c                         : vpshal_vpdmaMosaic.oem3 (.text:VpsHal_vpdmaSetupMosaicCfg)
                  8c7af1bc    00000644                         : vpsdrv_m2mDeiCore.oem3 (.text:vpsMdrvDeiCfgDeiCore)
                  8c7af800    00000632                         : vps_dlm.oem3 (.text:VpsDlm_startStopClients)
                  8c7afe32    00000002     sysbios.lib : BIOS.obj (.text:ti_sysbios_gates_GateHwi_Instance_init__F)
                  8c7afe34    0000062c     hdvpss_drivers.aem3 : vpsdrv_m2mDeiReq.oem3 (.text:vpsMdrvDeiUpdateRtParams)
                  8c7b0460    00000628                         : vpsdrv_display.oem3 (.text:vpsDdrvUpdateBufIsr)
                  8c7b0a88    00000618                         : vpsdrv_captureList.oem3 (.text:Vps_CaptTskPutCaptFrm)
                  8c7b10a0    00000608                         : vps_dctrlIntPriv.oem3 (.text:Dc_startClient)
                  8c7b16a8    00000604                         : vpsdrv_displayPriv.oem3 (.text:vpsDdrvCheckDeiDispParams)
                  8c7b1cac    000005cc                         : vpsdrv_dispGrpx.oem3 (.text:VpsDdrv_grpxCreate)
                  8c7b2278    000005c0                         : vpscore_bypass.oem3 (.text:Vcore_bpUpdateMultiDesc)
                  8c7b2838    000005c0                         : vpsdrv_m2mDeiApi.oem3 (.text:VpsMdrv_deiCreate)
                  8c7b2df8    000005b4                         : vps_dlmPriv.oem3 (.text:vpsDlmAllocListObject)
                  8c7b33ac    000005b0     hdvpss_examples_utility.aem3 : vpsutils_grpx.oem3 (.text:VpsUtils_grpxGenPattern)
                  8c7b395c    000005a4     hdvpss_drivers.aem3 : vpscore_secPath.oem3 (.text:secCheckFormat)
                  8c7b3f00    000005a0                         : vpsdrv_m2mSc.oem3 (.text:vpsMdrvScUpdateDescList)
                  8c7b44a0    0000057c                         : vpsdrv_m2mDeiPriv.oem3 (.text:vpsMdrvDeiCopyChPrms)
                  8c7b4a1c    00000578                         : vpscore_graphics.oem3 (.text:vcoreGrpxSetParams)
                  8c7b4f94    00000564                         : vpsdrv_display.oem3 (.text:vpsDdrvStartIoctl)
                  8c7b54f8    00000554                         : vps_init_ti8107.oem3 (.text:vpsiHalOpen)
                  8c7b5a4c    0000054c                         : vpscore_vip.oem3 (.text:Vcore_vipProgramReg)
                  8c7b5f98    00000546                         : vpshal_vpdmaMosaic.oem3 (.text:determineWindowOrder)
                  8c7b64de    00000002     --HOLE-- [fill = 0]
                  8c7b64e0    00000538                         : vpsdrv_m2mDeiPriv.oem3 (.text:vpsMdrvDeiAllocHandleObj)
                  8c7b6a18    0000052c                         : vpsdrv_displayPriv.oem3 (.text:vpsDdrvConfigDeiCore)
                  8c7b6f44    00000528                         : vpscore_vip.oem3 (.text:Vcore_vipUpdateRtMem)
                  8c7b746c    00000528                         : vpsdrv_m2mDeiReq.oem3 (.text:VpsMdrvDeiGetScFactorConfig)
                  8c7b7994    00000524                         : vpsdrv_m2mSc.oem3 (.text:VpsMdrv_scControl)
                  8c7b7eb8    0000051e                         : vps_dlm.oem3 (.text:VpsDlm_unLinkDctrlClient)
                  8c7b83d6    00000002     --HOLE-- [fill = 0]
                  8c7b83d8    0000051c                         : vpscore_dei.oem3 (.text:vcoreDeiProgramPrevFldDesc)
                  8c7b88f4    0000050c                         : vps_dctrlIntPriv.oem3 (.text:Dc_stopClient)
                  8c7b8e00    00000500                         : vpsdrv_m2mDeiPriv.oem3 (.text:vpsMdrvDeiCalcChCtxMem)
                  8c7b9300    00000500                         : vpsdrv_m2mDeiApi.oem3 (.text:vpsMdrvDeiGetCtxBufIoctl)
                  8c7b9800    000004f8                         : vpshal_hdvenc.oem3 (.text:VpsHal_hdVencSetControl)
                  8c7b9cf8    000004f8                         : vps_dctrlIntPriv.oem3 (.text:dcEnableInputPaths)
                  8c7ba1f0    000004f2                         : vpsdrv_m2mDeiReq.oem3 (.text:vpsMdrvDeiExtractComprSize)
                  8c7ba6e2    00000002     --HOLE-- [fill = 0]
                  8c7ba6e4    000004de                         : vpsdrv_displayPriv.oem3 (.text:vpsDdrvSliceCoreMem)
                  8c7babc2    00000002     --HOLE-- [fill = 0]
                  8c7babc4    000004d2                         : vps_dlm.oem3 (.text:vpsDlmSendInterruptIsr)
                  8c7bb096    00000002     --HOLE-- [fill = 0]
                  8c7bb098    000004c1                         : vpshal_vpdmaMosaic.oem3 (.text:splitWindowsOnXAxis)
                  8c7bb559    00000003     --HOLE-- [fill = 0]
                  8c7bb55c    000004bc                         : vpscore_vipResCommon.oem3 (.text:Vcore_vipCreateConfigOvly)
                  8c7bba18    000004a6                         : vps_evtMgr.oem3 (.text:Vem_unRegister)
                  8c7bbebe    00000002     --HOLE-- [fill = 0]
                  8c7bbec0    000004a6                         : vpsdrv_m2mSlice.oem3 (.text:printHsubFrameInfo)
                  8c7bc366    00000002     --HOLE-- [fill = 0]
                  8c7bc368    000004a4                         : vpscore_graphics.oem3 (.text:Vcore_grpxUpdateMultiDesc)
                  8c7bc80c    00000498                         : vpsdrv_dispGrpx.oem3 (.text:vpsDdrvGrpxStartIoctl)
                  8c7bcca4    0000048c                         : vpsdrv_display.oem3 (.text:VpsDdrv_delete)
                  8c7bd130    00000488                         : vps_dctrlIntPriv.oem3 (.text:Dc_setInputFrameSize)
                  8c7bd5b8    00000488                         : vpscore_bypassPriv.oem3 (.text:vcoreBpProgramDesc)
                  8c7bda40    0000047c                         : vps_mlm.oem3 (.text:Mlm_submit)
                  8c7bdebc    00000478                         : vps_dctrlIntPriv.oem3 (.text:Dc_getPathInfo)
                  8c7be334    00000470                         : vpsdrv_m2mDeiCore.oem3 (.text:vpsMdrvDeiOpenCores)
                  8c7be7a4    00000468                         : vpsdrv_dispGrpxPriv.oem3 (.text:vpsDdrvGrpxPrivInit)
                  8c7bec0c    00000462                         : vpscore_dei.oem3 (.text:vcoreDeiFigureOutState)
                  8c7bf06e    00000002     --HOLE-- [fill = 0]
                  8c7bf070    0000045c                         : vpsdrv_m2mDeiApi.oem3 (.text:vpsMdrvDeiSetCtxBufIoctl)
                  8c7bf4cc    00000458                         : vpsdrv_m2mDeiPlatform.oem3 (.text:vpsMdrvDeiOverridePrevFldBufIoctl)
                  8c7bf924    00000454                         : vpscore_deiHal.oem3 (.text:vcoreDeiProgramReg)
                  8c7bfd78    00000454                         : vpsdrv_m2mDeiApi.oem3 (.text:vpsMdrvDeiCheckParams)
                  8c7c01cc    00000450                         : vpsdrv_m2mSc.oem3 (.text:vpsMdrvScOpenCores)
                  8c7c061c    0000044c                         : vpshal_hdvenc.oem3 (.text:VpsHal_hdVencSetConfig)
                  8c7c0a68    00000448                         : vpsdrv_captureApi.oem3 (.text:Vps_captPrintAdvancedStatistics)
                  8c7c0eb0    00000444                         : vpsdrv_m2mSc.oem3 (.text:vpsMdrvScSetChPrms)
                  8c7c12f4    0000043e                         : vpscore_graphics.oem3 (.text:Vcore_grpxSetParams)
                  8c7c1732    00000002     --HOLE-- [fill = 0]
                  8c7c1734    0000043c                         : vpsdrv_display.oem3 (.text:vpsDeiDdrvUpdateRtParams)
                  8c7c1b70    00000439                         : vpscore_vipResCommon.oem3 (.text:Vcore_vipResAlloc)
                  8c7c1fa9    00000003     --HOLE-- [fill = 0]
                  8c7c1fac    00000434                         : vpscore_bypassPriv.oem3 (.text:vcoreBpCheckFmt)
                  8c7c23e0    00000430                         : vpsdrv_m2mSc.oem3 (.text:vpsMdrvScGetScFactorConfig)
                  8c7c2810    0000042c                         : vpscore_vipResCommon.oem3 (.text:Vcore_vipSetMux)
                  8c7c2c3c    00000424                         : vpshal_sc.oem3 (.text:VpsHal_scGetConfig)
                  8c7c3060    00000421                         : vpshal_vpdmaMosaic.oem3 (.text:splitWindowsOnYAxis)
                  8c7c3481    00000003     --HOLE-- [fill = 0]
                  8c7c3484    0000041c                         : vps_dctrl.oem3 (.text:dcConfigVencMode)
                  8c7c38a0    0000040c                         : vpsdrv_m2mDeiPriv.oem3 (.text:vpsMdrvDeiFreeHandleObj)
                  8c7c3cac    00000408                         : vpscore_dei.oem3 (.text:vcoreDeiProgramMvstmDesc)
                  8c7c40b4    00000404                         : vps_dctrlIntPriv.oem3 (.text:dcGetResources)
                  8c7c44b8    00000404                         : vpscore_dei.oem3 (.text:vcoreDeiProgramMvDesc)
                  8c7c48bc    00000402                         : vpsdrv_m2mScPriv.oem3 (.text:vpsMdrvScUpdateChPrms)
                  8c7c4cbe    00000002     --HOLE-- [fill = 0]
                  8c7c4cc0    000003f9                         : vpshal_cig.oem3 (.text:VpsHal_cigSetPipConfig)
                  8c7c50b9    00000003     --HOLE-- [fill = 0]
                  8c7c50bc    000003f4                         : vpsdrv_display.oem3 (.text:vpsDdrvUpdateRtParams)
                  8c7c54b0    000003f0                         : vpsdrv_display.oem3 (.text:vpsDdrvUpdateCoreRtParams)
                  8c7c58a0    000003ec     hdvpss_platform.aem3 : vps_platformTI8107.oem3 (.text:Vps_platformTI8107SetPinMux)
                  8c7c5c8c    000003e8     hdvpss_drivers.aem3 : vpsdrv_captureApi.oem3 (.text:Vps_captCreateChObj)
                  8c7c6074    000003e7                         : vpsdrv_m2mSc.oem3 (.text:vpsMdrvScCreateCfgDescs)
                  8c7c645b    00000001     --HOLE-- [fill = 0]
                  8c7c645c    000003e6                         : vps_dlm.oem3 (.text:vpsDlmProcessStartStopReq)
                  8c7c6842    00000002     --HOLE-- [fill = 0]
                  8c7c6844    000003e4                         : vpsdrv_captureApi.oem3 (.text:Vps_captCreate)
                  8c7c6c28    000003de                         : vpsdrv_display.oem3 (.text:vpsDdrvCreateLayoutIoctl)
                  8c7c7006    00000002     --HOLE-- [fill = 0]
                  8c7c7008    000003d9                         : vpscore_grpxPriv.oem3 (.text:vcoreGrpxCheckPitchDataFormat)
                  8c7c73e1    00000003     --HOLE-- [fill = 0]
                  8c7c73e4    000003d8     sysbios.lib : BIOS.obj (.text:ti_sysbios_family_arm_m3_Hwi_excDumpRegs__I)
                  8c7c77bc    000003d8     hdvpss_drivers.aem3 : vpsdrv_m2mDeiPriv.oem3 (.text:vpsMdrvDeiInit)
                  8c7c7b94    000003d4                         : vpsdrv_captureApi.oem3 (.text:Vps_captCreateQueues)
                  8c7c7f68    000003d4                         : vpsdrv_displayPriv.oem3 (.text:vpsDdrvProgramReg)
                  8c7c833c    000003cc                         : vpshal_vpdmaMosaic.oem3 (.text:makeYAxisSplitterList)
                  8c7c8708    000003c8                         : vpscore_secPath.oem3 (.text:Vcore_secOpen)
                  8c7c8ad0    000003c8                         : vpshal_vpdma.oem3 (.text:VpsHal_vpdmaPostList)
                  8c7c8e98    000003c2                         : vpsdrv_displayPriv.oem3 (.text:vpsDdrvConfigDctrl)
                  8c7c925a    00000002     --HOLE-- [fill = 0]
                  8c7c925c    000003c0                         : vpsdrv_m2mDeiCore.oem3 (.text:vpsMdrvDeiWrAdvCfgIoctl)
                  8c7c961c    000003bc                         : vps_dctrl.oem3 (.text:Vps_dcControl)
                  8c7c99d8    000003bc                         : vpsdrv_m2mDeiCore.oem3 (.text:vpsMdrvDeiHqWrAdvCfgIoctl)
                  8c7c9d94    000003ba                         : vpshal_sc.oem3 (.text:VpsHal_scGetScFactorConfig)
                  8c7ca14e    00000002     --HOLE-- [fill = 0]
                  8c7ca150    000003b4                         : vpshal_sc.oem3 (.text:VpsHal_scInit)
                  8c7ca504    000003ac                         : vpshal_vpdma.oem3 (.text:VpsHal_vpdmaInit)
                  8c7ca8b0    000003a8                         : vpscore_vipResCommon.oem3 (.text:Vcore_vipRestoreMux)
                  8c7cac58    000003a4                         : vpscore_vip.oem3 (.text:Vcore_vipInit)
                  8c7caffc    000003a4                         : vpsdrv_captureList.oem3 (.text:Vps_captTskUpdateList)
                  8c7cb3a0    0000039f                         : vps_dlmPriv.oem3 (.text:vpsDlmLinkClientDesc)
                  8c7cb73f    00000001     --HOLE-- [fill = 0]
                  8c7cb740    0000039c                         : vpscore_deiHal.oem3 (.text:vcoreDeiProgramFrmSizeReg)
                  8c7cbadc    0000039a                         : vpscore_scWrbkPath.oem3 (.text:Vcore_swpControl)
                  8c7cbe76    00000002     --HOLE-- [fill = 0]
                  8c7cbe78    00000395                         : vpshal_dei.oem3 (.text:VpsHal_deiSetFmdConfig)
                  8c7cc20d    00000003     --HOLE-- [fill = 0]
                  8c7cc210    00000390                         : vpscore_deiApi.oem3 (.text:vcoreDeiUpdateRtPrms)
                  8c7cc5a0    0000038e                         : vpshal_hdvenc.oem3 (.text:hdVencSetModeTiming)
                  8c7cc92e    00000002     --HOLE-- [fill = 0]
                  8c7cc930    0000038c     hdvpss_devices.aem3 : vpsdrv_tvp7002I2c.oem3 (.text:Vps_tvp7002SetupVideo)
                  8c7cccbc    0000038a     hdvpss_drivers.aem3 : vps_dlm.oem3 (.text:vpsDlmCheckStartStopPrms)
                  8c7cd046    00000002     --HOLE-- [fill = 0]
                  8c7cd048    00000386                         : vpsdrv_dispGrpx.oem3 (.text:VpsDdrv_grpxDelete)
                  8c7cd3ce    00000002     --HOLE-- [fill = 0]
                  8c7cd3d0    00000384                         : vpsdrv_captureApi.oem3 (.text:Vps_captSubFrameInitArgs)
                  8c7cd754    00000380                         : vpscore_grpxPriv.oem3 (.text:vcoreGrpxPrivInit)
                  8c7cdad4    0000037c                         : vpsdrv_m2mNsfChannel.oem3 (.text:Vps_nsfChannelUpdateDescSet)
                  8c7cde50    00000376                         : vpscore_vipResSingleChYuv422.oem3 (.text:Vcore_vipResAllocSingleChYuv422PathYuv422Out)
                  8c7ce1c6    00000002     --HOLE-- [fill = 0]
                  8c7ce1c8    00000375                         : vpsdrv_dispGrpx.oem3 (.text:VpsDdrvGrpxUpdateDesc)
                  8c7ce53d    00000003     --HOLE-- [fill = 0]
                  8c7ce540    00000374                         : vpshal_sc.oem3 (.text:scCheckParams)
                  8c7ce8b4    00000374                         : vpscore_dei.oem3 (.text:vcoreDeiProgramCurOutDesc)
                  8c7cec28    00000374                         : vps_dlmPriv.oem3 (.text:vpsDlmPrivInit)
                  8c7cef9c    00000370                         : vpshal_vpdma.oem3 (.text:VpsHal_vpdmaLoadStateMachine)
                  8c7cf30c    0000036c     rtsv7M3_T_le_eabi.lib : lowlev.obj (.text)
                  8c7cf678    00000362     hdvpss_drivers.aem3 : vpsdrv_dispGrpxPriv.oem3 (.text:vpsDdrvGrpxSetCore)
                  8c7cf9da    00000002     --HOLE-- [fill = 0]
                  8c7cf9dc    0000035c                         : vpscore_deiApi.oem3 (.text:Vcore_deiProgramReg)
                  8c7cfd38    00000358                         : vpscore_vipResCommon.oem3 (.text:Vcore_vipGetConfigOvlySize)
                  8c7d0090    00000358                         : vpsdrv_m2mNsfChannel.oem3 (.text:Vps_nsfChannelSetProcessingCfg)
                  8c7d03e8    00000356     hdvpss_devices.aem3 : vpsdrv_device.oem3 (.text:Vps_deviceInit)
                  8c7d073e    00000002     --HOLE-- [fill = 0]
                  8c7d0740    00000340     hdvpss_drivers.aem3 : vpshal_hdvenc.oem3 (.text:VpsHal_hdVencSetMode)
                  8c7d0a80    00000340                         : vps_dctrlIntPriv.oem3 (.text:dcCreateRtConfigOverlay)
                  8c7d0dc0    00000340                         : vpscore_vip.oem3 (.text:vcoreVipScGetAdvConfig)
                  8c7d1100    0000033e                         : vps_dctrlHalPriv.oem3 (.text:dcConfigHal)
                  8c7d143e    00000002     --HOLE-- [fill = 0]
                  8c7d1440    0000033c                         : vpshal_vpdma.oem3 (.text:VpsHal_vpdmaCreateConfigDesc)
                  8c7d177c    0000033c                         : vpscore_deiCommon.oem3 (.text:vcoreDeiSetDefChInfo)
                  8c7d1ab8    0000033a                         : vpsdrv_m2mScPriv.oem3 (.text:vpsMdrvScAllocDescMem)
                  8c7d1df2    00000002     --HOLE-- [fill = 0]
                  8c7d1df4    00000336                         : vpsdrv_m2mDeiCore.oem3 (.text:vpsMdrvDeiGetSocCh)
                  8c7d212a    00000002     --HOLE-- [fill = 0]
                  8c7d212c    00000333                         : vpsdrv_displayPriv.oem3 (.text:vpsDdrvConfigBpSecCore)
                  8c7d245f    00000001     --HOLE-- [fill = 0]
                  8c7d2460    0000032f                         : vps_dlmPriv.oem3 (.text:vpsDlmLinkListCtrlDesc)
                  8c7d278f    00000001     --HOLE-- [fill = 0]
                  8c7d2790    0000032d                         : vpshal_sc.oem3 (.text:VpsHal_scSetConfig)
                  8c7d2abd    00000003     --HOLE-- [fill = 0]
                  8c7d2ac0    0000032c                         : vpsdrv_captureLm.oem3 (.text:Vps_captLmPrintAdvancedStatistics)
                  8c7d2dec    0000032c                         : vps_dctrl.oem3 (.text:dcCtrlNodeInput)
                  8c7d3118    00000328                         : vps_evtMgr.oem3 (.text:Vem_masterISR)
                  8c7d3440    00000324                         : vpscore_graphics.oem3 (.text:Vcore_grpxUpdateDesc)
                  8c7d3764    00000323                         : vps_dlm.oem3 (.text:vpsDlmListCompleteIsr)
                  8c7d3a87    00000001     --HOLE-- [fill = 0]
                  8c7d3a88    00000323                         : vps_dlmPriv.oem3 (.text:vpsDlmUnlinkClientDesc)
                  8c7d3dab    00000001     --HOLE-- [fill = 0]
                  8c7d3dac    00000322                         : vpscore_secPath.oem3 (.text:Vcore_secSetFormat)
                  8c7d40ce    00000002     --HOLE-- [fill = 0]
                  8c7d40d0    00000320                         : vps_dctrl.oem3 (.text:dcSetVencClkSrc)
                  8c7d43f0    0000031c                         : vpscore_scWrbkPath.oem3 (.text:Vcore_swpInit)
                  8c7d470c    0000031c                         : vpscore_vip.oem3 (.text:vcoreVipScSetAdvConfig)
                  8c7d4a28    0000031a                         : vpsdrv_dispGrpx.oem3 (.text:vpsDdrvGrpxFbUpdateBufIsr)
                  8c7d4d42    00000002     --HOLE-- [fill = 0]
                  8c7d4d44    00000316                         : vpscore_vip.oem3 (.text:vcoreVipProgramDesc)
                  8c7d505a    00000002     --HOLE-- [fill = 0]
                  8c7d505c    00000314                         : vpscore_secPath.oem3 (.text:Vcore_secInit)
                  8c7d5370    00000314                         : vpsdrv_m2mDeiPlatform.oem3 (.text:vpsMdrvDeiReleaseCtxFields)
                  8c7d5684    00000312                         : vpsdrv_m2mDeiApi.oem3 (.text:VpsMdrv_deiDelete)
                  8c7d5996    00000002     --HOLE-- [fill = 0]
                  8c7d5998    00000310     ti.targets.arm.rtsarm.aem3 : System.oem3 (.text:xdc_runtime_System_doPrint__I)
                  8c7d5ca8    0000030e     hdvpss_drivers.aem3 : vpscore_graphics.oem3 (.text:Vcore_grpxOpen)
                  8c7d5fb6    00000002     --HOLE-- [fill = 0]
                  8c7d5fb8    0000030c                         : vpscore_deiHal.oem3 (.text:vcoreDeiInitHalParams)
                  8c7d62c4    0000030c                         : vpsdrv_dispGrpx.oem3 (.text:vpsDdrvGrpxUpdateRtParams)
                  8c7d65d0    0000030a                         : vpscore_graphics.oem3 (.text:Vcore_grpxUpdateRtMem)
                  8c7d68da    00000002     --HOLE-- [fill = 0]
                  8c7d68dc    00000309                         : vpshal_sc.oem3 (.text:VpsHal_scSetAdvConfig)
                  8c7d6be5    00000003     --HOLE-- [fill = 0]
                  8c7d6be8    00000308                         : vpsdrv_captureList.oem3 (.text:Vps_captAddFrmToList)
                  8c7d6ef0    00000308                         : vpsdrv_m2mDeiPlatform.oem3 (.text:vpsMdrvDeiAgeCtxBufs)
                  8c7d71f8    00000304                         : vpshal_csc.oem3 (.text:VpsHal_cscSetConfig)
                  8c7d74fc    00000304                         : vpsdrv_m2mDeiPriv.oem3 (.text:vpsMdrvDeiFreeCoreMem)
                  8c7d7800    00000303                         : vpshal_grpx.oem3 (.text:VpsHal_grpxRegionParamsCheck)
                  8c7d7b03    00000001     --HOLE-- [fill = 0]
                  8c7d7b04    00000302                         : vpsdrv_m2mDeiPriv.oem3 (.text:vpsMdrvDeiAllocSplitHandleDescMem)
                  8c7d7e06    00000002     --HOLE-- [fill = 0]
                  8c7d7e08    00000300                         : vpsdrv_displayPriv.oem3 (.text:vpsDdrvPrivInit)
                  8c7d8108    000002fe                         : vpshal_vpdmaMosaic.oem3 (.text:printWindowsSplitParams)
                  8c7d8406    00000002     --HOLE-- [fill = 0]
                  8c7d8408    000002fa                         : vpsdrv_dispGrpxPriv.oem3 (.text:vpsDdrvGrpxConfigDctrl)
                  8c7d8702    00000002     --HOLE-- [fill = 0]
                  8c7d8704    000002f9                         : vpsdrv_m2mDeiCore.oem3 (.text:vpsMdrvDeiRdAdvCfgIoctl)
                  8c7d89fd    00000003     --HOLE-- [fill = 0]
                  8c7d8a00    000002f8                         : vpscore_deiApi.oem3 (.text:Vcore_deiUpdateDesc)
                  8c7d8cf8    000002f8                         : vpsdrv_captureList.oem3 (.text:Vps_captAddToList)
                  8c7d8ff0    000002f8                         : vpsdrv_m2mDeiPriv.oem3 (.text:vpsMdrvDeiAllocChObjs)
                  8c7d92e8    000002f8                         : vps_init_ti8107.oem3 (.text:vpsiHalInit)
                  8c7d95e0    000002f7                         : vpsdrv_m2mDeiCore.oem3 (.text:vpsMdrvDeiHqRdAdvCfgIoctl)
                  8c7d98d7    00000001     --HOLE-- [fill = 0]
                  8c7d98d8    000002f5                         : vpshal_vpdma.oem3 (.text:VpsHal_vpdmaCreateRegionDataDesc)
                  8c7d9bcd    00000003     --HOLE-- [fill = 0]
                  8c7d9bd0    000002f3                         : vpsdrv_m2mDeiCore.oem3 (.text:vpsMdrvDeiScRdAdvCfgIoctl)
                  8c7d9ec3    00000001     --HOLE-- [fill = 0]
                  8c7d9ec4    000002f3                         : vpsdrv_m2mDeiCore.oem3 (.text:vpsMdrvDeiScWrAdvCfgIoctl)
                  8c7da1b7    00000001     --HOLE-- [fill = 0]
                  8c7da1b8    000002f0                         : vpshal_hdvenc.oem3 (.text:VpsHal_hdvencInit)
                  8c7da4a8    000002f0                         : vpsdrv_captureList.oem3 (.text:Vps_CaptTskPutCaptField)
                  8c7da798    000002f0                         : vpsdrv_captureList.oem3 (.text:Vps_captInitializeList)
                  8c7daa88    000002f0                         : vpsdrv_captureList.oem3 (.text:Vps_captTskSubmitFrameList)
                  8c7dad78    000002f0                         : vpsdrv_m2mSc.oem3 (.text:vpsMdrvScSetCoeffQObj)
                  8c7db068    000002ee                         : vpscore_deiHal.oem3 (.text:vcoreDeiScGetAdvCfgIoctl)
                  8c7db356    00000002     --HOLE-- [fill = 0]
                  8c7db358    000002ec                         : vpshal_comp.oem3 (.text:VpsHal_compInit)
                  8c7db644    000002ec                         : vpsdrv_captureVip.oem3 (.text:Vps_captVipParserConfigSetup)
                  8c7db930    000002ec     rtsv7M3_T_le_eabi.lib : trgdrv.obj (.text)
                  8c7dbc1c    000002ec     hdvpss_drivers.aem3 : vpsdrv_display.oem3 (.text:vpsDdrvSetDeiDispParamIoctl)
                  8c7dbf08    000002ea                         : vpsdrv_m2mSc.oem3 (.text:vpsMdrvScGetDescInfo)
                  8c7dc1f2    00000002     --HOLE-- [fill = 0]
                  8c7dc1f4    000002e8                         : vpscore_deiWrbkPath.oem3 (.text:Vcore_dwpUpdateRtMem)
                  8c7dc4dc    000002e2                         : vpscore_grpxPriv.oem3 (.text:vcoreGrpxCheckFormat)
                  8c7dc7be    00000002     --HOLE-- [fill = 0]
                  8c7dc7c0    000002e1                         : vpscore_deiApi.oem3 (.text:Vcore_deiUpdateRtMem)
                  8c7dcaa1    00000003     --HOLE-- [fill = 0]
                  8c7dcaa4    000002de                         : vpscore_deiApi.oem3 (.text:Vcore_deiControl)
                  8c7dcd82    00000002     --HOLE-- [fill = 0]
                  8c7dcd84    000002dc                         : vps_init_ti8107.oem3 (.text:vpsiCoreInit)
                  8c7dd060    000002da                         : vpscore_deiWrbkPath.oem3 (.text:Vcore_dwpOpen)
                  8c7dd33a    00000002     --HOLE-- [fill = 0]
                  8c7dd33c    000002da                         : vpscore_vip.oem3 (.text:Vcore_vipOpen)
                  8c7dd616    00000002     --HOLE-- [fill = 0]
                  8c7dd618    000002da                         : vpsdrv_m2mSc.oem3 (.text:vpsMdrvScInitDescAndRegs)
                  8c7dd8f2    00000002     --HOLE-- [fill = 0]
                  8c7dd8f4    000002d9                         : vpshal_vpdma.oem3 (.text:VpsHal_vpdmaCreateOutBoundDataDesc)
                  8c7ddbcd    00000003     --HOLE-- [fill = 0]
                  8c7ddbd0    000002d8                         : vpsdrv_captureList.oem3 (.text:Vps_captTskSubmitFieldList)
                  8c7ddea8    000002d6                         : vpsdrv_dispGrpx.oem3 (.text:vpsDdrvGrpxSetParams)
                  8c7de17e    00000002     --HOLE-- [fill = 0]
                  8c7de180    000002d5                         : vpsdrv_m2mSc.oem3 (.text:vpsMdrvScCheckPerChParams)
                  8c7de455    00000003     --HOLE-- [fill = 0]
                  8c7de458    000002d1                         : vpscore_secPath.oem3 (.text:Vcore_secUpdateRtMem)
                  8c7de729    00000003     --HOLE-- [fill = 0]
                  8c7de72c    000002d0                         : vpsdrv_captureList.oem3 (.text:Vps_captMakeList)
                  8c7de9fc    000002cf                         : vpsdrv_m2mDeiApi.oem3 (.text:vpsMdrvDeiSetScLazyLoadingIoctl)
                  8c7deccb    00000001     --HOLE-- [fill = 0]
                  8c7deccc    000002ce                         : vpshal_vpdma.oem3 (.text:VpsHal_vpdmaCreateInBoundDataDesc)
                  8c7def9a    00000002     --HOLE-- [fill = 0]
                  8c7def9c    000002ce                         : vps_dctrl.oem3 (.text:dcSetConfig)
                  8c7df26a    00000002     --HOLE-- [fill = 0]
                  8c7df26c    000002ce                         : vpscore_deiHal.oem3 (.text:vcoreDeiScSetAdvCfgIoctl)
                  8c7df53a    00000002     --HOLE-- [fill = 0]
                  8c7df53c    000002c8                         : vpshal_vcomp.oem3 (.text:VpsHal_vcompInit)
                  8c7df804    000002c8                         : vpsdrv_captureApi.oem3 (.text:Vps_captAllocPath)
                  8c7dfacc    000002c4                         : vpscore_vipResCommon.oem3 (.text:Vcore_vipResInit)
                  8c7dfd90    000002c0                         : vpshal_cig.oem3 (.text:VpsHal_cigSetRtConfig)
                  8c7e0050    000002c0                         : vpsdrv_m2mSlice.oem3 (.text:vpsMdrvScSubFrameCalcInfo)
                  8c7e0310    000002bc                         : fvid2_drvMgr.oem3 (.text:FVID2_create)
                  8c7e05cc    000002bb                         : vpscore_deiWrbkPath.oem3 (.text:vcoreDwpProgramDesc)
                  8c7e0887    00000001     --HOLE-- [fill = 0]
                  8c7e0888    000002bb                         : vpscore_vip.oem3 (.text:vcoreVipCheckParams)
                  8c7e0b43    00000001     --HOLE-- [fill = 0]
                  8c7e0b44    000002ba     hdvpss_devices.aem3 : vpsdrv_tvp5158I2c.oem3 (.text:Vps_tvp5158SetVideoMode)
                  8c7e0dfe    00000002     --HOLE-- [fill = 0]
                  8c7e0e00    000002b8     hdvpss_drivers.aem3 : vpscore_vip.oem3 (.text:Vcore_vipUpdateDesc)
                  8c7e10b8    000002b8                         : vpshal_dei.oem3 (.text:VpsHal_deiSetAdvConfig)
                  8c7e1370    000002b6                         : vpscore_dei.oem3 (.text:vcoreDeiUpdateMode)
                  8c7e1626    00000002     --HOLE-- [fill = 0]
                  8c7e1628    000002b5                         : vpscore_secPath.oem3 (.text:Vcore_secUpdateDesc)
                  8c7e18dd    00000003     --HOLE-- [fill = 0]
                  8c7e18e0    000002b5                         : vpsdrv_m2mDeiCore.oem3 (.text:vpsMdrvDeiCfgVipCore)
                  8c7e1b95    00000003     --HOLE-- [fill = 0]
                  8c7e1b98    000002b4                         : vpshal_sdvenc.oem3 (.text:VpsHal_sdVencSetConfig)
                  8c7e1e4c    000002b4                         : vpsdrv_m2mScPriv.oem3 (.text:VpsMdrv_scInit)
                  8c7e2100    000002b2                         : vps_dlm.oem3 (.text:VpsDlm_setDescMem)
                  8c7e23b2    00000002     --HOLE-- [fill = 0]
                  8c7e23b4    000002b0                         : vpsdrv_captureLm.oem3 (.text:Vps_captLmPostDescList)
                  8c7e2664    000002b0     hdvpss_devices.aem3 : vpsdrv_sii9022a.oem3 (.text:vpsSii9022aPrgmEmbSyncTimingInfo)
                  8c7e2914    000002af     hdvpss_drivers.aem3 : fvid2_drvMgr.oem3 (.text:FVID2_checkProcessList)
                  8c7e2bc3    00000001     --HOLE-- [fill = 0]
                  8c7e2bc4    000002ae                         : vpscore_scWrbkPath.oem3 (.text:Vcore_swpOpen)
                  8c7e2e72    00000002     --HOLE-- [fill = 0]
                  8c7e2e74    000002ac                         : vpscore_bypass.oem3 (.text:Vcore_bpUpdateRtMem)
                  8c7e3120    000002ac                         : vpsdrv_display.oem3 (.text:vpsDrvGetNextBufState)
                  8c7e33cc    000002a8                         : vpsdrv_dispGrpx.oem3 (.text:VpsDdrv_grpxDequeue)
                  8c7e3674    000002a8                         : vpsdrv_display.oem3 (.text:VpsDdrv_queue)
                  8c7e391c    000002a8                         : vps_dlmPriv.oem3 (.text:vpsDlmUnLinkListCtrlDesc)
                  8c7e3bc4    000002a8                         : vpsdrv_m2mDeiApi.oem3 (.text:vpsMdrvDeiModifyLazyLoadingCfg)
                  8c7e3e6c    000002a6                         : vpscore_bypass.oem3 (.text:Vcore_bpSetFormat)
                  8c7e4112    00000002     --HOLE-- [fill = 0]
                  8c7e4114    000002a3                         : vpscore_graphics.oem3 (.text:Vcore_grpxGetParams)
                  8c7e43b7    00000001     --HOLE-- [fill = 0]
                  8c7e43b8    000002a2                         : vps_mlm.oem3 (.text:mlmFreeQueues)
                  8c7e465a    000002a2                         : vpsdrv_m2mSc.oem3 (.text:vpsMdrvScSubFrmUpdate)
                  8c7e48fc    000002a0     GrpxDisplay_main.oem3 (.text:setPixelClk)
                  8c7e4b9c    000002a0     hdvpss_drivers.aem3 : vpsdrv_m2mSlice.oem3 (.text:vpsMdrvScSubFrameCalcHorzInfo)
                  8c7e4e3c    0000029c                         : vps_mlm.oem3 (.text:Mlm_register)
                  8c7e50d8    0000029c     hdvpss_i2c.aem3 : psp_i2cdrv.oem3 (.text:PSP_i2cCreate)
                  8c7e5374    0000029b     hdvpss_drivers.aem3 : vpscore_deiApi.oem3 (.text:Vcore_deiProgramScCoeff)
                  8c7e560f    00000001     --HOLE-- [fill = 0]
                  8c7e5610    0000029a                         : vpsdrv_m2mDeiReq.oem3 (.text:vpsMdrvDeiRotateCtxBuf)
                  8c7e58aa    00000002     --HOLE-- [fill = 0]
                  8c7e58ac    00000298                         : vpsdrv_display.oem3 (.text:vpsDdrvSetFmtIoctl)
                  8c7e5b44    00000297                         : vpscore_vip.oem3 (.text:Vcore_vipProgramScCoeff)
                  8c7e5ddb    00000001     --HOLE-- [fill = 0]
                  8c7e5ddc    00000294                         : vpscore_bypass.oem3 (.text:Vcore_bpUpdateDesc)
                  8c7e6070    00000294                         : vpscore_deiWrbkPath.oem3 (.text:Vcore_dwpUpdateDesc)
                  8c7e6304    00000294                         : vpscore_deiHal.oem3 (.text:vcoreDeiGetAdvCfgIoctl)
                  8c7e6598    00000292                         : vpshal_grpx.oem3 (.text:VpsHal_grpxSetFrameAttr)
                  8c7e682a    00000002     --HOLE-- [fill = 0]
                  8c7e682c    00000292                         : vpsdrv_m2mDeiReq.oem3 (.text:VpsMdrv_deiMlmCbFxn)
                  8c7e6abe    00000292                         : vpsdrv_m2mNsfChannel.oem3 (.text:Vps_nsfChannelMakeDescSet)
                  8c7e6d50    00000292                         : vpscore_graphics.oem3 (.text:vcoreGrpxProgramOvlyMem)
                  8c7e6fe2    00000002     --HOLE-- [fill = 0]
                  8c7e6fe4    00000290                         : vpscore_deiHal.oem3 (.text:vcoreDeiSetFsEvent)
                  8c7e7274    00000290     hdvpss_devices.aem3 : vpsdrv_sii9022a.oem3 (.text:vpsSii9022aPrgmExtSyncTimingInfo)
                  8c7e7504    0000028e     hdvpss_drivers.aem3 : vpsdrv_captureList.oem3 (.text:Vps_CaptTskUpdateFrm)
                  8c7e7792    00000002     --HOLE-- [fill = 0]
                  8c7e7794    0000028c                         : vpscore_dei.oem3 (.text:vcoreDeiHqFigureOutState)
                  8c7e7a20    0000028b                         : vps_dctrlHalPriv.oem3 (.text:dcVcompSetInput)
                  8c7e7cab    00000001     --HOLE-- [fill = 0]
                  8c7e7cac    0000028a     hdvpss_devices.aem3 : vpsdrv_tvp5158I2c.oem3 (.text:Vps_tvp5158SetExtendedSettings)
                  8c7e7f36    00000002     --HOLE-- [fill = 0]
                  8c7e7f38    00000289     hdvpss_drivers.aem3 : vpshal_vpdmaMosaic.oem3 (.text:printSplitWindows)
                  8c7e81c1    00000003     --HOLE-- [fill = 0]
                  8c7e81c4    00000288                         : vpsdrv_display.oem3 (.text:vpsDeiDdrvUpdateCoreRtParams)
                  8c7e844c    00000286                         : vpsdrv_captureList.oem3 (.text:Vps_CaptTskUpdateField)
                  8c7e86d2    00000002     --HOLE-- [fill = 0]
                  8c7e86d4    00000286                         : vpscore_deiHal.oem3 (.text:vcoreDeiSetChParams)
                  8c7e895a    00000002     --HOLE-- [fill = 0]
                  8c7e895c    00000284                         : vpsdrv_dispGrpx.oem3 (.text:VpsDdrv_grpxQueue)
                  8c7e8be0    00000284                         : vpshal_sdvenc.oem3 (.text:VpsHal_sdvencInit)
                  8c7e8e64    00000284                         : vpscore_deiCommon.oem3 (.text:vcoreDeiInit)
                  8c7e90e8    00000283                         : vpsdrv_dispGrpxPriv.oem3 (.text:vpsDdrvGrpxGetNextBufState)
                  8c7e936b    00000001     --HOLE-- [fill = 0]
                  8c7e936c    00000280                         : vpscore_vipResCommon.oem3 (.text:Vcore_vipResFree)
                  8c7e95ec    00000280                         : vpsdrv_captureVip.oem3 (.text:Vps_captVipSubFrameRegisterIsr)
                  8c7e986c    00000280     hdvpss_devices.aem3 : vpsdrv_tvp7002I2c.oem3 (.text:Vps_tvp7002SetOutputFormat)
                  8c7e9aec    0000027c     hdvpss_drivers.aem3 : vpscore_bypass.oem3 (.text:Vcore_bpCreateLayout)
                  8c7e9d68    0000027c                         : vpscore_deiApi.oem3 (.text:Vcore_deiCreateLayout)
                  8c7e9fe4    0000027c                         : vpscore_graphics.oem3 (.text:Vcore_grpxCreateLayout)
                  8c7ea260    0000027c                         : vpshal_hdvenc.oem3 (.text:VpsHal_hdVencSetOutput)
                  8c7ea4dc    0000027c     hdvpss_devices.aem3 : vpsdrv_sii9135I2c.oem3 (.text:Vps_sii9135GetVideoStatus)
                  8c7ea758    0000027b     hdvpss_drivers.aem3 : vpsdrv_m2mDeiCore.oem3 (.text:vpsMdrvDeiAlcCfgVipCore)
                  8c7ea9d3    00000001     --HOLE-- [fill = 0]
                  8c7ea9d4    00000276                         : vps_dctrlIntPriv.oem3 (.text:Dc_setRtConfig)
                  8c7eac4a    00000002     --HOLE-- [fill = 0]
                  8c7eac4c    00000274                         : vps_dctrl.oem3 (.text:dcDisableVenc)
                  8c7eaec0    00000274     GrpxDisplay_main.oem3 (.text:vpsGrpxConfigDctrl)
                  8c7eb134    00000272     hdvpss_drivers.aem3 : vpsdrv_m2mDeiPriv.oem3 (.text:vpsMdrvDeiProgramDesc)
                  8c7eb3a6    00000002     --HOLE-- [fill = 0]
                  8c7eb3a8    00000270                         : vpscore_deiApi.oem3 (.text:Vcore_deiGetScFactorConfig)
                  8c7eb618    00000270                         : vpsdrv_display.oem3 (.text:vpsDdrvSetDispMode)
                  8c7eb888    0000026e                         : vpsdrv_m2mDeiCore.oem3 (.text:vpsMdrvDeiCloseCores)
                  8c7ebaf6    00000002     --HOLE-- [fill = 0]
                  8c7ebaf8    0000026d                         : vps_init_ti8107.oem3 (.text:vpsiHalDeInit)
                  8c7ebd65    00000003     --HOLE-- [fill = 0]
                  8c7ebd68    0000026c                         : vpshal_nf.oem3 (.text:VpsHal_nfSetConfig)
                  8c7ebfd4    0000026a                         : vpscore_bypass.oem3 (.text:Vcore_bpOpen)
                  8c7ec23e    00000002     --HOLE-- [fill = 0]
                  8c7ec240    0000026a                         : vpscore_deiApi.oem3 (.text:Vcore_deiOpen)
                  8c7ec4aa    00000002     --HOLE-- [fill = 0]
                  8c7ec4ac    00000269                         : vpshal_sc.oem3 (.text:VpsHal_scSetRunTimeConfig)
                  8c7ec715    00000003     --HOLE-- [fill = 0]
                  8c7ec718    00000268                         : vpscore_vip.oem3 (.text:Vcore_vipGetScFactorConfig)
                  8c7ec980    00000268                         : vps_evtMgr.oem3 (.text:Vem_register)
                  8c7ecbe8    00000268                         : vpshal_vpdmaMosaic.oem3 (.text:VpsHal_vpdmaInitMosaic)
                  8c7ece50    00000268                         : vps_dctrl.oem3 (.text:dcClearConfig)
                  8c7ed0b8    00000268     GrpxDisplay_main.oem3 (.text:vpsGrpxConfigHdmi)
                  8c7ed320    00000268     hdvpss_drivers.aem3 : vpsdrv_m2mSc.oem3 (.text:vpsMdrvScModifyLazyLoadingCfg)
                  8c7ed588    00000266                         : vpscore_deiApi.oem3 (.text:vcoreDeiUpdateRtDescMem)
                  8c7ed7ee    00000002     --HOLE-- [fill = 0]
                  8c7ed7f0    00000264                         : vpscore_graphics.oem3 (.text:Vcore_grpxSetFormat)
                  8c7eda54    00000264                         : vpsdrv_captureList.oem3 (.text:Vps_captDoDisSyncStartSequence)
                  8c7edcb8    00000262                         : vpscore_deiApi.oem3 (.text:Vcore_deiSetParams)
                  8c7edf1a    00000002     --HOLE-- [fill = 0]
                  8c7edf1c    00000261                         : vpscore_scWrbkPath.oem3 (.text:Vcore_swpUpdateDesc)
                  8c7ee17d    00000003     --HOLE-- [fill = 0]
                  8c7ee180    00000260                         : vpsdrv_captureVip.oem3 (.text:Vps_captVipSubFrameEOFIsr)
                  8c7ee3e0    00000260     hdvpss_i2c.aem3 : psp_i2cdrv.oem3 (.text:i2c_isr)
                  8c7ee640    00000260     hdvpss_drivers.aem3 : vpshal_vpdmaMosaic.oem3 (.text:makeXAxisSplitterList)
                  8c7ee8a0    00000260                         : vpscore_deiHal.oem3 (.text:vcoreDeiSetAdvCfgIoctl)
                  8c7eeb00    0000025c                         : vpscore_deiApi.oem3 (.text:Vcore_deiProgramDesc)
                  8c7eed5c    0000025c                         : vpsdrv_captureLm.oem3 (.text:Vps_captLmInit)
                  8c7eefb8    00000258                         : vpshal_sdvenc.oem3 (.text:VpsHal_sdVencSetControl)
                  8c7ef210    00000258     hdvpss_i2c.aem3 : psp_i2cdrv.oem3 (.text:Vps_i2cTransferMsgInt)
                  8c7ef468    00000258     hdvpss_drivers.aem3 : vpscore_bypassPriv.oem3 (.text:vcoreBpFreeFreeCh)
                  8c7ef6c0    00000258                         : vpscore_bypassPriv.oem3 (.text:vcoreBpPrivInit)
                  8c7ef918    00000258                         : vpscore_deiCommon.oem3 (.text:vcoreDeiFreeFreeCh)
                  8c7efb70    00000254                         : vpshal_grpx.oem3 (.text:VpsHal_grpxSetSc)
                  8c7efdc4    00000252                         : vpshal_cig.oem3 (.text:VpsHal_cigSetConfig)
                  8c7f0016    00000002     --HOLE-- [fill = 0]
                  8c7f0018    00000252                         : vpsdrv_m2mDeiPriv.oem3 (.text:vpsMdrvDeiAllocCoreMem)
                  8c7f026a    00000002     --HOLE-- [fill = 0]
                  8c7f026c    00000250     sysbios.lib : BIOS.obj (.text:ti_sysbios_heaps_HeapMem_free__E)
                  8c7f04bc    0000024a     hdvpss_drivers.aem3 : vpsdrv_m2mNsfChannel.oem3 (.text:Vps_nsfChannelCreate)
                  8c7f0706    00000002     --HOLE-- [fill = 0]
                  8c7f0708    0000024a                         : vps_mlm.oem3 (.text:mlmListCompleteIsr)
                  8c7f0952    0000024a                         : vpsdrv_m2mSlice.oem3 (.text:vpsMdrvScSubFrameCalcPostProcInfo)
                  8c7f0b9c    00000249                         : vpscore_scWrbkPath.oem3 (.text:Vcore_swpProgramReg)
                  8c7f0de5    00000003     --HOLE-- [fill = 0]
                  8c7f0de8    00000246                         : vpshal_vip.oem3 (.text:VpsHal_vipSetPortConfig)
                  8c7f102e    00000002     --HOLE-- [fill = 0]
                  8c7f1030    00000246                         : vpsdrv_m2mDeiCore.oem3 (.text:vpsMdrvDeiCfgDeiWrbkCore)
                  8c7f1276    00000002     --HOLE-- [fill = 0]
                  8c7f1278    00000245                         : vpsdrv_m2mSc.oem3 (.text:vpsMdrvScCloseCores)
                  8c7f14bd    00000003     --HOLE-- [fill = 0]
                  8c7f14c0    00000244                         : vpsdrv_captureList.oem3 (.text:Vps_captTskMvDescTempToEmpty)
                  8c7f1704    00000244                         : vpscore_deiHal.oem3 (.text:vcoreDeiSetDescInfo)
                  8c7f1948    00000242     hdvpss_devices.aem3 : vpsdrv_tvp7002I2c.oem3 (.text:Vps_tvp7002GetVideoStatusIoctl)
                  8c7f1b8a    00000002     --HOLE-- [fill = 0]
                  8c7f1b8c    00000242     hdvpss_drivers.aem3 : vpsdrv_m2mSc.oem3 (.text:vpsMdrvScSplitSPadDescMem)
                  8c7f1dce    00000002     --HOLE-- [fill = 0]
                  8c7f1dd0    00000240                         : vpsdrv_display.oem3 (.text:VpsDdrv_dequeue)
                  8c7f2010    00000240     hdvpss_devices.aem3 : vpsdrv_tvp5158I2c.oem3 (.text:Vps_tvp5158PatchDownload)
                  8c7f2250    00000240     hdvpss_drivers.aem3 : vps_init_ti8107.oem3 (.text:vpsiHalClose)
                  8c7f2490    0000023d                         : vpshal_dei.oem3 (.text:VpsHal_deiGetAdvConfig)
                  8c7f26cd    00000003     --HOLE-- [fill = 0]
                  8c7f26d0    0000023c                         : vpscore_vipResCommon.oem3 (.text:Vcore_vipResAllocMultiChPath)
                  8c7f290c    0000023c                         : vpscore_vipResCommon.oem3 (.text:Vcore_vipResAllocPath)
                  8c7f2b48    0000023c     hdvpss_platform.aem3 : vps_platformTI8107.oem3 (.text:Vps_platformTI8107DeviceInit)
                  8c7f2d84    0000023c     hdvpss_devices.aem3 : vpsdrv_sii9135I2c.oem3 (.text:Vps_sii9135SetupVideo)
                  8c7f2fc0    0000023c     sysbios.lib : BIOS.obj (.text:ti_sysbios_utils_Load_update__E)
                  8c7f31fc    0000023a     hdvpss_drivers.aem3 : vpscore_deiWrbkPath.oem3 (.text:Vcore_dwpSetFormat)
                  8c7f3436    00000002     --HOLE-- [fill = 0]
                  8c7f3438    0000023a                         : vpshal_dei.oem3 (.text:VpsHal_deiSetConfig)
                  8c7f3672    00000002     --HOLE-- [fill = 0]
                  8c7f3674    0000023a                         : vpsdrv_m2mSc.oem3 (.text:vpsMdrvScSplitDescMem)
                  8c7f38ae    00000002     --HOLE-- [fill = 0]
                  8c7f38b0    00000238     sysbios.lib : BIOS.obj (.text:ti_sysbios_heaps_HeapMem_alloc__E)
                  8c7f3ae8    00000236     hdvpss_drivers.aem3 : vpshal_vpdmaMosaic.oem3 (.text:removeOverlappingWindow)
                  8c7f3d1e    00000002     --HOLE-- [fill = 0]
                  8c7f3d20    00000236                         : vpsdrv_m2mScPriv.oem3 (.text:vpsMdrvScAllocChOvlyMems)
                  8c7f3f56    00000002     --HOLE-- [fill = 0]
                  8c7f3f58    00000234                         : vpscore_vip.oem3 (.text:vcoreVipSetConfig)
                  8c7f418c    00000230                         : vps_dctrlIntPriv.oem3 (.text:dcIntInit)
                  8c7f43bc    0000022f                         : vpshal_vcomp.oem3 (.text:vcompSetVideoMain)
                  8c7f45eb    00000001     --HOLE-- [fill = 0]
                  8c7f45ec    0000022f                         : vpsdrv_m2mSc.oem3 (.text:vpsMdrvScCheckPerListParams)
                  8c7f481b    00000001     --HOLE-- [fill = 0]
                  8c7f481c    0000022e                         : vpshal_sc.oem3 (.text:scSetEdgeDetectParams)
                  8c7f4a4a    00000002     --HOLE-- [fill = 0]
                  8c7f4a4c    0000022c                         : vps_dlmPriv.oem3 (.text:VpsUtils_free)
                  8c7f4c78    0000022c                         : vpscore_bypassPriv.oem3 (.text:VpsUtils_free)
                  8c7f4ea4    0000022c                         : vpscore_deiCommon.oem3 (.text:VpsUtils_free)
                  8c7f50d0    0000022c                         : vpscore_deiWrbkPath.oem3 (.text:VpsUtils_free)
                  8c7f52fc    0000022c                         : vpscore_grpxPriv.oem3 (.text:VpsUtils_free)
                  8c7f5528    0000022c                         : vpsdrv_m2mDeiPriv.oem3 (.text:VpsUtils_free)
                  8c7f5754    0000022c                         : vpsdrv_captureApi.oem3 (.text:Vps_captControl)
                  8c7f5980    0000022c                         : vpsdrv_captureVip.oem3 (.text:Vps_captVipSubFrameUnRegisterIsr)
                  8c7f5bac    0000022c     hdvpss_devices.aem3 : vpsdrv_deviceI2c.oem3 (.text:Vps_deviceI2cInit)
                  8c7f5dd8    0000022c     sysbios.lib : BIOS.obj (.text:ti_sysbios_knl_Task_Instance_finalize__F)
                  8c7f6004    00000228     hdvpss_drivers.aem3 : vpshal_sc.oem3 (.text:scCalVertPolyphaseParams)
                  8c7f622c    00000227                         : vps_dctrlHalPriv.oem3 (.text:dcCompSetInput)
                  8c7f6453    00000001     --HOLE-- [fill = 0]
                  8c7f6454    00000224     hdvpss_i2c.aem3 : psp_i2cdrv.oem3 (.text:PSP_i2cInit)
                  8c7f6678    00000224     hdvpss_drivers.aem3 : vpscore_bypass.oem3 (.text:Vcore_bpGetDescInfo)
                  8c7f689c    00000224                         : vpscore_deiApi.oem3 (.text:Vcore_deiGetDescInfo)
                  8c7f6ac0    00000222                         : vpsdrv_m2mScPriv.oem3 (.text:vpsMdrvScUpdatePrms)
                  8c7f6ce2    00000002     --HOLE-- [fill = 0]
                  8c7f6ce4    00000221                         : vpscore_deiApi.oem3 (.text:Vcore_deiUpdateMode)
                  8c7f6f05    00000003     --HOLE-- [fill = 0]
                  8c7f6f08    00000220                         : vpsdrv_captureApi.oem3 (.text:Vps_captQueue)
                  8c7f7128    00000220                         : vps_dctrlHalPriv.oem3 (.text:dcCigSetInput)
                  8c7f7348    00000220     GrpxDisplay_main.oem3 (.text:vpsGrpxProcessRegion)
                  8c7f7568    0000021e     hdvpss_drivers.aem3 : vpshal_vcomp.oem3 (.text:vcompSetVideoAux)
                  8c7f7786    00000002     --HOLE-- [fill = 0]
[...]
8c842f71   ti_sysbios_hal_unicache_Cache_Module_startup__E
8c842f7d   ti_sysbios_heaps_HeapBuf_Module_startup__E
8c842f89   ti_sysbios_heaps_HeapMem_Module_GateProxy_enter__E
8c842f95   ti_sysbios_heaps_HeapMem_Module_GateProxy_query__E
8c842fb9   ti_sysbios_knl_Clock_Module_startup__E
8c842fd1   ti_sysbios_knl_Clock_getTicks__E
8c843175   ti_sysbios_knl_Swi_Module_startup__E
8c843181   ti_sysbios_knl_Task_Module_startup__E
8c843199   ti_sysbios_knl_Task_getIdleTask__E
8c8431a5   ti_sysbios_timers_dmtimer_Timer_Module_startup__E
8c8431b1   ti_sysbios_utils_Load_taskRegHook__E
8c8431c9   xdc_runtime_Error_check__E
8c8431d5   xdc_runtime_Error_init__E
8c8431e1   xdc_runtime_Error_init__F
8c8431ed   xdc_runtime_Error_print__E
8c8431f9   xdc_runtime_Gate_enterSystem__F
8c843205   xdc_runtime_Gate_leaveSystem__E
8c843211   xdc_runtime_Memory_calloc__F
8c84321d   xdc_runtime_Memory_getMaxDefaultTypeAlign__F
8c843229   xdc_runtime_SysStd_abort__E
8c843235   xdc_runtime_SysStd_exit__E
8c843241   xdc_runtime_SysStd_exit__F
8c84324d   xdc_runtime_System_Module_GateProxy_enter__E
8c843259   xdc_runtime_System_Module_startup__E
8c843265   xdc_runtime_System_SupportProxy_abort__E
8c843271   xdc_runtime_System_SupportProxy_exit__E
8c84327d   xdc_runtime_System_abort__E
8c843289   xdc_runtime_System_atexit__E
8c843295   xdc_runtime_System_exit__E
8c8432a1   xdc_runtime_System_exit__F
8c8432ad   xdc_runtime_System_lastFxn__I
8c8432b9   xdc_runtime_Text_cordText__E
8c8432c5   xdc_runtime_Timestamp_SupportProxy_get64__E
8c8432d1   xdc_runtime_Timestamp_SupportProxy_getFreq__E
8c8432dd   xdc_runtime_Timestamp_get64__E
8c8432e9   xdc_runtime_Timestamp_getFreq__E
8c8432ff   Vps_platformTI8107DeviceDeInit
8c843313   ti_sysbios_hal_Hwi_Instance_finalize__F
8c84331d   FVID2_getVersionString
8c843325   Vcore_bpGetCoreOps
8c84332d   Vcore_deiGetCoreOps
8c843335   Vcore_dwpGetCoreOps
8c84333d   Vcore_grpxGetCoreOps
8c843345   Vcore_secGetCoreOps
8c84334d   Vcore_swpGetCoreOps
8c843355   Vcore_vipGetCoreOps
8c84335d   dcGetDctrlObj
8c843365   ti_sysbios_family_arm_ducati_TimerSupport_Module__startupDone__S
8c84336d   ti_sysbios_family_arm_ducati_Timer_Module__startupDone__S
8c843375   ti_sysbios_family_arm_ducati_Wugen_Module__startupDone__S
8c84337d   ti_sysbios_family_arm_m3_Hwi_Module__startupDone__S
8c843385   ti_sysbios_family_arm_m3_Hwi_startup__E
8c84338d   ti_sysbios_hal_Hwi_HwiProxy_Module__startupDone__S
8c843395   ti_sysbios_hal_Hwi_HwiProxy_startup__E
8c84339d   ti_sysbios_hal_Hwi_HwiProxy_switchFromBootStack__E
8c8433a5   ti_sysbios_hal_Timer_Module__startupDone__S
8c8433ad   ti_sysbios_hal_Timer_TimerProxy_Module__startupDone__S
8c8433b5   ti_sysbios_hal_Timer_TimerProxy_startup__E
8c8433bd   ti_sysbios_knl_Task_SupportProxy_Module__startupDone__S
8c8433c5   ti_sysbios_knl_Task_SupportProxy_getStackAlignment__E
8c8433cd   ti_sysbios_timers_dmtimer_Timer_TimerSupportProxy_Module__startupDone__S
8c8433d5   xdc_runtime_Gate_enterSystem__E
8c8433dd   xdc_runtime_Startup_exec__E
8c8433e5   xdc_runtime_Startup_reset__I
8c8433ed   xdc_runtime_SysStd_ready__E
8c8433f5   xdc_runtime_System_SupportProxy_ready__E
8c8433fd   xdc_runtime_Timestamp_SupportProxy_get32__E
8c843405   xdc_runtime_Timestamp_get32__E
8c84340d   __xdc__init
8c843413   ti_sysbios_family_arm_ducati_Wugen_Module_startup__F
8c843419   ti_sysbios_family_arm_m3_Hwi_doSwiRestore__I
8c84341f   ti_sysbios_gates_GateHwi_leave__E
8c843425   ti_sysbios_heaps_HeapMem_isBlocking__E
8c84342b   ti_sysbios_knl_Clock_stop__E
8c843431   ti_sysbios_knl_Queue_Instance_init__F
8c843437   xdc_runtime_System_Module_startup__F
8c84343d   VpsUtils_prfDeInit
8c843441   Vps_platformTI8107GetI2cInstId
8c843445   remove
8c843449   ti_sysbios_family_arm_ducati_GateDualCore_query__F
8c84344d   ti_sysbios_family_arm_ducati_Timer_getPeriod__E
8c843451   ti_sysbios_family_arm_m3_TaskSupport_Module__startupDone__S
8c843455   ti_sysbios_gates_GateHwi_query__F
8c843459   ti_sysbios_gates_GateMutex_query__F
8c84345d   ti_sysbios_hal_Hwi_clearInterrupt__E
8c843461   ti_sysbios_hal_Hwi_startup__E
8c843465   ti_sysbios_hal_Timer_startup__E
8c843469   ti_sysbios_hal_ammu_AMMU_Module__startupDone__S
8c84346d   ti_sysbios_knl_Clock_setPeriod__E
8c843471   ti_sysbios_knl_Clock_setTimeout__E
8c843475   xdc_runtime_Error_getSite__F
8c843479   xdc_runtime_SysStd_putch__F
8c84347d   xdc_runtime_SysStd_ready__F
8c843481   xdc_runtime_System_aprintf_va__F
8c843485   xdc_runtime_System_printf_va__F
8c843489   xdc_runtime_Timestamp_get32__F
8c84348d   xdc_runtime_Timestamp_get64__F
8c843491   xdc_runtime_Timestamp_getFreq__F
8c84c848   xdc_runtime_Text_charTab__A
8c84e254   ti_sysbios_hal_ammu_AMMU_mmuInitConfig__C
8c84fbf4   _ctypes_
8c84fcf8   xdc_runtime_Text_nodeTab__A
8c850108   xdc_runtime_Startup_sfxnTab__A
8c850180   ti_sysbios_knl_Task_Object__PARAMS__C
8c8501ec   ti_sysbios_knl_Task_hooks__A
8c8502d0   ti_sysbios_family_arm_m3_Hwi_Object__PARAMS__C
8c8502fc   ti_sysbios_hal_Hwi_Object__PARAMS__C
8c850328   ti_sysbios_heaps_HeapMem_Module__FXNS__C
8c850350   ti_sysbios_family_arm_ducati_GateDualCore_Module__FXNS__C
8c850374   ti_sysbios_gates_GateHwi_Module__FXNS__C
8c850398   ti_sysbios_gates_GateMutex_Module__FXNS__C
8c8503bc   ti_sysbios_knl_Clock_Object__PARAMS__C
8c8503e0   ti_sysbios_knl_Semaphore_Object__PARAMS__C
8c8504e8   ti_sysbios_family_arm_ducati_GateDualCore_Object__DESC__C
8c850508   ti_sysbios_family_arm_m3_Hwi_Object__DESC__C
8c850528   ti_sysbios_gates_GateHwi_Object__DESC__C
8c850548   ti_sysbios_gates_GateMutex_Object__DESC__C
8c850568   ti_sysbios_hal_Hwi_Object__DESC__C
8c850588   ti_sysbios_heaps_HeapMem_Object__DESC__C
8c8505a8   ti_sysbios_heaps_HeapMem_Object__PARAMS__C
8c8505c8   ti_sysbios_knl_Clock_Object__DESC__C
8c8505e8   ti_sysbios_knl_Queue_Object__DESC__C
8c850608   ti_sysbios_knl_Semaphore_Object__DESC__C
8c850628   ti_sysbios_knl_Task_Object__DESC__C
8c850648   xdc_runtime_Startup_sfxnRts__A
8c850684   ti_sysbios_family_arm_ducati_GateDualCore_Object__PARAMS__C
8c8506a0   ti_sysbios_gates_GateHwi_Object__PARAMS__C
8c8506b8   ti_sysbios_gates_GateMutex_Object__PARAMS__C
8c8506d0   ti_sysbios_knl_Queue_Object__PARAMS__C
8c8506e8   ti_sysbios_knl_Swi_hooks__A
8c850714   ti_sysbios_family_arm_m3_Hwi_hooks__A
8c850754   xdc_runtime_Startup_firstFxns__A
8c850760   ti_sysbios_family_arm_m3_Hwi_hooks__C
8c850768   ti_sysbios_knl_Idle_funcList__A
8c850770   ti_sysbios_knl_Idle_funcList__C
8c850778   ti_sysbios_knl_Swi_hooks__C
8c850780   ti_sysbios_knl_Task_hooks__C
8c850788   xdc_runtime_Startup_firstFxns__C
8c850790   xdc_runtime_Startup_lastFxns__C
8c850798   ti_sysbios_BIOS_Module__diagsEnabled__C
8c85079c   ti_sysbios_BIOS_Module__diagsIncluded__C
8c8507a0   ti_sysbios_BIOS_Module__diagsMask__C
8c8507a4   ti_sysbios_BIOS_installedErrorHook__C
8c8507a8   ti_sysbios_family_arm_ducati_Core_E_mismatchedIds__C
8c8507ac   ti_sysbios_family_arm_ducati_Core_id__C
8c8507b0   ti_sysbios_family_arm_ducati_GateDualCore_A_nestedEnter__C
8c8507b4   ti_sysbios_family_arm_ducati_GateDualCore_E_gateInUse__C
8c8507b8   ti_sysbios_family_arm_ducati_GateDualCore_E_invalidIndex__C
8c8507bc   ti_sysbios_family_arm_ducati_GateDualCore_Module__diagsEnabled__C
8c8507c0   ti_sysbios_family_arm_ducati_GateDualCore_Module__diagsIncluded__C
8c8507c4   ti_sysbios_family_arm_ducati_GateDualCore_Module__diagsMask__C
8c8507c8   ti_sysbios_family_arm_ducati_GateDualCore_Object__count__C
8c8507cc   ti_sysbios_family_arm_ducati_GateDualCore_Object__table__C
8c8507d0   ti_sysbios_family_arm_ducati_GateDualCore_numGates__C
8c8507d4   ti_sysbios_family_arm_ducati_Timer_E_cannotSupport__C
8c8507d8   ti_sysbios_family_arm_ducati_Timer_startupNeeded__C
8c8507dc   ti_sysbios_family_arm_m3_Hwi_E_NMI__C
8c8507e0   ti_sysbios_family_arm_m3_Hwi_E_alreadyDefined__C
8c8507e4   ti_sysbios_family_arm_m3_Hwi_E_busFault__C
8c8507e8   ti_sysbios_family_arm_m3_Hwi_E_debugMon__C
8c8507ec   ti_sysbios_family_arm_m3_Hwi_E_hardFault__C
8c8507f0   ti_sysbios_family_arm_m3_Hwi_E_memFault__C
8c8507f4   ti_sysbios_family_arm_m3_Hwi_E_noIsr__C
8c8507f8   ti_sysbios_family_arm_m3_Hwi_E_reserved__C
8c8507fc   ti_sysbios_family_arm_m3_Hwi_E_svCall__C
8c850800   ti_sysbios_family_arm_m3_Hwi_E_usageFault__C
8c850804   ti_sysbios_family_arm_m3_Hwi_LD_end__C
8c850808   ti_sysbios_family_arm_m3_Hwi_LM_begin__C
8c85080c   ti_sysbios_family_arm_m3_Hwi_Module__diagsEnabled__C
8c850810   ti_sysbios_family_arm_m3_Hwi_Module__diagsIncluded__C
8c850814   ti_sysbios_family_arm_m3_Hwi_Module__diagsMask__C
8c850818   ti_sysbios_family_arm_m3_Hwi_Module__loggerFxn1__C
8c85081c   ti_sysbios_family_arm_m3_Hwi_Module__loggerFxn8__C
8c850820   ti_sysbios_family_arm_m3_Hwi_Module__loggerObj__C
8c850824   ti_sysbios_family_arm_m3_Hwi_NUM_INTERRUPTS__C
8c850828   ti_sysbios_family_arm_m3_Hwi_Object__heap__C
8c85082c   ti_sysbios_family_arm_m3_Hwi_ccr__C
8c850830   ti_sysbios_family_arm_m3_Hwi_disablePriority__C
8c850834   ti_sysbios_family_arm_m3_Hwi_excHandlerFunc__C
8c850838   ti_sysbios_family_arm_m3_Hwi_excHookFunc__C
8c85083c   ti_sysbios_family_arm_m3_Hwi_priGroup__C
8c850840   ti_sysbios_family_arm_m3_TaskSupport_stackAlignment__C
8c850844   ti_sysbios_gates_GateMutex_A_badContext__C
8c850848   ti_sysbios_gates_GateMutex_Instance_State_sem__O
8c85084c   ti_sysbios_gates_GateMutex_Module__diagsEnabled__C
8c850850   ti_sysbios_gates_GateMutex_Module__diagsIncluded__C
8c850854   ti_sysbios_gates_GateMutex_Module__diagsMask__C
8c850858   ti_sysbios_hal_Hwi_E_stackOverflow__C
8c85085c   ti_sysbios_hal_ammu_AMMU_numLargePages__C
8c850860   ti_sysbios_hal_ammu_AMMU_numLinePages__C
8c850864   ti_sysbios_hal_ammu_AMMU_numMediumPages__C
8c850868   ti_sysbios_hal_ammu_AMMU_numSmallPages__C
8c85086c   ti_sysbios_hal_unicache_Cache_Module__gateObj__C
8c850870   ti_sysbios_hal_unicache_Cache_l1ocpConfig__C
8c850874   ti_sysbios_hal_unicache_Cache_l1secConfig__C
8c850878   ti_sysbios_hal_unicache_Cache_l2ocpConfig__C
8c85087c   ti_sysbios_hal_unicache_Cache_l2secConfig__C
8c850880   ti_sysbios_heaps_HeapBuf_Instance_State_freeList__O
8c850884   ti_sysbios_heaps_HeapBuf_Object__count__C
8c850888   ti_sysbios_heaps_HeapBuf_Object__table__C
8c85088c   ti_sysbios_heaps_HeapBuf_numConstructedHeaps__C
8c850890   ti_sysbios_heaps_HeapMem_A_align__C
8c850894   ti_sysbios_heaps_HeapMem_A_heapSize__C
8c850898   ti_sysbios_heaps_HeapMem_A_invalidFree__C
8c85089c   ti_sysbios_heaps_HeapMem_A_zeroBlock__C
8c8508a0   ti_sysbios_heaps_HeapMem_E_memory__C
8c8508a4   ti_sysbios_heaps_HeapMem_Module__diagsEnabled__C
8c8508a8   ti_sysbios_heaps_HeapMem_Module__diagsIncluded__C
8c8508ac   ti_sysbios_heaps_HeapMem_Module__diagsMask__C
8c8508b0   ti_sysbios_heaps_HeapMem_Module__gateObj__C
8c8508b4   ti_sysbios_heaps_HeapMem_Object__count__C
8c8508b8   ti_sysbios_heaps_HeapMem_Object__table__C
8c8508bc   ti_sysbios_heaps_HeapMem_reqAlignMask__C
8c8508c0   ti_sysbios_heaps_HeapMem_reqAlign__C
8c8508c4   ti_sysbios_knl_Clock_A_badThreadType__C
8c8508c8   ti_sysbios_knl_Clock_LM_begin__C
8c8508cc   ti_sysbios_knl_Clock_LM_tick__C
8c8508d0   ti_sysbios_knl_Clock_LW_delayed__C
8c8508d4   ti_sysbios_knl_Clock_Module_State_clockQ__O
8c8508d8   ti_sysbios_knl_Clock_Module__diagsEnabled__C
8c8508dc   ti_sysbios_knl_Clock_Module__diagsIncluded__C
8c8508e0   ti_sysbios_knl_Clock_Module__diagsMask__C
8c8508e4   ti_sysbios_knl_Clock_Module__loggerFxn1__C
8c8508e8   ti_sysbios_knl_Clock_Module__loggerFxn2__C
8c8508ec   ti_sysbios_knl_Clock_Module__loggerObj__C
8c8508f0   ti_sysbios_knl_Queue_Object__count__C
8c8508f4   ti_sysbios_knl_Queue_Object__table__C
8c8508f8   ti_sysbios_knl_Semaphore_A_badContext__C
8c8508fc   ti_sysbios_knl_Semaphore_A_noEvents__C
8c850900   ti_sysbios_knl_Semaphore_Instance_State_pendQ__O
8c850904   ti_sysbios_knl_Semaphore_LM_pend__C
8c850908   ti_sysbios_knl_Semaphore_LM_post__C
8c85090c   ti_sysbios_knl_Semaphore_Module__diagsEnabled__C
8c850910   ti_sysbios_knl_Semaphore_Module__diagsIncluded__C
8c850914   ti_sysbios_knl_Semaphore_Module__diagsMask__C
8c850918   ti_sysbios_knl_Semaphore_Module__loggerFxn2__C
8c85091c   ti_sysbios_knl_Semaphore_Module__loggerFxn4__C
8c850920   ti_sysbios_knl_Semaphore_Module__loggerObj__C
8c850924   ti_sysbios_knl_Swi_LD_end__C
8c850928   ti_sysbios_knl_Swi_LM_begin__C
8c85092c   ti_sysbios_knl_Swi_LM_post__C
8c850930   ti_sysbios_knl_Swi_Module__diagsEnabled__C
8c850934   ti_sysbios_knl_Swi_Module__diagsIncluded__C
8c850938   ti_sysbios_knl_Swi_Module__diagsMask__C
8c85093c   ti_sysbios_knl_Swi_Module__loggerFxn1__C
8c850940   ti_sysbios_knl_Swi_Module__loggerFxn4__C
8c850944   ti_sysbios_knl_Swi_Module__loggerObj__C
8c850948   ti_sysbios_knl_Swi_Object__count__C
8c85094c   ti_sysbios_knl_Swi_Object__table__C
8c850950   ti_sysbios_knl_Swi_numConstructedSwis__C
8c850954   ti_sysbios_knl_Task_A_badPriority__C
8c850958   ti_sysbios_knl_Task_A_badTaskState__C
8c85095c   ti_sysbios_knl_Task_A_badThreadType__C
8c850960   ti_sysbios_knl_Task_A_badTimeout__C
8c850964   ti_sysbios_knl_Task_A_noPendElem__C
8c850968   ti_sysbios_knl_Task_E_spOutOfBounds__C
8c85096c   ti_sysbios_knl_Task_E_stackOverflow__C
8c850970   ti_sysbios_knl_Task_LD_block__C
8c850974   ti_sysbios_knl_Task_LD_exit__C
8c850978   ti_sysbios_knl_Task_LD_ready__C
8c85097c   ti_sysbios_knl_Task_LM_sleep__C
8c850980   ti_sysbios_knl_Task_LM_switch__C
8c850984   ti_sysbios_knl_Task_Module_State_inactiveQ__O
8c850988   ti_sysbios_knl_Task_Module__diagsEnabled__C
8c85098c   ti_sysbios_knl_Task_Module__diagsIncluded__C
8c850990   ti_sysbios_knl_Task_Module__diagsMask__C
8c850994   ti_sysbios_knl_Task_Module__loggerFxn2__C
8c850998   ti_sysbios_knl_Task_Module__loggerFxn4__C
8c85099c   ti_sysbios_knl_Task_Module__loggerObj__C
8c8509a0   ti_sysbios_knl_Task_Object__count__C
8c8509a4   ti_sysbios_knl_Task_Object__heap__C
8c8509a8   ti_sysbios_knl_Task_Object__table__C
8c8509ac   ti_sysbios_knl_Task_allBlockedFunc__C
8c8509b0   ti_sysbios_knl_Task_defaultStackHeap__C
8c8509b4   ti_sysbios_knl_Task_defaultStackSize__C
8c8509b8   ti_sysbios_knl_Task_numConstructedTasks__C
8c8509bc   ti_sysbios_timers_dmtimer_Timer_E_cannotSupport__C
8c8509c0   ti_sysbios_timers_dmtimer_Timer_E_freqMismatch__C
8c8509c4   ti_sysbios_timers_dmtimer_Timer_Module__diagsEnabled__C
8c8509c8   ti_sysbios_timers_dmtimer_Timer_Module__diagsIncluded__C
8c8509cc   ti_sysbios_timers_dmtimer_Timer_Module__diagsMask__C
8c8509d0   ti_sysbios_timers_dmtimer_Timer_numTimerDevices__C
8c8509d4   ti_sysbios_utils_Load_LS_cpuLoad__C
8c8509d8   ti_sysbios_utils_Load_LS_hwiLoad__C
8c8509dc   ti_sysbios_utils_Load_LS_swiLoad__C
8c8509e0   ti_sysbios_utils_Load_LS_taskLoad__C
8c8509e4   ti_sysbios_utils_Load_Module_State_gate__O
8c8509e8   ti_sysbios_utils_Load_Module_State_taskList__O
8c8509ec   ti_sysbios_utils_Load_Module__diagsEnabled__C
8c8509f0   ti_sysbios_utils_Load_Module__diagsIncluded__C
8c8509f4   ti_sysbios_utils_Load_Module__diagsMask__C
8c8509f8   ti_sysbios_utils_Load_Module__loggerFxn1__C
8c8509fc   ti_sysbios_utils_Load_Module__loggerFxn2__C
8c850a00   ti_sysbios_utils_Load_Module__loggerFxn4__C
8c850a04   ti_sysbios_utils_Load_Module__loggerObj__C
8c850a08   ti_sysbios_utils_Load_postUpdate__C
8c850a0c   ti_sysbios_utils_Load_windowInMs__C
8c850a10   xdc_runtime_Assert_E_assertFailed__C
8c850a14   xdc_runtime_Core_A_initializedParams__C
8c850a18   xdc_runtime_Core_Module__diagsEnabled__C
8c850a1c   xdc_runtime_Core_Module__diagsIncluded__C
8c850a20   xdc_runtime_Core_Module__diagsMask__C
8c850a24   xdc_runtime_Error_E_generic__C
8c850a28   xdc_runtime_Error_E_memory__C
8c850a2c   xdc_runtime_Error_Module__diagsEnabled__C
8c850a30   xdc_runtime_Error_Module__diagsIncluded__C
8c850a34   xdc_runtime_Error_Module__diagsMask__C
8c850a38   xdc_runtime_Error_Module__loggerFxn8__C
8c850a3c   xdc_runtime_Error_Module__loggerObj__C
8c850a40   xdc_runtime_Error_raiseHook__C
8c850a44   xdc_runtime_IGateProvider_Interface__BASE__C
8c850a48   xdc_runtime_IHeap_Interface__BASE__C
8c850a4c   xdc_runtime_IModule_Interface__BASE__C
8c850a50   xdc_runtime_Log_L_error__C
8c850a54   xdc_runtime_Memory_defaultHeapInstance__C
8c850a58   xdc_runtime_Startup_execImpl__C
8c850a5c   xdc_runtime_Startup_lastFxns__A
8c850a60   xdc_runtime_Startup_maxPasses__C
8c850a64   xdc_runtime_Startup_sfxnRts__C
8c850a68   xdc_runtime_Startup_sfxnTab__C
8c850a6c   xdc_runtime_Startup_startModsFxn__C
8c850a70   xdc_runtime_System_Module__gateObj__C
8c850a74   xdc_runtime_System_extendFxn__C
8c850a78   xdc_runtime_System_maxAtexitHandlers__C
8c850a7c   xdc_runtime_Text_charTab__C
8c850a80   xdc_runtime_Text_nameEmpty__C
8c850a84   xdc_runtime_Text_nameStatic__C
8c850a88   xdc_runtime_Text_nameUnknown__C
8c850a8c   xdc_runtime_Text_nodeTab__C
8c850a90   xdc_runtime_Text_visitRopeFxn__C
8c850a94   ti_sysbios_BIOS_Module__id__C
8c850a98   ti_sysbios_family_arm_ducati_Core_Module__id__C
8c850a9c   ti_sysbios_family_arm_ducati_GateDualCore_Module__id__C
8c850aa0   ti_sysbios_family_arm_ducati_GateDualCore_initGates__C
8c850aa4   ti_sysbios_family_arm_ducati_Timer_Module__id__C
8c850aa8   ti_sysbios_family_arm_m3_Hwi_Module__id__C
8c850aac   ti_sysbios_family_arm_m3_Hwi_Module__loggerDefined__C
8c850ab0   ti_sysbios_gates_GateMutex_Module__id__C
8c850ab4   ti_sysbios_hal_Hwi_Module__id__C
8c850ab8   ti_sysbios_hal_unicache_Cache_configureCache__C
8c850abc   ti_sysbios_hal_unicache_Cache_enableCache__C
8c850ac0   ti_sysbios_hal_unicache_Cache_l2CacheSupported__C
8c850ac4   ti_sysbios_heaps_HeapMem_Module__id__C
8c850ac8   ti_sysbios_knl_Clock_Module__id__C
8c850acc   ti_sysbios_knl_Clock_Module__loggerDefined__C
8c850ad0   ti_sysbios_knl_Semaphore_Module__id__C
8c850ad4   ti_sysbios_knl_Semaphore_Module__loggerDefined__C
8c850ad8   ti_sysbios_knl_Swi_Module__id__C
8c850adc   ti_sysbios_knl_Swi_Module__loggerDefined__C
8c850ae0   ti_sysbios_knl_Task_Module__id__C
8c850ae4   ti_sysbios_knl_Task_Module__loggerDefined__C
8c850ae8   ti_sysbios_knl_Task_initStackFlag__C
8c850aec   ti_sysbios_timers_dmtimer_Timer_Module__id__C
8c850af0   ti_sysbios_timers_dmtimer_Timer_checkFrequency__C
8c850af4   ti_sysbios_timers_dmtimer_Timer_startupNeeded__C
8c850af8   ti_sysbios_utils_Load_Module__id__C
8c850afc   ti_sysbios_utils_Load_Module__loggerDefined__C
8c850b00   ti_sysbios_utils_Load_autoAddTasks__C
8c850b04   ti_sysbios_utils_Load_hwiEnabled__C
8c850b08   ti_sysbios_utils_Load_swiEnabled__C
8c850b0c   ti_sysbios_utils_Load_taskEnabled__C
8c850b10   ti_sysbios_utils_Load_updateInIdle__C
8c850b14   xdc_runtime_Core_Module__id__C
8c850b18   xdc_runtime_Error_Module__loggerDefined__C
8c850b1c   xdc_runtime_Error_maxDepth__C
8c850b20   xdc_runtime_Memory_Module__id__C
8c850b24   xdc_runtime_Text_charCnt__C
8c850b28   xdc_runtime_Text_isLoaded__C
8c850b2c   xdc_runtime_Text_registryModsLastId__C
8c850b30   xdc_runtime_Text_unnamedModsLastId__C
8c850b34   ti_sysbios_family_arm_ducati_TimestampProvider_inpsel__C
8c850b38   xdc_runtime_Error_policy__C
a8000000   gVpsUtils_heapMemFrame
e000e000   ti_sysbios_family_arm_m3_Hwi_nvic
ffffffff   __TI_static_base__
ffffffff   __binit__
ffffffff   __c_args__
ffffffff   binit
UNDEFED    SHT$$INIT_ARRAY$$Base
UNDEFED    SHT$$INIT_ARRAY$$Limit
UNDEFED    __TI_CINIT_Base
UNDEFED    __TI_CINIT_Limit
UNDEFED    __TI_Handler_Table_Base

[2891 symbols]


DYNAMIC SYMBOLS: SORTED ALPHABETICALLY BY Name 

address    name
--------   ----
UNDEFED    
89852290   TSK_idle
89856768   __STACK_END
00004000   __STACK_SIZE
ffffffff   __TI_static_base__
ffffffff   __binit__
ffffffff   __c_args__
00000000   _argsize
ffffffff   binit
40000800   ti_sysbios_hal_ammu_AMMU_mmu
40000000   ti_sysbios_hal_unicache_Cache_cache
00000001   xdc_runtime_Startup__EXECFXN__C
00000001   xdc_runtime_Startup__RESETFXN__C

[13 symbols]


IMPORTED and EXPORTED SYMBOLS: SORTED ALPHABETICALLY BY Name 

IMPORTED SYMBOLS

name                           size      Imported from
-----------------------------  --------  -------------

[0 symbols]


EXPORTED SYMBOLS


[0 symbols]
