******************************************************************************
                  TMS470 Linker Unix v4.9.5                    
******************************************************************************
>> Linked Mon Nov 12 13:32:54 2012

OUTPUT FILE NAME:   </proj/vsi/users/anith/DM812x/IPNetCam/Release/ti_tools/hdvpss_01_00_01_37_patched/build/ti8107_hdvpss/bin/ti8107-evm/ti8107_hdvpss_debug.xem3>
ENTRY POINT SYMBOL: "_c_int00"  address: 986a0a05


MEMORY CONFIGURATION

         name            origin    length      used     unused   attr    fill
----------------------  --------  ---------  --------  --------  ----  --------
  L2_ROM                00000000   00004000  0000018c  00003e74  RWIX
  OCMC0_RAM             00300000   00040000  00000000  00040000  RWIX
  OCMC1_RAM             00400000   00040000  00000000  00040000  RWIX
  L2_RAM                20004000   00010000  00000000  00010000  RWIX
  LINUX_MEM             80000000   10000000  00000000  10000000  RWIX
  TILER_16BIT_MEM       90000000   04000000  00000000  04000000  RWIX
  SR0                   97600000   01000000  00000000  01000000  RWIX
  DSS_M3_CODE_MEM       98600000   00400000  000b3fc7  0034c039  RWIX
  VIDEO_M3_CODE_MEM     98a00000   00400000  00000000  00400000  RWIX
  VIDEO_M3_DATA_MEM     98e00000   02000000  00000000  02000000  RWIX
  DDR3_RAM              9ae00000   03c00000  0062e174  035d1e8c  RWIX
  DEBUG_MEM             9f600000   00a00000  00000000  00a00000  RWIX
  HOST_VPSS_NOITFYMEM   a0000000   00200000  00100000  00100000  RWIX
  HDVPSS_SHARED_MEM     a0200000   00300000  00000000  00300000  RWIX
  HDVPSS_DESC_MEM       a0500000   00300000  001ff060  00100fa0  RWIX
  FRAME_BUFFER_MEM      a0800000   0f800000  00000000  0f800000  RWIX
  TILER_PAGED_MEM       b0000000   08000000  00000000  08000000  RWIX
  TILER_8BIT_MEM        b8000000   08000000  00000000  08000000  RWIX


SEGMENT ALLOCATION MAP

run origin  load origin   length   init length attrs members
----------  ----------- ---------- ----------- ----- -------
00000000    00000000    0000003c   0000003c    r-x
  00000000    00000000    0000003c   0000003c    r-x .ducatiBoot
000007f0    000007f0    00000010   00000000    rw-
  000007f0    000007f0    00000010   00000000    rw- .ducatiGates
00000800    00000800    00000140   00000140    r--
  00000800    00000800    00000140   00000140    r-- .resetVecs
98600000    98600000    000b3fc9   000b3fc9    r-x
  98600000    98600000    000a5776   000a5776    r-x .text
  986a5778    986a5778    0000e851   0000e851    r-- .const
9ae00000    9ae00000    0061c17c   00000000    rw-
  9ae00000    9ae00000    0061c17c   00000000    rw- .bss
9b41c180    9b41c180    00011fdc   00010fdc    rw-
  9b41c180    9b41c180    00010fdc   00010fdc    rw- .data
  9b42d15c    9b42d15c    00001000   00000000    rw- .stack
9b42e180    9b42e180    0000001c   0000001c    r--
  9b42e180    9b42e180    0000001c   0000001c    r-- ti_sdo_ipc_init
a0500000    a0500000    001ff060   00000000    rw-
  a0500000    a0500000    001f0000   00000000    rw- .bss:extMemNonCache:heap
  a06f0000    a06f0000    0000f060   00000000    rw- .bss:extMemNonCache:remoteDebugCoreShm


SECTION ALLOCATION MAP

 output                                  attributes/
section   page    origin      length       input sections
--------  ----  ----------  ----------   ----------------
.cinit     0    9ae00000    00000000     UNINITIALIZED

.init_array 
*          0    9ae00000    00000000     UNINITIALIZED

.bootVecs 
*          0    00000000    00000008     DSECT
                  00000000    00000008     boot.aem3 : boot.oem3 (.bootVecs)

.ducatiBoot 
*          0    00000000    0000003c     
                  00000000    0000003c     sysbios.lib : ducati_Core_asm.obj (.ducatiBoot)

.ducatiGates 
*          0    000007f0    00000010     UNINITIALIZED
                  000007f0    00000010     proxyServerHost_ti8107_pem3.oem3 (.ducatiGates)

.vecs      0    00000800    00000000     DSECT

.resetVecs 
*          0    00000800    00000140     
                  00000800    00000140     proxyServerHost_ti8107_pem3.oem3 (.resetVecs)

xdc.meta   0    98600000    00000155     COPY SECTION
                  98600000    00000155     proxyServerHost_ti8107_pem3.oem3 (xdc.meta)

.text      0    98600000    000a5776     
                  98600000    00000ea2     rtsv7M3_T_le_eabi.lib : _printfi.obj (.text)
                  98600ea2    00000002     sysbios.lib : BIOS.obj (.text:nullFunc$0)
                  98600ea4    00000cd0     hdvpss_drivers.aem3 : vpscore_dei.oem3 (.text:vcoreDeiProgramMosaicDesc)
                  98601b74    00000acc                         : vpsdrv_dispGrpxPriv.oem3 (.text:vpsDdrvGrpxAllocDescMem)
                  98602640    000009d7                         : vpsdrv_m2mSc.oem3 (.text:VpsMdrv_scCreate)
                  98603017    00000001     --HOLE-- [fill = 0]
                  98603018    00000910                         : vpsdrv_m2mDeiReq.oem3 (.text:vpsMdrvDeiProcessReq)
                  98603928    000008d0                         : vpscore_deiApi.oem3 (.text:Vcore_deiUpdateContext)
                  986041f8    000008d0                         : vpscore_bypassPriv.oem3 (.text:vcoreBpProgramMosaicDesc)
                  98604ac8    000008c0                         : vpscore_deiCommon.oem3 (.text:vcoreDeiCheckParams)
                  98605388    000007bc                         : vpsdrv_m2mDeiPriv.oem3 (.text:vpsMdrvDeiAllocChDescMem)
                  98605b44    000007b8                         : vpsdrv_m2mDeiPriv.oem3 (.text:vpsMdrvDeiSplitChDescMem)
                  986062fc    000007a0                         : vpsdrv_display.oem3 (.text:VpsDdrv_create)
                  98606a9c    00000774                         : vpsdrv_m2mDeiReq.oem3 (.text:vpsMdrvDeiUpdateChDesc)
                  98607210    0000076b                         : vpsdrv_m2mDeiPriv.oem3 (.text:vpsMdrvDeiProgramChDesc)
                  9860797b    00000001     --HOLE-- [fill = 0]
                  9860797c    0000075c                         : vpscore_dei.oem3 (.text:vcoreDeiProgramDesc)
                  986080d8    00000720                         : vps_dctrl.oem3 (.text:Dc_init)
                  986087f8    00000700                         : vpsdrv_m2mSc.oem3 (.text:vpsMdrvScUpdateDescs)
                  98608ef8    000006f4                         : vps_evtMgr.oem3 (.text:vemFillClientInfo)
                  986095ec    000006d8                         : vpsdrv_display.oem3 (.text:vpsDeiDdrvCheckRtParams)
                  98609cc4    000006d4                         : vpsdrv_displayPriv.oem3 (.text:vpsDrvAllocSliceCoreMem)
                  9860a398    000006d4                         : vpsdrv_m2mDeiReq.oem3 (.text:vpsMdrvDeiRotateCtxBufMode1)
                  9860aa6c    000006b8                         : vps_dlm.oem3 (.text:VpsDlm_updateDescMem)
                  9860b124    000006a8                         : vpscore_deiCommon.oem3 (.text:vcoreDeiCreateLayout)
                  9860b7cc    00000698                         : vpscore_bypassPriv.oem3 (.text:vcoreBpCreateLayout)
                  9860be64    00000690                         : vpsdrv_dispGrpx.oem3 (.text:vpsDdrvGrpxUpdateBufIsr)
                  9860c4f4    0000068c                         : vpsdrv_m2mDeiCore.oem3 (.text:vpsMdrvDeiCfgDeiHqCore)
                  9860cb80    00000674                         : vpscore_secPath.oem3 (.text:secProgramDataDesc)
                  9860d1f4    0000066c                         : vpscore_deiApi.oem3 (.text:Vcore_deiUpdateMultiDesc)
                  9860d860    0000066c                         : vpsdrv_m2mDeiApi.oem3 (.text:vpsMdrvDeiSetScCoeffIoctl)
                  9860decc    0000065c                         : vpshal_vpdmaMosaic.oem3 (.text:VpsHal_vpdmaSetupMosaicCfg)
                  9860e528    00000644                         : vpsdrv_m2mDeiCore.oem3 (.text:vpsMdrvDeiCfgDeiCore)
                  9860eb6c    00000632                         : vps_dlm.oem3 (.text:VpsDlm_startStopClients)
                  9860f19e    00000002     sysbios.lib : BIOS.obj (.text:ti_sysbios_family_arm_ducati_Timer_setNextTick__E)
                  9860f1a0    0000062c     hdvpss_drivers.aem3 : vpsdrv_m2mDeiReq.oem3 (.text:vpsMdrvDeiUpdateRtParams)
                  9860f7cc    00000628                         : vpsdrv_display.oem3 (.text:vpsDdrvUpdateBufIsr)
                  9860fdf4    00000618                         : vpsdrv_captureList.oem3 (.text:Vps_CaptTskPutCaptFrm)
                  9861040c    00000608                         : vps_dctrlIntPriv.oem3 (.text:Dc_startClient)
                  98610a14    00000604                         : vpsdrv_displayPriv.oem3 (.text:vpsDdrvCheckDeiDispParams)
                  98611018    000005d4     hdvpss_proxyServer.aem3 : vps_proxyServer.oem3 (.text:VPS_PSrvInit)
                  986115ec    000005cc     hdvpss_drivers.aem3 : vpsdrv_dispGrpx.oem3 (.text:VpsDdrv_grpxCreate)
                  98611bb8    000005c0                         : vpscore_bypass.oem3 (.text:Vcore_bpUpdateMultiDesc)
                  98612178    000005c0                         : vpsdrv_m2mDeiApi.oem3 (.text:VpsMdrv_deiCreate)
                  98612738    000005b4                         : vps_dlmPriv.oem3 (.text:vpsDlmAllocListObject)
                  98612cec    000005a4                         : vpscore_secPath.oem3 (.text:secCheckFormat)
                  98613290    000005a0                         : vpsdrv_m2mSc.oem3 (.text:vpsMdrvScUpdateDescList)
                  98613830    0000057c                         : vpsdrv_m2mDeiPriv.oem3 (.text:vpsMdrvDeiCopyChPrms)
                  98613dac    00000578                         : vpscore_graphics.oem3 (.text:vcoreGrpxSetParams)
                  98614324    00000564                         : vpsdrv_display.oem3 (.text:vpsDdrvStartIoctl)
                  98614888    00000554                         : vps_init_ti8107.oem3 (.text:vpsiHalOpen)
                  98614ddc    0000054c                         : vpscore_vip.oem3 (.text:Vcore_vipProgramReg)
                  98615328    00000546                         : vpshal_vpdmaMosaic.oem3 (.text:determineWindowOrder)
                  9861586e    00000002     sysbios.lib : BIOS.obj (.text:ti_sysbios_gates_GateHwi_Instance_init__F)
                  98615870    00000540     hdvpss_proxyServer.aem3 : vps_proxyServer.oem3 (.text:psCtrlTask)
                  98615db0    00000538     hdvpss_drivers.aem3 : vpsdrv_m2mDeiPriv.oem3 (.text:vpsMdrvDeiAllocHandleObj)
                  986162e8    0000052c                         : vpsdrv_displayPriv.oem3 (.text:vpsDdrvConfigDeiCore)
                  98616814    00000528                         : vpscore_vip.oem3 (.text:Vcore_vipUpdateRtMem)
                  98616d3c    00000528                         : vpsdrv_m2mDeiReq.oem3 (.text:VpsMdrvDeiGetScFactorConfig)
                  98617264    00000524                         : vpsdrv_m2mSc.oem3 (.text:VpsMdrv_scControl)
                  98617788    0000051e                         : vps_dlm.oem3 (.text:VpsDlm_unLinkDctrlClient)
                  98617ca6    00000002     sysbios.lib : BIOS.obj (.text:ti_sysbios_gates_GateSwi_Instance_init__F)
                  98617ca8    0000051c     hdvpss_drivers.aem3 : vpscore_dei.oem3 (.text:vcoreDeiProgramPrevFldDesc)
                  986181c4    00000510     hdvpss_proxyServer.aem3 : vps_proxyServer.oem3 (.text:psCallFvid2Api)
                  986186d4    0000050c     hdvpss_drivers.aem3 : vps_dctrlIntPriv.oem3 (.text:Dc_stopClient)
                  98618be0    00000500                         : vpsdrv_m2mDeiPriv.oem3 (.text:vpsMdrvDeiCalcChCtxMem)
                  986190e0    00000500                         : vpsdrv_m2mDeiApi.oem3 (.text:vpsMdrvDeiGetCtxBufIoctl)
                  986195e0    000004f8                         : vpshal_hdvenc.oem3 (.text:VpsHal_hdVencSetControl)
                  98619ad8    000004f8                         : vps_dctrlIntPriv.oem3 (.text:dcEnableInputPaths)
                  98619fd0    000004f2                         : vpsdrv_m2mDeiReq.oem3 (.text:vpsMdrvDeiExtractComprSize)
                  9861a4c2    00000002     ti.targets.arm.rtsarm.aem3 : GateNull.oem3 (.text:xdc_runtime_GateNull_leave__F)
                  9861a4c4    000004de     hdvpss_drivers.aem3 : vpsdrv_displayPriv.oem3 (.text:vpsDdrvSliceCoreMem)
                  9861a9a2    00000002     --HOLE-- [fill = 0]
                  9861a9a4    000004d2                         : vps_dlm.oem3 (.text:vpsDlmSendInterruptIsr)
                  9861ae76    00000002     --HOLE-- [fill = 0]
                  9861ae78    000004c1                         : vpshal_vpdmaMosaic.oem3 (.text:splitWindowsOnXAxis)
                  9861b339    00000003     --HOLE-- [fill = 0]
                  9861b33c    000004bc                         : vpscore_vipResCommon.oem3 (.text:Vcore_vipCreateConfigOvly)
                  9861b7f8    000004a6                         : vps_evtMgr.oem3 (.text:Vem_unRegister)
                  9861bc9e    00000002     --HOLE-- [fill = 0]
                  9861bca0    000004a6                         : vpsdrv_m2mSlice.oem3 (.text:printHsubFrameInfo)
                  9861c146    00000002     --HOLE-- [fill = 0]
                  9861c148    000004a4                         : vpscore_graphics.oem3 (.text:Vcore_grpxUpdateMultiDesc)
                  9861c5ec    00000498                         : vpsdrv_dispGrpx.oem3 (.text:vpsDdrvGrpxStartIoctl)
                  9861ca84    0000048c                         : vpsdrv_display.oem3 (.text:VpsDdrv_delete)
                  9861cf10    00000488                         : vps_dctrlIntPriv.oem3 (.text:Dc_setInputFrameSize)
                  9861d398    00000488                         : vpscore_bypassPriv.oem3 (.text:vcoreBpProgramDesc)
                  9861d820    0000047c                         : vps_mlm.oem3 (.text:Mlm_submit)
                  9861dc9c    00000478                         : vps_dctrlIntPriv.oem3 (.text:Dc_getPathInfo)
                  9861e114    00000470                         : vpsdrv_m2mDeiCore.oem3 (.text:vpsMdrvDeiOpenCores)
                  9861e584    00000468                         : vpsdrv_dispGrpxPriv.oem3 (.text:vpsDdrvGrpxPrivInit)
                  9861e9ec    00000462                         : vpscore_dei.oem3 (.text:vcoreDeiFigureOutState)
                  9861ee4e    00000002     --HOLE-- [fill = 0]
                  9861ee50    0000045c                         : vpsdrv_m2mDeiApi.oem3 (.text:vpsMdrvDeiSetCtxBufIoctl)
                  9861f2ac    00000458                         : vpsdrv_m2mDeiPlatform.oem3 (.text:vpsMdrvDeiOverridePrevFldBufIoctl)
                  9861f704    00000454                         : vpscore_deiHal.oem3 (.text:vcoreDeiProgramReg)
                  9861fb58    00000454                         : vpsdrv_m2mDeiApi.oem3 (.text:vpsMdrvDeiCheckParams)
                  9861ffac    00000450     hdvpss_proxyServer.aem3 : vps_proxyServer.oem3 (.text:psGenericTask)
                  986203fc    00000450     hdvpss_drivers.aem3 : vpsdrv_m2mSc.oem3 (.text:vpsMdrvScOpenCores)
                  9862084c    0000044c                         : vpshal_hdvenc.oem3 (.text:VpsHal_hdVencSetConfig)
                  98620c98    00000448                         : vpsdrv_captureApi.oem3 (.text:Vps_captPrintAdvancedStatistics)
                  986210e0    00000444                         : vpsdrv_m2mSc.oem3 (.text:vpsMdrvScSetChPrms)
                  98621524    0000043e                         : vpscore_graphics.oem3 (.text:Vcore_grpxSetParams)
                  98621962    00000002     --HOLE-- [fill = 0]
                  98621964    0000043c                         : vpsdrv_display.oem3 (.text:vpsDeiDdrvUpdateRtParams)
                  98621da0    00000439                         : vpscore_vipResCommon.oem3 (.text:Vcore_vipResAlloc)
                  986221d9    00000003     --HOLE-- [fill = 0]
                  986221dc    00000434                         : vpscore_bypassPriv.oem3 (.text:vcoreBpCheckFmt)
                  98622610    00000430                         : vpsdrv_m2mSc.oem3 (.text:vpsMdrvScGetScFactorConfig)
                  98622a40    0000042c                         : vpscore_vipResCommon.oem3 (.text:Vcore_vipSetMux)
                  98622e6c    00000424                         : vpshal_sc.oem3 (.text:VpsHal_scGetConfig)
                  98623290    00000421                         : vpshal_vpdmaMosaic.oem3 (.text:splitWindowsOnYAxis)
                  986236b1    00000003     --HOLE-- [fill = 0]
                  986236b4    0000041c                         : vps_dctrl.oem3 (.text:dcConfigVencMode)
                  98623ad0    0000040c                         : vpsdrv_m2mDeiPriv.oem3 (.text:vpsMdrvDeiFreeHandleObj)
                  98623edc    00000408                         : vpscore_dei.oem3 (.text:vcoreDeiProgramMvstmDesc)
                  986242e4    00000404                         : vps_dctrlIntPriv.oem3 (.text:dcGetResources)
                  986246e8    00000404                         : vpscore_dei.oem3 (.text:vcoreDeiProgramMvDesc)
                  98624aec    00000402                         : vpsdrv_m2mScPriv.oem3 (.text:vpsMdrvScUpdateChPrms)
                  98624eee    00000002     --HOLE-- [fill = 0]
                  98624ef0    000003f9                         : vpshal_cig.oem3 (.text:VpsHal_cigSetPipConfig)
                  986252e9    00000003     --HOLE-- [fill = 0]
                  986252ec    000003f8     hdvpss_proxyServer.aem3 : vps_proxyServer.oem3 (.text:psValidateInitParams)
                  986256e4    000003f4     hdvpss_drivers.aem3 : vpsdrv_display.oem3 (.text:vpsDdrvUpdateRtParams)
                  98625ad8    000003f0                         : vpsdrv_display.oem3 (.text:vpsDdrvUpdateCoreRtParams)
                  98625ec8    000003ec     hdvpss_platform.aem3 : vps_platformTI8107.oem3 (.text:Vps_platformTI8107SetPinMux)
                  986262b4    000003e8     hdvpss_drivers.aem3 : vpsdrv_captureApi.oem3 (.text:Vps_captCreateChObj)
                  9862669c    000003e7                         : vpsdrv_m2mSc.oem3 (.text:vpsMdrvScCreateCfgDescs)
                  98626a83    00000001     --HOLE-- [fill = 0]
                  98626a84    000003e6                         : vps_dlm.oem3 (.text:vpsDlmProcessStartStopReq)
                  98626e6a    00000002     --HOLE-- [fill = 0]
                  98626e6c    000003e4                         : vpsdrv_captureApi.oem3 (.text:Vps_captCreate)
                  98627250    000003de                         : vpsdrv_display.oem3 (.text:vpsDdrvCreateLayoutIoctl)
                  9862762e    00000002     --HOLE-- [fill = 0]
                  98627630    000003d9                         : vpscore_grpxPriv.oem3 (.text:vcoreGrpxCheckPitchDataFormat)
                  98627a09    00000003     --HOLE-- [fill = 0]
                  98627a0c    000003d8     sysbios.lib : BIOS.obj (.text:ti_sysbios_family_arm_m3_Hwi_excDumpRegs__I)
                  98627de4    000003d8     hdvpss_drivers.aem3 : vpsdrv_m2mDeiPriv.oem3 (.text:vpsMdrvDeiInit)
                  986281bc    000003d4                         : vpsdrv_captureApi.oem3 (.text:Vps_captCreateQueues)
                  98628590    000003d4                         : vpsdrv_displayPriv.oem3 (.text:vpsDdrvProgramReg)
                  98628964    000003cc                         : vpshal_vpdmaMosaic.oem3 (.text:makeYAxisSplitterList)
                  98628d30    000003c8                         : vpscore_secPath.oem3 (.text:Vcore_secOpen)
                  986290f8    000003c8                         : vpshal_vpdma.oem3 (.text:VpsHal_vpdmaPostList)
                  986294c0    000003c2                         : vpsdrv_displayPriv.oem3 (.text:vpsDdrvConfigDctrl)
                  98629882    00000002     --HOLE-- [fill = 0]
                  98629884    000003c0                         : vpsdrv_m2mDeiCore.oem3 (.text:vpsMdrvDeiWrAdvCfgIoctl)
                  98629c44    000003bc                         : vps_dctrl.oem3 (.text:Vps_dcControl)
                  9862a000    000003bc                         : vpsdrv_m2mDeiCore.oem3 (.text:vpsMdrvDeiHqWrAdvCfgIoctl)
                  9862a3bc    000003ba                         : vpshal_sc.oem3 (.text:VpsHal_scGetScFactorConfig)
                  9862a776    00000002     --HOLE-- [fill = 0]
                  9862a778    000003b4                         : vpshal_sc.oem3 (.text:VpsHal_scInit)
                  9862ab2c    000003ac                         : vpshal_vpdma.oem3 (.text:VpsHal_vpdmaInit)
                  9862aed8    000003a8                         : vpscore_vipResCommon.oem3 (.text:Vcore_vipRestoreMux)
                  9862b280    000003a4                         : vpscore_vip.oem3 (.text:Vcore_vipInit)
                  9862b624    000003a4                         : vpsdrv_captureList.oem3 (.text:Vps_captTskUpdateList)
                  9862b9c8    0000039f                         : vps_dlmPriv.oem3 (.text:vpsDlmLinkClientDesc)
                  9862bd67    00000001     --HOLE-- [fill = 0]
                  9862bd68    0000039c                         : vpscore_deiHal.oem3 (.text:vcoreDeiProgramFrmSizeReg)
                  9862c104    0000039a                         : vpscore_scWrbkPath.oem3 (.text:Vcore_swpControl)
                  9862c49e    00000002     --HOLE-- [fill = 0]
                  9862c4a0    00000395                         : vpshal_dei.oem3 (.text:VpsHal_deiSetFmdConfig)
                  9862c835    00000003     --HOLE-- [fill = 0]
                  9862c838    00000390                         : vpscore_deiApi.oem3 (.text:vcoreDeiUpdateRtPrms)
                  9862cbc8    0000038e                         : vpshal_hdvenc.oem3 (.text:hdVencSetModeTiming)
                  9862cf56    00000002     --HOLE-- [fill = 0]
                  9862cf58    0000038c     hdvpss_devices.aem3 : vpsdrv_tvp7002I2c.oem3 (.text:Vps_tvp7002SetupVideo)
                  9862d2e4    0000038a     hdvpss_drivers.aem3 : vps_dlm.oem3 (.text:vpsDlmCheckStartStopPrms)
                  9862d66e    00000002     --HOLE-- [fill = 0]
                  9862d670    00000386                         : vpsdrv_dispGrpx.oem3 (.text:VpsDdrv_grpxDelete)
                  9862d9f6    00000002     --HOLE-- [fill = 0]
                  9862d9f8    00000384                         : vpsdrv_captureApi.oem3 (.text:Vps_captSubFrameInitArgs)
                  9862dd7c    00000380                         : vpscore_grpxPriv.oem3 (.text:vcoreGrpxPrivInit)
                  9862e0fc    0000037c                         : vpsdrv_m2mNsfChannel.oem3 (.text:Vps_nsfChannelUpdateDescSet)
                  9862e478    00000376                         : vpscore_vipResSingleChYuv422.oem3 (.text:Vcore_vipResAllocSingleChYuv422PathYuv422Out)
                  9862e7ee    00000002     --HOLE-- [fill = 0]
                  9862e7f0    00000375                         : vpsdrv_dispGrpx.oem3 (.text:VpsDdrvGrpxUpdateDesc)
                  9862eb65    00000003     --HOLE-- [fill = 0]
                  9862eb68    00000374                         : vpshal_sc.oem3 (.text:scCheckParams)
                  9862eedc    00000374                         : vpscore_dei.oem3 (.text:vcoreDeiProgramCurOutDesc)
                  9862f250    00000374                         : vps_dlmPriv.oem3 (.text:vpsDlmPrivInit)
                  9862f5c4    00000370                         : vpshal_vpdma.oem3 (.text:VpsHal_vpdmaLoadStateMachine)
                  9862f934    0000036c     rtsv7M3_T_le_eabi.lib : lowlev.obj (.text)
                  9862fca0    00000362     hdvpss_drivers.aem3 : vpsdrv_dispGrpxPriv.oem3 (.text:vpsDdrvGrpxSetCore)
                  98630002    00000002     --HOLE-- [fill = 0]
                  98630004    0000035c                         : vpscore_deiApi.oem3 (.text:Vcore_deiProgramReg)
                  98630360    00000358                         : vpscore_vipResCommon.oem3 (.text:Vcore_vipGetConfigOvlySize)
                  986306b8    00000358                         : vpsdrv_m2mNsfChannel.oem3 (.text:Vps_nsfChannelSetProcessingCfg)
                  98630a10    00000356     hdvpss_devices.aem3 : vpsdrv_device.oem3 (.text:Vps_deviceInit)
                  98630d66    00000002     --HOLE-- [fill = 0]
                  98630d68    00000340     hdvpss_drivers.aem3 : vpshal_hdvenc.oem3 (.text:VpsHal_hdVencSetMode)
                  986310a8    00000340                         : vps_dctrlIntPriv.oem3 (.text:dcCreateRtConfigOverlay)
                  986313e8    00000340                         : vpscore_vip.oem3 (.text:vcoreVipScGetAdvConfig)
                  98631728    0000033e                         : vps_dctrlHalPriv.oem3 (.text:dcConfigHal)
                  98631a66    00000002     --HOLE-- [fill = 0]
                  98631a68    0000033c                         : vpshal_vpdma.oem3 (.text:VpsHal_vpdmaCreateConfigDesc)
                  98631da4    0000033c                         : vpscore_deiCommon.oem3 (.text:vcoreDeiSetDefChInfo)
                  986320e0    0000033a                         : vpsdrv_m2mScPriv.oem3 (.text:vpsMdrvScAllocDescMem)
                  9863241a    00000002     --HOLE-- [fill = 0]
                  9863241c    00000338     ipc.lib : Ipc.obj (.text:Notify_unregisterEvent)
                  98632754    00000336     hdvpss_drivers.aem3 : vpsdrv_m2mDeiCore.oem3 (.text:vpsMdrvDeiGetSocCh)
                  98632a8a    00000002     --HOLE-- [fill = 0]
                  98632a8c    00000333                         : vpsdrv_displayPriv.oem3 (.text:vpsDdrvConfigBpSecCore)
                  98632dbf    00000001     --HOLE-- [fill = 0]
                  98632dc0    0000032f                         : vps_dlmPriv.oem3 (.text:vpsDlmLinkListCtrlDesc)
                  986330ef    00000001     --HOLE-- [fill = 0]
                  986330f0    0000032d                         : vpshal_sc.oem3 (.text:VpsHal_scSetConfig)
                  9863341d    00000003     --HOLE-- [fill = 0]
                  98633420    0000032c                         : vpsdrv_captureLm.oem3 (.text:Vps_captLmPrintAdvancedStatistics)
                  9863374c    0000032c     hdvpss_proxyServer.aem3 : vps_proxyServer.oem3 (.text:createFvid2Stream)
                  98633a78    0000032c     hdvpss_drivers.aem3 : vps_dctrl.oem3 (.text:dcCtrlNodeInput)
                  98633da4    00000328                         : vps_evtMgr.oem3 (.text:Vem_masterISR)
                  986340cc    00000324                         : vpscore_graphics.oem3 (.text:Vcore_grpxUpdateDesc)
                  986343f0    00000323                         : vps_dlm.oem3 (.text:vpsDlmListCompleteIsr)
                  98634713    00000001     --HOLE-- [fill = 0]
                  98634714    00000323                         : vps_dlmPriv.oem3 (.text:vpsDlmUnlinkClientDesc)
                  98634a37    00000001     --HOLE-- [fill = 0]
                  98634a38    00000322                         : vpscore_secPath.oem3 (.text:Vcore_secSetFormat)
                  98634d5a    00000002     --HOLE-- [fill = 0]
                  98634d5c    00000320                         : vps_dctrl.oem3 (.text:dcSetVencClkSrc)
                  9863507c    0000031c                         : vpscore_scWrbkPath.oem3 (.text:Vcore_swpInit)
                  98635398    0000031c                         : vpscore_vip.oem3 (.text:vcoreVipScSetAdvConfig)
                  986356b4    0000031a                         : vpsdrv_dispGrpx.oem3 (.text:vpsDdrvGrpxFbUpdateBufIsr)
                  986359ce    00000002     --HOLE-- [fill = 0]
                  986359d0    00000316                         : vpscore_vip.oem3 (.text:vcoreVipProgramDesc)
                  98635ce6    00000002     --HOLE-- [fill = 0]
                  98635ce8    00000314                         : vpscore_secPath.oem3 (.text:Vcore_secInit)
                  98635ffc    00000314                         : vpsdrv_m2mDeiPlatform.oem3 (.text:vpsMdrvDeiReleaseCtxFields)
                  98636310    00000312                         : vpsdrv_m2mDeiApi.oem3 (.text:VpsMdrv_deiDelete)
                  98636622    00000002     --HOLE-- [fill = 0]
                  98636624    00000310     ti.targets.arm.rtsarm.aem3 : System.oem3 (.text:xdc_runtime_System_doPrint__I)
                  98636934    0000030e     hdvpss_drivers.aem3 : vpscore_graphics.oem3 (.text:Vcore_grpxOpen)
                  98636c42    00000002     --HOLE-- [fill = 0]
                  98636c44    0000030c                         : vpscore_deiHal.oem3 (.text:vcoreDeiInitHalParams)
                  98636f50    0000030c                         : vpsdrv_dispGrpx.oem3 (.text:vpsDdrvGrpxUpdateRtParams)
                  9863725c    0000030a                         : vpscore_graphics.oem3 (.text:Vcore_grpxUpdateRtMem)
                  98637566    00000002     --HOLE-- [fill = 0]
                  98637568    00000309                         : vpshal_sc.oem3 (.text:VpsHal_scSetAdvConfig)
                  98637871    00000003     --HOLE-- [fill = 0]
                  98637874    00000308                         : vpsdrv_captureList.oem3 (.text:Vps_captAddFrmToList)
                  98637b7c    00000308                         : vpsdrv_m2mDeiPlatform.oem3 (.text:vpsMdrvDeiAgeCtxBufs)
                  98637e84    00000304                         : vpshal_csc.oem3 (.text:VpsHal_cscSetConfig)
                  98638188    00000304                         : vpsdrv_m2mDeiPriv.oem3 (.text:vpsMdrvDeiFreeCoreMem)
                  9863848c    00000303                         : vpshal_grpx.oem3 (.text:VpsHal_grpxRegionParamsCheck)
                  9863878f    00000001     --HOLE-- [fill = 0]
                  98638790    00000302                         : vpsdrv_m2mDeiPriv.oem3 (.text:vpsMdrvDeiAllocSplitHandleDescMem)
                  98638a92    00000002     --HOLE-- [fill = 0]
                  98638a94    00000300     hdvpss_proxyServer.aem3 : vps_proxyServer.oem3 (.text:initSysLnkNtyShm)
                  98638d94    00000300     hdvpss_drivers.aem3 : vpsdrv_displayPriv.oem3 (.text:vpsDdrvPrivInit)
                  98639094    000002fe                         : vpshal_vpdmaMosaic.oem3 (.text:printWindowsSplitParams)
                  98639392    00000002     --HOLE-- [fill = 0]
                  98639394    000002fa                         : vpsdrv_dispGrpxPriv.oem3 (.text:vpsDdrvGrpxConfigDctrl)
                  9863968e    00000002     --HOLE-- [fill = 0]
                  98639690    000002f9                         : vpsdrv_m2mDeiCore.oem3 (.text:vpsMdrvDeiRdAdvCfgIoctl)
                  98639989    00000003     --HOLE-- [fill = 0]
                  9863998c    000002f8                         : vpscore_deiApi.oem3 (.text:Vcore_deiUpdateDesc)
                  98639c84    000002f8                         : vpsdrv_captureList.oem3 (.text:Vps_captAddToList)
                  98639f7c    000002f8                         : vpsdrv_m2mDeiPriv.oem3 (.text:vpsMdrvDeiAllocChObjs)
                  9863a274    000002f8                         : vps_init_ti8107.oem3 (.text:vpsiHalInit)
                  9863a56c    000002f7                         : vpsdrv_m2mDeiCore.oem3 (.text:vpsMdrvDeiHqRdAdvCfgIoctl)
                  9863a863    00000001     --HOLE-- [fill = 0]
                  9863a864    000002f5                         : vpshal_vpdma.oem3 (.text:VpsHal_vpdmaCreateRegionDataDesc)
                  9863ab59    00000003     --HOLE-- [fill = 0]
                  9863ab5c    000002f4     ipc.lib : Ipc.obj (.text:Notify_registerEvent)
                  9863ae50    000002f3     hdvpss_drivers.aem3 : vpsdrv_m2mDeiCore.oem3 (.text:vpsMdrvDeiScRdAdvCfgIoctl)
                  9863b143    00000001     --HOLE-- [fill = 0]
                  9863b144    000002f3                         : vpsdrv_m2mDeiCore.oem3 (.text:vpsMdrvDeiScWrAdvCfgIoctl)
                  9863b437    00000001     --HOLE-- [fill = 0]
                  9863b438    000002f0                         : vpshal_hdvenc.oem3 (.text:VpsHal_hdvencInit)
                  9863b728    000002f0                         : vpsdrv_captureList.oem3 (.text:Vps_CaptTskPutCaptField)
                  9863ba18    000002f0                         : vpsdrv_captureList.oem3 (.text:Vps_captInitializeList)
                  9863bd08    000002f0                         : vpsdrv_captureList.oem3 (.text:Vps_captTskSubmitFrameList)
                  9863bff8    000002f0                         : vpsdrv_m2mSc.oem3 (.text:vpsMdrvScSetCoeffQObj)
                  9863c2e8    000002ee                         : vpscore_deiHal.oem3 (.text:vcoreDeiScGetAdvCfgIoctl)
                  9863c5d6    00000002     --HOLE-- [fill = 0]
                  9863c5d8    000002ec                         : vpshal_comp.oem3 (.text:VpsHal_compInit)
                  9863c8c4    000002ec                         : vpsdrv_captureVip.oem3 (.text:Vps_captVipParserConfigSetup)
                  9863cbb0    000002ec     rtsv7M3_T_le_eabi.lib : trgdrv.obj (.text)
                  9863ce9c    000002ec     hdvpss_drivers.aem3 : vpsdrv_display.oem3 (.text:vpsDdrvSetDeiDispParamIoctl)
                  9863d188    000002ea                         : vpsdrv_m2mSc.oem3 (.text:vpsMdrvScGetDescInfo)
                  9863d472    00000002     --HOLE-- [fill = 0]
                  9863d474    000002e8                         : vpscore_deiWrbkPath.oem3 (.text:Vcore_dwpUpdateRtMem)
                  9863d75c    000002e2                         : vpscore_grpxPriv.oem3 (.text:vcoreGrpxCheckFormat)
                  9863da3e    00000002     --HOLE-- [fill = 0]
                  9863da40    000002e1                         : vpscore_deiApi.oem3 (.text:Vcore_deiUpdateRtMem)
                  9863dd21    00000003     --HOLE-- [fill = 0]
                  9863dd24    000002de                         : vpscore_deiApi.oem3 (.text:Vcore_deiControl)
                  9863e002    00000002     --HOLE-- [fill = 0]
                  9863e004    000002dc                         : vps_init_ti8107.oem3 (.text:vpsiCoreInit)
                  9863e2e0    000002da                         : vpscore_deiWrbkPath.oem3 (.text:Vcore_dwpOpen)
                  9863e5ba    00000002     --HOLE-- [fill = 0]
                  9863e5bc    000002da                         : vpscore_vip.oem3 (.text:Vcore_vipOpen)
                  9863e896    00000002     --HOLE-- [fill = 0]
                  9863e898    000002da                         : vpsdrv_m2mSc.oem3 (.text:vpsMdrvScInitDescAndRegs)
                  9863eb72    00000002     --HOLE-- [fill = 0]
                  9863eb74    000002d9                         : vpshal_vpdma.oem3 (.text:VpsHal_vpdmaCreateOutBoundDataDesc)
                  9863ee4d    00000003     --HOLE-- [fill = 0]
                  9863ee50    000002d8                         : vpsdrv_captureList.oem3 (.text:Vps_captTskSubmitFieldList)
                  9863f128    000002d6                         : vpsdrv_dispGrpx.oem3 (.text:vpsDdrvGrpxSetParams)
                  9863f3fe    00000002     --HOLE-- [fill = 0]
                  9863f400    000002d5                         : vpsdrv_m2mSc.oem3 (.text:vpsMdrvScCheckPerChParams)
                  9863f6d5    00000003     --HOLE-- [fill = 0]
                  9863f6d8    000002d1                         : vpscore_secPath.oem3 (.text:Vcore_secUpdateRtMem)
                  9863f9a9    00000003     --HOLE-- [fill = 0]
                  9863f9ac    000002d0                         : vpsdrv_captureList.oem3 (.text:Vps_captMakeList)
                  9863fc7c    000002cf                         : vpsdrv_m2mDeiApi.oem3 (.text:vpsMdrvDeiSetScLazyLoadingIoctl)
                  9863ff4b    00000001     --HOLE-- [fill = 0]
                  9863ff4c    000002ce                         : vpshal_vpdma.oem3 (.text:VpsHal_vpdmaCreateInBoundDataDesc)
                  9864021a    00000002     --HOLE-- [fill = 0]
                  9864021c    000002ce                         : vps_dctrl.oem3 (.text:dcSetConfig)
                  986404ea    00000002     --HOLE-- [fill = 0]
                  986404ec    000002ce                         : vpscore_deiHal.oem3 (.text:vcoreDeiScSetAdvCfgIoctl)
                  986407ba    00000002     --HOLE-- [fill = 0]
                  986407bc    000002cc     ipc.lib : Ipc.obj (.text:ti_sdo_ipc_family_ti81xx_InterruptDucati_intRegister__E)
                  98640a88    000002c8     hdvpss_drivers.aem3 : vpshal_vcomp.oem3 (.text:VpsHal_vcompInit)
                  98640d50    000002c8                         : vpsdrv_captureApi.oem3 (.text:Vps_captAllocPath)
                  98641018    000002c8     hdvpss_proxyServer.aem3 : vps_proxyServer.oem3 (.text:deallocSysLnkNtyNumber)
                  986412e0    000002c4     hdvpss_drivers.aem3 : vpscore_vipResCommon.oem3 (.text:Vcore_vipResInit)
                  986415a4    000002c0                         : vpshal_cig.oem3 (.text:VpsHal_cigSetRtConfig)
                  98641864    000002c0                         : vpsdrv_m2mSlice.oem3 (.text:vpsMdrvScSubFrameCalcInfo)
                  98641b24    000002bc                         : fvid2_drvMgr.oem3 (.text:FVID2_create)
                  98641de0    000002bb                         : vpscore_deiWrbkPath.oem3 (.text:vcoreDwpProgramDesc)
                  9864209b    00000001     --HOLE-- [fill = 0]
                  9864209c    000002bb                         : vpscore_vip.oem3 (.text:vcoreVipCheckParams)
                  98642357    00000001     --HOLE-- [fill = 0]
                  98642358    000002ba     hdvpss_devices.aem3 : vpsdrv_tvp5158I2c.oem3 (.text:Vps_tvp5158SetVideoMode)
                  98642612    00000002     --HOLE-- [fill = 0]
                  98642614    000002b8     hdvpss_drivers.aem3 : vpscore_vip.oem3 (.text:Vcore_vipUpdateDesc)
                  986428cc    000002b8                         : vpshal_dei.oem3 (.text:VpsHal_deiSetAdvConfig)
                  98642b84    000002b6                         : vpscore_dei.oem3 (.text:vcoreDeiUpdateMode)
                  98642e3a    00000002     --HOLE-- [fill = 0]
                  98642e3c    000002b5                         : vpscore_secPath.oem3 (.text:Vcore_secUpdateDesc)
                  986430f1    00000003     --HOLE-- [fill = 0]
                  986430f4    000002b5                         : vpsdrv_m2mDeiCore.oem3 (.text:vpsMdrvDeiCfgVipCore)
                  986433a9    00000003     --HOLE-- [fill = 0]
                  986433ac    000002b4                         : vpshal_sdvenc.oem3 (.text:VpsHal_sdVencSetConfig)
                  98643660    000002b4                         : vpsdrv_m2mScPriv.oem3 (.text:VpsMdrv_scInit)
                  98643914    000002b2                         : vps_dlm.oem3 (.text:VpsDlm_setDescMem)
                  98643bc6    00000002     --HOLE-- [fill = 0]
                  98643bc8    000002b0                         : vpsdrv_captureLm.oem3 (.text:Vps_captLmPostDescList)
                  98643e78    000002b0     hdvpss_devices.aem3 : vpsdrv_sii9022a.oem3 (.text:vpsSii9022aPrgmEmbSyncTimingInfo)
                  98644128    000002af     hdvpss_drivers.aem3 : fvid2_drvMgr.oem3 (.text:FVID2_checkProcessList)
                  986443d7    00000001     --HOLE-- [fill = 0]
                  986443d8    000002ae                         : vpscore_scWrbkPath.oem3 (.text:Vcore_swpOpen)
                  98644686    00000002     --HOLE-- [fill = 0]
                  98644688    000002ac                         : vpscore_bypass.oem3 (.text:Vcore_bpUpdateRtMem)
                  98644934    000002ac                         : vpsdrv_display.oem3 (.text:vpsDrvGetNextBufState)
                  98644be0    000002a8                         : vpsdrv_dispGrpx.oem3 (.text:VpsDdrv_grpxDequeue)
                  98644e88    000002a8                         : vpsdrv_display.oem3 (.text:VpsDdrv_queue)
                  98645130    000002a8                         : vps_dlmPriv.oem3 (.text:vpsDlmUnLinkListCtrlDesc)
                  986453d8    000002a8                         : vpsdrv_m2mDeiApi.oem3 (.text:vpsMdrvDeiModifyLazyLoadingCfg)
                  98645680    000002a6                         : vpscore_bypass.oem3 (.text:Vcore_bpSetFormat)
                  98645926    00000002     --HOLE-- [fill = 0]
                  98645928    000002a3                         : vpscore_graphics.oem3 (.text:Vcore_grpxGetParams)
                  98645bcb    00000001     --HOLE-- [fill = 0]
                  98645bcc    000002a2                         : vps_mlm.oem3 (.text:mlmFreeQueues)
                  98645e6e    000002a2                         : vpsdrv_m2mSc.oem3 (.text:vpsMdrvScSubFrmUpdate)
                  98646110    000002a0                         : vpsdrv_m2mSlice.oem3 (.text:vpsMdrvScSubFrameCalcHorzInfo)
                  986463b0    0000029c                         : vps_mlm.oem3 (.text:Mlm_register)
                  9864664c    0000029c     hdvpss_i2c.aem3 : psp_i2cdrv.oem3 (.text:PSP_i2cCreate)
                  986468e8    0000029b     hdvpss_drivers.aem3 : vpscore_deiApi.oem3 (.text:Vcore_deiProgramScCoeff)
                  98646b83    00000001     --HOLE-- [fill = 0]
                  98646b84    0000029a                         : vpsdrv_m2mDeiReq.oem3 (.text:vpsMdrvDeiRotateCtxBuf)
                  98646e1e    00000002     --HOLE-- [fill = 0]
                  98646e20    00000298                         : vpsdrv_display.oem3 (.text:vpsDdrvSetFmtIoctl)
                  986470b8    00000297                         : vpscore_vip.oem3 (.text:Vcore_vipProgramScCoeff)
                  9864734f    00000001     --HOLE-- [fill = 0]
                  98647350    00000294                         : vpscore_bypass.oem3 (.text:Vcore_bpUpdateDesc)
                  986475e4    00000294                         : vpscore_deiWrbkPath.oem3 (.text:Vcore_dwpUpdateDesc)
                  98647878    00000294                         : vpscore_deiHal.oem3 (.text:vcoreDeiGetAdvCfgIoctl)
                  98647b0c    00000292                         : vpshal_grpx.oem3 (.text:VpsHal_grpxSetFrameAttr)
                  98647d9e    00000002     --HOLE-- [fill = 0]
                  98647da0    00000292                         : vpsdrv_m2mDeiReq.oem3 (.text:VpsMdrv_deiMlmCbFxn)
                  98648032    00000292                         : vpsdrv_m2mNsfChannel.oem3 (.text:Vps_nsfChannelMakeDescSet)
                  986482c4    00000292                         : vpscore_graphics.oem3 (.text:vcoreGrpxProgramOvlyMem)
                  98648556    00000002     --HOLE-- [fill = 0]
                  98648558    00000290                         : vpscore_deiHal.oem3 (.text:vcoreDeiSetFsEvent)
                  986487e8    00000290     hdvpss_devices.aem3 : vpsdrv_sii9022a.oem3 (.text:vpsSii9022aPrgmExtSyncTimingInfo)
                  98648a78    0000028e     hdvpss_drivers.aem3 : vpsdrv_captureList.oem3 (.text:Vps_CaptTskUpdateFrm)
                  98648d06    00000002     --HOLE-- [fill = 0]
                  98648d08    0000028c                         : vpscore_dei.oem3 (.text:vcoreDeiHqFigureOutState)
                  98648f94    0000028b                         : vps_dctrlHalPriv.oem3 (.text:dcVcompSetInput)
                  9864921f    00000001     --HOLE-- [fill = 0]
                  98649220    0000028a     hdvpss_devices.aem3 : vpsdrv_tvp5158I2c.oem3 (.text:Vps_tvp5158SetExtendedSettings)
                  986494aa    00000002     --HOLE-- [fill = 0]
                  986494ac    00000289     hdvpss_drivers.aem3 : vpshal_vpdmaMosaic.oem3 (.text:printSplitWindows)
                  98649735    00000003     --HOLE-- [fill = 0]
                  98649738    00000288                         : vpsdrv_display.oem3 (.text:vpsDeiDdrvUpdateCoreRtParams)
                  986499c0    00000286                         : vpsdrv_captureList.oem3 (.text:Vps_CaptTskUpdateField)
                  98649c46    00000002     --HOLE-- [fill = 0]
                  98649c48    00000286                         : vpscore_deiHal.oem3 (.text:vcoreDeiSetChParams)
                  98649ece    00000002     --HOLE-- [fill = 0]
                  98649ed0    00000284                         : vpsdrv_dispGrpx.oem3 (.text:VpsDdrv_grpxQueue)
                  9864a154    00000284                         : vpshal_sdvenc.oem3 (.text:VpsHal_sdvencInit)
                  9864a3d8    00000284                         : vpscore_deiCommon.oem3 (.text:vcoreDeiInit)
                  9864a65c    00000283                         : vpsdrv_dispGrpxPriv.oem3 (.text:vpsDdrvGrpxGetNextBufState)
                  9864a8df    00000001     --HOLE-- [fill = 0]
                  9864a8e0    00000280                         : vpscore_vipResCommon.oem3 (.text:Vcore_vipResFree)
                  9864ab60    00000280                         : vpsdrv_captureVip.oem3 (.text:Vps_captVipSubFrameRegisterIsr)
                  9864ade0    00000280     hdvpss_devices.aem3 : vpsdrv_tvp7002I2c.oem3 (.text:Vps_tvp7002SetOutputFormat)
                  9864b060    0000027c     ipc.lib : Ipc.obj (.text:Notify_sendEvent)
                  9864b2dc    0000027c     hdvpss_drivers.aem3 : vpscore_bypass.oem3 (.text:Vcore_bpCreateLayout)
                  9864b558    0000027c                         : vpscore_deiApi.oem3 (.text:Vcore_deiCreateLayout)
                  9864b7d4    0000027c                         : vpscore_graphics.oem3 (.text:Vcore_grpxCreateLayout)
                  9864ba50    0000027c                         : vpshal_hdvenc.oem3 (.text:VpsHal_hdVencSetOutput)
                  9864bccc    0000027c     hdvpss_devices.aem3 : vpsdrv_sii9135I2c.oem3 (.text:Vps_sii9135GetVideoStatus)
                  9864bf48    0000027c     hdvpss_proxyServer.aem3 : vps_proxyServer.oem3 (.text:allocSysLnkNtyNumber)
                  9864c1c4    0000027b     hdvpss_drivers.aem3 : vpsdrv_m2mDeiCore.oem3 (.text:vpsMdrvDeiAlcCfgVipCore)
                  9864c43f    00000001     --HOLE-- [fill = 0]
                  9864c440    00000276                         : vps_dctrlIntPriv.oem3 (.text:Dc_setRtConfig)
                  9864c6b6    00000002     --HOLE-- [fill = 0]
                  9864c6b8    00000274                         : vps_dctrl.oem3 (.text:dcDisableVenc)
                  9864c92c    00000272                         : vpsdrv_m2mDeiPriv.oem3 (.text:vpsMdrvDeiProgramDesc)
                  9864cb9e    00000002     --HOLE-- [fill = 0]
                  9864cba0    00000270                         : vpscore_deiApi.oem3 (.text:Vcore_deiGetScFactorConfig)
                  9864ce10    00000270                         : vpsdrv_display.oem3 (.text:vpsDdrvSetDispMode)
                  9864d080    0000026e                         : vpsdrv_m2mDeiCore.oem3 (.text:vpsMdrvDeiCloseCores)
                  9864d2ee    00000002     --HOLE-- [fill = 0]
                  9864d2f0    0000026d                         : vps_init_ti8107.oem3 (.text:vpsiHalDeInit)
                  9864d55d    00000003     --HOLE-- [fill = 0]
                  9864d560    0000026c                         : vpshal_nf.oem3 (.text:VpsHal_nfSetConfig)
                  9864d7cc    0000026a                         : vpscore_bypass.oem3 (.text:Vcore_bpOpen)
                  9864da36    00000002     --HOLE-- [fill = 0]
                  9864da38    0000026a                         : vpscore_deiApi.oem3 (.text:Vcore_deiOpen)
                  9864dca2    00000002     --HOLE-- [fill = 0]
                  9864dca4    00000269                         : vpshal_sc.oem3 (.text:VpsHal_scSetRunTimeConfig)
                  9864df0d    00000003     --HOLE-- [fill = 0]
                  9864df10    00000268                         : vpscore_vip.oem3 (.text:Vcore_vipGetScFactorConfig)
                  9864e178    00000268                         : vps_evtMgr.oem3 (.text:Vem_register)
                  9864e3e0    00000268                         : vpshal_vpdmaMosaic.oem3 (.text:VpsHal_vpdmaInitMosaic)
                  9864e648    00000268                         : vps_dctrl.oem3 (.text:dcClearConfig)
                  9864e8b0    00000268                         : vpsdrv_m2mSc.oem3 (.text:vpsMdrvScModifyLazyLoadingCfg)
                  9864eb18    00000266                         : vpscore_deiApi.oem3 (.text:vcoreDeiUpdateRtDescMem)
                  9864ed7e    00000002     --HOLE-- [fill = 0]
                  9864ed80    00000264                         : vpscore_graphics.oem3 (.text:Vcore_grpxSetFormat)
                  9864efe4    00000264                         : vpsdrv_captureList.oem3 (.text:Vps_captDoDisSyncStartSequence)
                  9864f248    00000262                         : vpscore_deiApi.oem3 (.text:Vcore_deiSetParams)
                  9864f4aa    00000002     --HOLE-- [fill = 0]
                  9864f4ac    00000261                         : vpscore_scWrbkPath.oem3 (.text:Vcore_swpUpdateDesc)
                  9864f70d    00000003     --HOLE-- [fill = 0]
                  9864f710    00000260                         : vpsdrv_captureVip.oem3 (.text:Vps_captVipSubFrameEOFIsr)
                  9864f970    00000260     hdvpss_i2c.aem3 : psp_i2cdrv.oem3 (.text:i2c_isr)
                  9864fbd0    00000260     hdvpss_drivers.aem3 : vpshal_vpdmaMosaic.oem3 (.text:makeXAxisSplitterList)
                  9864fe30    00000260     ipc.lib : Ipc.obj (.text:ti_sdo_ipc_notifyDrivers_NotifyDriverShm_Instance_init__F)
                  98650090    00000260     hdvpss_drivers.aem3 : vpscore_deiHal.oem3 (.text:vcoreDeiSetAdvCfgIoctl)
                  986502f0    0000025c                         : vpscore_deiApi.oem3 (.text:Vcore_deiProgramDesc)
                  9865054c    0000025c                         : vpsdrv_captureLm.oem3 (.text:Vps_captLmInit)
                  986507a8    00000258                         : vpshal_sdvenc.oem3 (.text:VpsHal_sdVencSetControl)
                  98650a00    00000258     hdvpss_i2c.aem3 : psp_i2cdrv.oem3 (.text:Vps_i2cTransferMsgInt)
                  98650c58    00000258     hdvpss_drivers.aem3 : vpscore_bypassPriv.oem3 (.text:vcoreBpFreeFreeCh)
                  98650eb0    00000258                         : vpscore_bypassPriv.oem3 (.text:vcoreBpPrivInit)
                  98651108    00000258                         : vpscore_deiCommon.oem3 (.text:vcoreDeiFreeFreeCh)
                  98651360    00000254                         : vpshal_grpx.oem3 (.text:VpsHal_grpxSetSc)
                  986515b4    00000252                         : vpshal_cig.oem3 (.text:VpsHal_cigSetConfig)
                  98651806    00000002     --HOLE-- [fill = 0]
                  98651808    00000252                         : vpsdrv_m2mDeiPriv.oem3 (.text:vpsMdrvDeiAllocCoreMem)
                  98651a5a    00000002     --HOLE-- [fill = 0]
                  98651a5c    00000250     sysbios.lib : BIOS.obj (.text:ti_sysbios_heaps_HeapMem_free__E)
                  98651cac    0000024c     ipc.lib : Ipc.obj (.text:Notify_registerEventSingle)
                  98651ef8    0000024a     hdvpss_drivers.aem3 : vpsdrv_m2mNsfChannel.oem3 (.text:Vps_nsfChannelCreate)
                  98652142    00000002     --HOLE-- [fill = 0]
                  98652144    0000024a                         : vps_mlm.oem3 (.text:mlmListCompleteIsr)
                  9865238e    0000024a                         : vpsdrv_m2mSlice.oem3 (.text:vpsMdrvScSubFrameCalcPostProcInfo)
                  986525d8    00000249                         : vpscore_scWrbkPath.oem3 (.text:Vcore_swpProgramReg)
                  98652821    00000003     --HOLE-- [fill = 0]
                  98652824    00000246                         : vpshal_vip.oem3 (.text:VpsHal_vipSetPortConfig)
                  98652a6a    00000002     --HOLE-- [fill = 0]
                  98652a6c    00000246                         : vpsdrv_m2mDeiCore.oem3 (.text:vpsMdrvDeiCfgDeiWrbkCore)
                  98652cb2    00000002     --HOLE-- [fill = 0]
                  98652cb4    00000245                         : vpsdrv_m2mSc.oem3 (.text:vpsMdrvScCloseCores)
                  98652ef9    00000003     --HOLE-- [fill = 0]
                  98652efc    00000244     ipc.lib : Ipc.obj (.text:Notify_unregisterEventSingle)
                  98653140    00000244     hdvpss_drivers.aem3 : vpsdrv_captureList.oem3 (.text:Vps_captTskMvDescTempToEmpty)
                  98653384    00000244                         : vpscore_deiHal.oem3 (.text:vcoreDeiSetDescInfo)
                  986535c8    00000242     hdvpss_devices.aem3 : vpsdrv_tvp7002I2c.oem3 (.text:Vps_tvp7002GetVideoStatusIoctl)
                  9865380a    00000002     --HOLE-- [fill = 0]
                  9865380c    00000242     hdvpss_drivers.aem3 : vpsdrv_m2mSc.oem3 (.text:vpsMdrvScSplitSPadDescMem)
                  98653a4e    00000002     --HOLE-- [fill = 0]
                  98653a50    00000240                         : vpsdrv_display.oem3 (.text:VpsDdrv_dequeue)
                  98653c90    00000240     hdvpss_devices.aem3 : vpsdrv_tvp5158I2c.oem3 (.text:Vps_tvp5158PatchDownload)
                  98653ed0    00000240     hdvpss_drivers.aem3 : vps_init_ti8107.oem3 (.text:vpsiHalClose)
                  98654110    0000023d                         : vpshal_dei.oem3 (.text:VpsHal_deiGetAdvConfig)
                  9865434d    00000003     --HOLE-- [fill = 0]
                  98654350    0000023c                         : vpscore_vipResCommon.oem3 (.text:Vcore_vipResAllocMultiChPath)
                  9865458c    0000023c                         : vpscore_vipResCommon.oem3 (.text:Vcore_vipResAllocPath)
                  986547c8    0000023c     hdvpss_platform.aem3 : vps_platformTI8107.oem3 (.text:Vps_platformTI8107DeviceInit)
                  98654a04    0000023c     hdvpss_devices.aem3 : vpsdrv_sii9135I2c.oem3 (.text:Vps_sii9135SetupVideo)
                  98654c40    0000023a     hdvpss_drivers.aem3 : vpscore_deiWrbkPath.oem3 (.text:Vcore_dwpSetFormat)
                  98654e7a    00000002     --HOLE-- [fill = 0]
                  98654e7c    0000023a                         : vpshal_dei.oem3 (.text:VpsHal_deiSetConfig)
                  986550b6    00000002     --HOLE-- [fill = 0]
                  986550b8    0000023a                         : vpsdrv_m2mSc.oem3 (.text:vpsMdrvScSplitDescMem)
                  986552f2    00000002     --HOLE-- [fill = 0]
                  986552f4    00000238     sysbios.lib : BIOS.obj (.text:ti_sysbios_heaps_HeapMem_alloc__E)
                  9865552c    00000236     hdvpss_drivers.aem3 : vpshal_vpdmaMosaic.oem3 (.text:removeOverlappingWindow)
                  98655762    00000002     --HOLE-- [fill = 0]
                  98655764    00000236                         : vpsdrv_m2mScPriv.oem3 (.text:vpsMdrvScAllocChOvlyMems)
                  9865599a    00000002     --HOLE-- [fill = 0]
                  9865599c    00000234                         : vpscore_vip.oem3 (.text:vcoreVipSetConfig)
                  98655bd0    00000230                         : vps_dctrlIntPriv.oem3 (.text:dcIntInit)
                  98655e00    0000022f                         : vpshal_vcomp.oem3 (.text:vcompSetVideoMain)
                  9865602f    00000001     --HOLE-- [fill = 0]
                  98656030    0000022f                         : vpsdrv_m2mSc.oem3 (.text:vpsMdrvScCheckPerListParams)
                  9865625f    00000001     --HOLE-- [fill = 0]
                  98656260    0000022e                         : vpshal_sc.oem3 (.text:scSetEdgeDetectParams)
                  9865648e    00000002     --HOLE-- [fill = 0]
                  98656490    0000022c                         : vps_dlmPriv.oem3 (.text:VpsUtils_free)
                  986566bc    0000022c                         : vpscore_bypassPriv.oem3 (.text:VpsUtils_free)
                  986568e8    0000022c                         : vpscore_deiCommon.oem3 (.text:VpsUtils_free)
                  98656b14    0000022c                         : vpscore_deiWrbkPath.oem3 (.text:VpsUtils_free)
                  98656d40    0000022c                         : vpscore_grpxPriv.oem3 (.text:VpsUtils_free)
                  98656f6c    0000022c                         : vpsdrv_m2mDeiPriv.oem3 (.text:VpsUtils_free)
                  98657198    0000022c                         : vpsdrv_captureApi.oem3 (.text:Vps_captControl)
                  986573c4    0000022c                         : vpsdrv_captureVip.oem3 (.text:Vps_captVipSubFrameUnRegisterIsr)
                  986575f0    0000022c     hdvpss_devices.aem3 : vpsdrv_deviceI2c.oem3 (.text:Vps_deviceI2cInit)
                  9865781c    0000022c     sysbios.lib : BIOS.obj (.text:ti_sysbios_knl_Task_Instance_finalize__F)
                  98657a48    00000228     hdvpss_proxyServer.aem3 : vps_proxyServer.oem3 (.text:initializeClientNtfyTask)
                  98657c70    00000228     hdvpss_drivers.aem3 : vpshal_sc.oem3 (.text:scCalVertPolyphaseParams)
                  98657e98    00000227                         : vps_dctrlHalPriv.oem3 (.text:dcCompSetInput)
                  986580bf    00000001     --HOLE-- [fill = 0]
                  986580c0    00000224     hdvpss_i2c.aem3 : psp_i2cdrv.oem3 (.text:PSP_i2cInit)
                  986582e4    00000224     hdvpss_drivers.aem3 : vpscore_bypass.oem3 (.text:Vcore_bpGetDescInfo)
                  98658508    00000224                         : vpscore_deiApi.oem3 (.text:Vcore_deiGetDescInfo)
                  9865872c    00000222                         : vpsdrv_m2mScPriv.oem3 (.text:vpsMdrvScUpdatePrms)
                  9865894e    00000002     --HOLE-- [fill = 0]
                  98658950    00000221                         : vpscore_deiApi.oem3 (.text:Vcore_deiUpdateMode)
                  98658b71    00000003     --HOLE-- [fill = 0]
                  98658b74    00000220                         : vpsdrv_captureApi.oem3 (.text:Vps_captQueue)
                  98658d94    00000220                         : vps_dctrlHalPriv.oem3 (.text:dcCigSetInput)
                  98658fb4    0000021e                         : vpshal_vcomp.oem3 (.text:vcompSetVideoAux)
                  986591d2    00000002     --HOLE-- [fill = 0]
                  986591d4    0000021e                         : vpsdrv_m2mDeiApi.oem3 (.text:vpsMdrvDeiGetCtxInfoIoctl)
                  986593f2    00000002     --HOLE-- [fill = 0]
                  986593f4    0000021e                         : vpsdrv_m2mDeiReq.oem3 (.text:vpsMdrvDeiRotateTnrBuf)
                  98659612    0000021c     hdvpss_i2c.aem3 : psp_i2cdrv.oem3 (.text:Vps_i2cTransferMsgPoll)
                  9865982e    00000002     --HOLE-- [fill = 0]
                  98659830    0000021c     hdvpss_drivers.aem3 : vpscore_dei.oem3 (.text:vcoreDeiHqCalStateEdi)
                  98659a4c    0000021c                         : vpscore_dei.oem3 (.text:vcoreDeiHqCalStateFldAvg)
                  98659c68    0000021c                         : vpscore_dei.oem3 (.text:vcoreDeiHqCalStateLineAvg)
                  98659e84    0000021a                         : vps_dctrlHalPriv.oem3 (.text:dcCompSetRtConfig)
                  9865a09e    00000002     --HOLE-- [fill = 0]
                  9865a0a0    00000218                         : vps_mlm.oem3 (.text:Mlm_unRegister)
                  9865a2b8    00000218                         : vpsdrv_captureList.oem3 (.text:Vps_captProgInitialFrms)
                  9865a4d0    00000218                         : vpsdrv_m2mNsfReq.oem3 (.text:Vps_nsfReqGetProcessedFrames)
                  9865a6e8    00000218     hdvpss_platform.aem3 : vps_platformTI8107.oem3 (.text:Vps_platformTI8107SetVencPixClk)
                  9865a900    00000216     proxyServerHost_ti8107_pem3.oem3 (.text:xdc_runtime_System_printfExtend__I)
                  9865ab16    00000002     --HOLE-- [fill = 0]
                  9865ab18    00000214     hdvpss_drivers.aem3 : vpscore_deiWrbkPath.oem3 (.text:Vcore_dwpInit)
                  9865ad2c    00000214                         : vps_dlmPriv.oem3 (.text:VpsUtils_alloc)
                  9865af40    00000214                         : vpscore_bypassPriv.oem3 (.text:VpsUtils_alloc)
                  9865b154    00000214                         : vpscore_deiCommon.oem3 (.text:VpsUtils_alloc)
                  9865b368    00000214                         : vpscore_deiWrbkPath.oem3 (.text:VpsUtils_alloc)
                  9865b57c    00000214                         : vpscore_grpxPriv.oem3 (.text:VpsUtils_alloc)
                  9865b790    00000214                         : vpsdrv_m2mDeiPriv.oem3 (.text:VpsUtils_alloc)
                  9865b9a4    00000214                         : vpsdrv_captureApi.oem3 (.text:Vps_captInit)
                  9865bbb8    00000214                         : vpscore_deiHal.oem3 (.text:vcoreDeiSetScHalCfg)
                  9865bdcc    00000212                         : vps_dlmPriv.oem3 (.text:vpsDlmRotateSorRlUpdates)
                  9865bfde    00000002     --HOLE-- [fill = 0]
                  9865bfe0    00000212                         : vpshal_hdvenc.oem3 (.text:vpsHalHdVencSetOutputCfg)
                  9865c1f2    00000002     --HOLE-- [fill = 0]
                  9865c1f4    00000210                         : vpsdrv_captureApi.oem3 (.text:Vps_captDeleteQueues)
                  9865c404    0000020c                         : vps_evtMgr.oem3 (.text:Vem_init)
                  9865c610    0000020c                         : vpsdrv_captureApi.oem3 (.text:Vps_captSetStorageFmt)
                  9865c81c    0000020c                         : vps_mlm.oem3 (.text:mlmAllocQueues)
                  9865ca28    0000020c                         : vpsdrv_m2mDeiPriv.oem3 (.text:vpsMdrvDeiFreeChObjs)
                  9865cc34    0000020b                         : vpsdrv_display.oem3 (.text:VpsDdrvFbUpdateDesc)
                  9865ce3f    00000001     --HOLE-- [fill = 0]
                  9865ce40    0000020a                         : vps_dctrlIntPriv.oem3 (.text:Dc_registerClient)
                  9865d04a    00000002     --HOLE-- [fill = 0]
                  9865d04c    0000020a                         : vps_dctrlHalPriv.oem3 (.text:dcCigSetRtConfig)
                  9865d256    00000002     --HOLE-- [fill = 0]
                  9865d258    0000020a                         : vps_utils.oem3 (.text:dutilsUnLinkDouble)
                  9865d462    00000002     --HOLE-- [fill = 0]
                  9865d464    00000208                         : vpscore_bypass.oem3 (.text:vcoreBpUpdateRtPrms)
                  9865d66c    00000208                         : vpsdrv_m2mSc.oem3 (.text:vpsMdrvScProgCoeff)
                  9865d874    00000208                         : vps_init_ti8107.oem3 (.text:vpsiDriverInit)
                  9865da7c    00000207                         : vps_dctrlHalPriv.oem3 (.text:dcMuxSetInput)
                  9865dc83    00000001     --HOLE-- [fill = 0]
                  9865dc84    00000207                         : vpsdrv_display.oem3 (.text:vpsDdrvSelectLayoutIoctl)
                  9865de8b    00000001     --HOLE-- [fill = 0]
                  9865de8c    00000205                         : vps_dlm.oem3 (.text:VpsDlm_unRegister)
                  9865e091    00000003     --HOLE-- [fill = 0]
                  9865e094    00000204                         : vpscore_scWrbkPath.oem3 (.text:Vcore_swpGetScFactorConfig)
                  9865e298    00000204                         : vpscore_deiCommon.oem3 (.text:vcoreDeiAllocHandleObj)
                  9865e49c    00000203                         : vps_dctrlHalPriv.oem3 (.text:dcCompGetRtConfig)
                  9865e69f    00000001     --HOLE-- [fill = 0]
                  9865e6a0    00000203                         : vpshal_vpdmaMosaic.oem3 (.text:determineDummyChanReq)
                  9865e8a3    00000001     --HOLE-- [fill = 0]
                  9865e8a4    00000202                         : vpscore_vip.oem3 (.text:vcoreVipFigureOutState)
                  9865eaa6    00000002     --HOLE-- [fill = 0]
                  9865eaa8    00000200                         : vps_mlm.oem3 (.text:mlmCreateCtrlDescs)
                  9865eca8    00000200     hdvpss_proxyServer.aem3 : vps_proxyServer.oem3 (.text:psNtfyClientTask)
                  9865eea8    000001fe     hdvpss_drivers.aem3 : vpsdrv_displayPriv.oem3 (.text:vpsDdrvDeleteLayout)
                  9865f0a6    00000002     --HOLE-- [fill = 0]
                  9865f0a8    000001fc                         : vpscore_vipResSingleChRgb888.oem3 (.text:Vcore_vipResAllocSingleChRgb888PathYuv420Out)
                  9865f2a4    000001fa                         : vpshal_sc.oem3 (.text:scSetPeakingParams)
                  9865f49e    00000002     --HOLE-- [fill = 0]
                  9865f4a0    000001f8                         : vpscore_graphics.oem3 (.text:Vcore_grpxSetFsEvent)
                  9865f698    000001f8                         : vpscore_deiWrbkPath.oem3 (.text:vcoreDwpAllocHandleObj)
                  9865f890    000001f5                         : vps_dctrl.oem3 (.text:dcNodeInputGetStatus)
                  9865fa85    00000003     --HOLE-- [fill = 0]
                  9865fa88    000001f4                         : vpsdrv_m2mNsfReq.oem3 (.text:Vps_nsfReqComplete)
                  9865fc7c    000001f4     rtsv7M3_T_le_eabi.lib : ull_div_t2.obj (.text)
                  9865fe70    000001ef     hdvpss_drivers.aem3 : vps_utils.oem3 (.text:dutilsUnLinkCircularPri)
                  9866005f    00000001     --HOLE-- [fill = 0]
                  98660060    000001ee                         : vpshal_dei.oem3 (.text:VpsHal_deiSetFrameSize)
                  9866024e    00000002     --HOLE-- [fill = 0]
                  98660250    000001ee                         : vpshal_comp.oem3 (.text:compConfigureHDMI)
                  9866043e    00000002     --HOLE-- [fill = 0]
                  98660440    000001ec                         : fvid2_drvMgr.oem3 (.text:FVID2_registerDriver)
                  9866062c    000001ec                         : vpscore_bypassPriv.oem3 (.text:vcoreBpFreeMosaicObj)
                  98660818    000001ec                         : vpscore_deiCommon.oem3 (.text:vcoreDeiFreeMosaicObj)
                  98660a04    000001eb                         : vpshal_sdvenc.oem3 (.text:sdVencSetCvbsCscCoeffs)
                  98660bef    00000001     --HOLE-- [fill = 0]
                  98660bf0    000001ea                         : vps_dctrl.oem3 (.text:dcSetModeInfo)
                  98660dda    00000002     --HOLE-- [fill = 0]
                  98660ddc    000001ea                         : vpshal_sdvenc.oem3 (.text:sdVencSetCompCscCoeffs)
                  98660fc6    00000002     --HOLE-- [fill = 0]
                  98660fc8    000001e9                         : vpscore_secPath.oem3 (.text:Vcore_secProgramReg)
                  986611b1    00000003     --HOLE-- [fill = 0]
                  986611b4    000001e8                         : vpsdrv_captureApi.oem3 (.text:Vps_captResetAndRestart)
                  9866139c    000001e8                         : vps_dctrl.oem3 (.text:dcCreateNodeTable)
                  98661584    000001e7                         : vpsdrv_m2mSc.oem3 (.text:vpsMdrvScCopyHSubFrmInfo)
                  9866176b    00000001     --HOLE-- [fill = 0]
                  9866176c    000001e6                         : vpshal_comp.oem3 (.text:VpsHal_compEnableInput)
                  98661952    00000002     --HOLE-- [fill = 0]
                  98661954    000001e6                         : vpsdrv_dispGrpxPriv.oem3 (.text:vpsDdrvGrpxRemoveBufFromState)
                  98661b3a    00000002     --HOLE-- [fill = 0]
                  98661b3c    000001e6                         : vpsdrv_display.oem3 (.text:vpsDdrvRemoveBufFromState)
                  98661d22    00000002     --HOLE-- [fill = 0]
                  98661d24    000001e6                         : vpsdrv_m2mScPriv.oem3 (.text:vpsMdrvScAllocChDescs)
                  98661f0a    00000002     --HOLE-- [fill = 0]
                  98661f0c    000001e4                         : vpscore_bypass.oem3 (.text:Vcore_bpProgramDesc)
                  986620f0    000001e4                         : vpscore_vipResSingleChYuv422.oem3 (.text:Vcore_vipResAllocSingleChYuv422PathYuv420Out)
                  986622d4    000001e1                         : vpscore_scWrbkPath.oem3 (.text:Vcore_swpUpdateRtMem)
                  986624b5    00000003     --HOLE-- [fill = 0]
                  986624b8    000001e0                         : vpsdrv_m2mSc.oem3 (.text:VpsMdrv_scProcessFrms)
                  98662698    000001e0     hdvpss_platform.aem3 : vps_platformTI8107.oem3 (.text:Vps_getDividers)
                  98662878    000001e0     hdvpss_drivers.aem3 : vpsdrv_m2mNsfApi.oem3 (.text:Vps_nsfCreate)
                  98662a58    000001e0                         : vps_dctrlHalPriv.oem3 (.text:dcConfigCigMain)
                  98662c38    000001dd                         : vpshal_comp.oem3 (.text:compConfigureDvo2)
                  98662e15    00000003     --HOLE-- [fill = 0]
                  98662e18    000001dd                         : vpshal_comp.oem3 (.text:compConfigureHDComp)
                  98662ff5    00000003     --HOLE-- [fill = 0]
                  98662ff8    000001dc                         : vpscore_vip.oem3 (.text:Vcore_vipControl)
                  986631d4    000001dc                         : vpshal_chrus.oem3 (.text:VpsHal_chrusInit)
                  986633b0    000001dc     sysbios.lib : BIOS.obj (.text:ti_sysbios_knl_Task_Instance_init__F)
                  9866358c    000001da     hdvpss_drivers.aem3 : vpscore_vipResCommon.oem3 (.text:Vcore_vipSetScCoeff)
                  98663766    000001da     hdvpss_devices.aem3 : vpsdrv_tvp5158I2c.oem3 (.text:Vps_tvp5158SetAudioMode)
                  98663940    000001da     hdvpss_drivers.aem3 : vpshal_hdvenc.oem3 (.text:hdVencSetDefaults)
                  98663b1a    00000002     --HOLE-- [fill = 0]
                  98663b1c    000001d8                         : vpshal_csc.oem3 (.text:VpsHal_cscInit)
                  98663cf4    000001d6                         : vps_dctrl.oem3 (.text:dcIsInputNodeStarted)
                  98663eca    00000002     --HOLE-- [fill = 0]
                  98663ecc    000001d6                         : vpscore_vip.oem3 (.text:vcoreVipSetDefChInfo)
                  986640a2    00000002     --HOLE-- [fill = 0]
                  986640a4    000001d6                         : vpsdrv_m2mDeiPriv.oem3 (.text:vpsMdrvDeiAllocResrc)
                  9866427a    00000002     --HOLE-- [fill = 0]
                  9866427c    000001d4                         : vpshal_sdvenc.oem3 (.text:VpsHal_sdVencSetMode)
                  98664450    000001d4                         : vpshal_vps.oem3 (.text:VpsHal_vpsClkcResetModules)
                  98664624    000001d4                         : vpsdrv_m2mDeiApi.oem3 (.text:VpsMdrv_deiProcessFrms)
                  986647f8    000001d4     rtsv7M3_T_le_eabi.lib : fopen.obj (.text)
                  986649cc    000001d0     hdvpss_drivers.aem3 : vpscore_deiWrbkPath.oem3 (.text:Vcore_dwpGetDescInfo)
                  98664b9c    000001d0                         : vpscore_deiWrbkPath.oem3 (.text:Vcore_dwpProgramDesc)
                  98664d6c    000001d0                         : vpsdrv_captureVip.oem3 (.text:Vps_captVipSetScParams)
                  98664f3c    000001ce                         : vpscore_scWrbkPath.oem3 (.text:Vcore_swpSetFormat)
                  9866510a    00000002     --HOLE-- [fill = 0]
                  9866510c    000001ce                         : vpshal_comp.oem3 (.text:VpsHal_compSetConfig)
                  986652da    00000002     --HOLE-- [fill = 0]
                  986652dc    000001cd                         : vpshal_cig.oem3 (.text:VpsHal_cigGetConfig)
                  986654a9    00000003     --HOLE-- [fill = 0]
                  986654ac    000001cc                         : fvid2_drvMgr.oem3 (.text:FVID2_delete)
                  98665678    000001cc                         : vpscore_deiApi.oem3 (.text:Vcore_deiGetDeiCtxInfo)
                  98665844    000001cc                         : vpsdrv_display.oem3 (.text:VpsDdrv_control)
                  98665a10    000001cc     sysbios.lib : BIOS.obj (.text:ti_sysbios_knl_Semaphore_pend__E)
                  98665bdc    000001cc     hdvpss_devices.aem3 : vpsdrv_sii9022a.oem3 (.text:vpsSii9022aPrgmAvInfoFrame)
                  98665da8    000001cb     hdvpss_drivers.aem3 : vpscore_graphics.oem3 (.text:Vcore_grpxProgramReg)
                  98665f73    00000001     --HOLE-- [fill = 0]
                  98665f74    000001c8                         : vpscore_graphics.oem3 (.text:Vcore_grpxProgramDesc)
                  9866613c    000001c8                         : vpscore_scWrbkPath.oem3 (.text:Vcore_swpProgramDesc)
                  98666304    000001c8                         : vpscore_vip.oem3 (.text:Vcore_vipGetDescInfo)
                  986664cc    000001c8                         : vpscore_vip.oem3 (.text:Vcore_vipProgramDesc)
                  98666694    000001c8                         : vpscore_vipResSingleChRgb888.oem3 (.text:Vcore_vipResAllocSingleChRgb888PathYuv422spOut)
                  9866685c    000001c8                         : vpscore_vip.oem3 (.text:Vcore_vipSetFsEvent)
                  98666a24    000001c6                         : vpscore_vip.oem3 (.text:vcoreVipAllocPath)
                  98666bea    00000002     --HOLE-- [fill = 0]
                  98666bec    000001c4                         : vpscore_secPath.oem3 (.text:Vcore_secProgramDesc)
                  98666db0    000001c4                         : vpshal_vpdma.oem3 (.text:VpsHal_vpdmaIsValidSize)
                  98666f74    000001c4                         : vpshal_sdvenc.oem3 (.text:sdVencSetControlConfig)
                  98667138    000001c4     ipc.lib : Ipc.obj (.text:ti_sdo_ipc_Notify_Instance_init__F)
                  986672fc    000001c3     hdvpss_drivers.aem3 : vpshal_sc.oem3 (.text:VpsHal_scCreateCoeffOvly)
                  986674bf    00000001     --HOLE-- [fill = 0]
                  986674c0    000001c2                         : vpscore_grpxPriv.oem3 (.text:vcoreGrpxCreateGrpxDataDesc)
                  98667682    00000002     --HOLE-- [fill = 0]
                  98667684    000001c0                         : vpsdrv_m2mNsfCommon.oem3 (.text:Vps_nsfInit)
                  98667844    000001bd                         : vpshal_comp.oem3 (.text:compConfigureSD)
                  98667a01    00000003     --HOLE-- [fill = 0]
                  98667a04    000001bd                         : vpshal_comp.oem3 (.text:compGetConfigDvo2)
                  98667bc1    00000003     --HOLE-- [fill = 0]
                  98667bc4    000001bd                         : vpshal_comp.oem3 (.text:compGetConfigHDComp)
                  98667d81    00000003     --HOLE-- [fill = 0]
                  98667d84    000001bd                         : vpshal_comp.oem3 (.text:compGetConfigHDMI)
                  98667f41    00000001     --HOLE-- [fill = 0]
                  98667f42    000001bc     hdvpss_devices.aem3 : vpsdrv_tvp5158I2c.oem3 (.text:Vps_tvp5158GetVideoStatus)
                  986680fe    000001bc                         : vpsdrv_tvp5158I2c.oem3 (.text:Vps_tvp5158SetVideoColor)
                  986682ba    00000002     --HOLE-- [fill = 0]
                  986682bc    000001ba     hdvpss_drivers.aem3 : vps_dlm.oem3 (.text:VpsDlm_clrDescMem)
                  98668476    00000002     --HOLE-- [fill = 0]
                  98668478    000001ba                         : vpshal_vpdmaMosaic.oem3 (.text:printSplitterList)
                  98668632    00000002     --HOLE-- [fill = 0]
                  98668634    000001ba                         : vpshal_grpx.oem3 (.text:userCoeffCopy)
                  986687ee    00000002     --HOLE-- [fill = 0]
                  986687f0    000001b8                         : vpscore_vipResSingleChRgb888.oem3 (.text:Vcore_vipResAllocSingleChRgb888PathYuv422Out)
                  986689a8    000001b8                         : vpsdrv_m2mDeiApi.oem3 (.text:VpsMdrv_deiControl)
                  98668b60    000001b8                         : vpscore_scWrbkPath.oem3 (.text:swpFreeHandleObj)
                  98668d18    000001b6                         : vpshal_grpx.oem3 (.text:getScaleSet)
                  98668ece    000001b6     rtsv7M3_T_le_eabi.lib : fd_add_t2.obj (.text)
                  98669084    000001b2     hdvpss_drivers.aem3 : vps_utils.oem3 (.text:dutilsLinkCircularPri)
                  98669236    00000002     --HOLE-- [fill = 0]
                  98669238    000001b2                         : vpscore_grpxPriv.oem3 (.text:vcoreGrpxSetDefaultCh)
                  986693ea    00000002     --HOLE-- [fill = 0]
                  986693ec    000001b0                         : vpscore_dei.oem3 (.text:vcoreDeiHqCalStateTnr)
                  9866959c    000001b0                         : vpscore_vip.oem3 (.text:vcoreVipFreeHandleObj)
                  9866974c    000001b0                         : vpsdrv_m2mDeiPlatform.oem3 (.text:vpsMdrvDeiReleaseAgedCtxBufs)
                  986698fc    000001b0                         : vpsdrv_m2mScPriv.oem3 (.text:vpsMdrvScAllocChObjs)
                  98669aac    000001ac     hdvpss_devices.aem3 : vpsdrv_tvp5158I2c.oem3 (.text:Vps_tvp5158SetAudioVolume)
                  98669c58    000001ac     hdvpss_drivers.aem3 : vpscore_bypassPriv.oem3 (.text:vcoreBpFreeHandleObj)
                  98669e04    000001ac                         : vpscore_deiCommon.oem3 (.text:vcoreDeiFreeHandleObj)
                  98669fb0    000001ac                         : vpsdrv_displayPriv.oem3 (.text:vpsDdrvProgramDesc)
                  9866a15c    000001a8                         : vpscore_deiApi.oem3 (.text:Vcore_deiSetFsEvent)
                  9866a304    000001a8                         : vpshal_chrus.oem3 (.text:VpsHal_chrusSetConfig)
                  9866a4ac    000001a8                         : vpsdrv_captureList.oem3 (.text:Vps_captPostAbortList)
                  9866a654    000001a8                         : vps_mlm.oem3 (.text:mlmGetRlDescInfo)
                  9866a7fc    000001a8                         : vpscore_secPath.oem3 (.text:secFreeHandleObj)
                  9866a9a4    000001a8                         : vpscore_deiWrbkPath.oem3 (.text:vcoreDwpFreeHandleObj)
                  9866ab4c    000001a5                         : vpshal_comp.oem3 (.text:compGetConfigSD)
                  9866acf1    00000003     --HOLE-- [fill = 0]
                  9866acf4    000001a4                         : vpscore_vipResSingleChYuv422.oem3 (.text:Vcore_vipResAllocSingleChYuv422PathYuv422spOut)
                  9866ae98    000001a4     hdvpss_devices.aem3 : vpsdrv_deviceI2c.oem3 (.text:Vps_deviceRead8)
                  9866b03c    000001a2     hdvpss_drivers.aem3 : vpshal_comp.oem3 (.text:VpsHal_compEnableOutput)
                  9866b1de    00000002     --HOLE-- [fill = 0]
                  9866b1e0    000001a2                         : vpsdrv_displayPriv.oem3 (.text:vpsDdrvCheckFormat)
                  9866b382    00000002     --HOLE-- [fill = 0]
                  9866b384    000001a0                         : vpscore_vipResSingleChYuv422.oem3 (.text:Vcore_vipResAllocSingleChYuv422PathRgb888Yuv444Out)
[...]
986b3ca4   ti_sysbios_family_arm_m3_Hwi_Module__diagsIncluded__C
986b3ca8   ti_sysbios_family_arm_m3_Hwi_Module__diagsMask__C
986b3cac   ti_sysbios_family_arm_m3_Hwi_Module__loggerFxn1__C
986b3cb0   ti_sysbios_family_arm_m3_Hwi_Module__loggerFxn8__C
986b3cb4   ti_sysbios_family_arm_m3_Hwi_Module__loggerObj__C
986b3cb8   ti_sysbios_family_arm_m3_Hwi_NUM_INTERRUPTS__C
986b3cbc   ti_sysbios_family_arm_m3_Hwi_ccr__C
986b3cc0   ti_sysbios_family_arm_m3_Hwi_disablePriority__C
986b3cc4   ti_sysbios_family_arm_m3_Hwi_excHandlerFunc__C
986b3cc8   ti_sysbios_family_arm_m3_Hwi_excHookFunc__C
986b3ccc   ti_sysbios_family_arm_m3_Hwi_priGroup__C
986b3cd0   ti_sysbios_family_arm_m3_TaskSupport_stackAlignment__C
986b3cd4   ti_sysbios_gates_GateMutexPri_A_badContext__C
986b3cd8   ti_sysbios_gates_GateMutexPri_Instance_State_pendQ__O
986b3cdc   ti_sysbios_gates_GateMutexPri_Module__diagsEnabled__C
986b3ce0   ti_sysbios_gates_GateMutexPri_Module__diagsIncluded__C
986b3ce4   ti_sysbios_gates_GateMutexPri_Module__diagsMask__C
986b3ce8   ti_sysbios_gates_GateMutex_A_badContext__C
986b3cec   ti_sysbios_gates_GateMutex_Instance_State_sem__O
986b3cf0   ti_sysbios_gates_GateMutex_Module__diagsEnabled__C
986b3cf4   ti_sysbios_gates_GateMutex_Module__diagsIncluded__C
986b3cf8   ti_sysbios_gates_GateMutex_Module__diagsMask__C
986b3cfc   ti_sysbios_gates_GateSwi_A_badContext__C
986b3d00   ti_sysbios_gates_GateSwi_Module__diagsEnabled__C
986b3d04   ti_sysbios_gates_GateSwi_Module__diagsIncluded__C
986b3d08   ti_sysbios_gates_GateSwi_Module__diagsMask__C
986b3d0c   ti_sysbios_hal_Hwi_E_stackOverflow__C
986b3d10   ti_sysbios_hal_ammu_AMMU_numLargePages__C
986b3d14   ti_sysbios_hal_ammu_AMMU_numLinePages__C
986b3d18   ti_sysbios_hal_ammu_AMMU_numMediumPages__C
986b3d1c   ti_sysbios_hal_ammu_AMMU_numSmallPages__C
986b3d20   ti_sysbios_hal_unicache_Cache_Module__gateObj__C
986b3d24   ti_sysbios_hal_unicache_Cache_l1ocpConfig__C
986b3d28   ti_sysbios_hal_unicache_Cache_l1secConfig__C
986b3d2c   ti_sysbios_hal_unicache_Cache_l2ocpConfig__C
986b3d30   ti_sysbios_hal_unicache_Cache_l2secConfig__C
986b3d34   ti_sysbios_hal_unicache_Cache_maxLineModeBufSize__C
986b3d38   ti_sysbios_heaps_HeapMem_A_align__C
986b3d3c   ti_sysbios_heaps_HeapMem_A_heapSize__C
986b3d40   ti_sysbios_heaps_HeapMem_A_invalidFree__C
986b3d44   ti_sysbios_heaps_HeapMem_A_zeroBlock__C
986b3d48   ti_sysbios_heaps_HeapMem_E_memory__C
986b3d4c   ti_sysbios_heaps_HeapMem_Module__diagsEnabled__C
986b3d50   ti_sysbios_heaps_HeapMem_Module__diagsIncluded__C
986b3d54   ti_sysbios_heaps_HeapMem_Module__diagsMask__C
986b3d58   ti_sysbios_heaps_HeapMem_Module__gateObj__C
986b3d5c   ti_sysbios_heaps_HeapMem_Object__count__C
986b3d60   ti_sysbios_heaps_HeapMem_Object__table__C
986b3d64   ti_sysbios_heaps_HeapMem_reqAlignMask__C
986b3d68   ti_sysbios_heaps_HeapMem_reqAlign__C
986b3d6c   ti_sysbios_knl_Clock_A_badThreadType__C
986b3d70   ti_sysbios_knl_Clock_LM_begin__C
986b3d74   ti_sysbios_knl_Clock_LM_tick__C
986b3d78   ti_sysbios_knl_Clock_LW_delayed__C
986b3d7c   ti_sysbios_knl_Clock_Module_State_clockQ__O
986b3d80   ti_sysbios_knl_Clock_Module__diagsEnabled__C
986b3d84   ti_sysbios_knl_Clock_Module__diagsIncluded__C
986b3d88   ti_sysbios_knl_Clock_Module__diagsMask__C
986b3d8c   ti_sysbios_knl_Clock_Module__loggerFxn1__C
986b3d90   ti_sysbios_knl_Clock_Module__loggerFxn2__C
986b3d94   ti_sysbios_knl_Clock_Module__loggerObj__C
986b3d98   ti_sysbios_knl_Idle_funcList__A
986b3d9c   ti_sysbios_knl_Queue_Object__count__C
986b3da0   ti_sysbios_knl_Queue_Object__table__C
986b3da4   ti_sysbios_knl_Semaphore_A_badContext__C
986b3da8   ti_sysbios_knl_Semaphore_A_noEvents__C
986b3dac   ti_sysbios_knl_Semaphore_Instance_State_pendQ__O
986b3db0   ti_sysbios_knl_Semaphore_LM_pend__C
986b3db4   ti_sysbios_knl_Semaphore_LM_post__C
986b3db8   ti_sysbios_knl_Semaphore_Module__diagsEnabled__C
986b3dbc   ti_sysbios_knl_Semaphore_Module__diagsIncluded__C
986b3dc0   ti_sysbios_knl_Semaphore_Module__diagsMask__C
986b3dc4   ti_sysbios_knl_Semaphore_Module__loggerFxn2__C
986b3dc8   ti_sysbios_knl_Semaphore_Module__loggerFxn4__C
986b3dcc   ti_sysbios_knl_Semaphore_Module__loggerObj__C
986b3dd0   ti_sysbios_knl_Swi_LD_end__C
986b3dd4   ti_sysbios_knl_Swi_LM_begin__C
986b3dd8   ti_sysbios_knl_Swi_LM_post__C
986b3ddc   ti_sysbios_knl_Swi_Module__diagsEnabled__C
986b3de0   ti_sysbios_knl_Swi_Module__diagsIncluded__C
986b3de4   ti_sysbios_knl_Swi_Module__diagsMask__C
986b3de8   ti_sysbios_knl_Swi_Module__loggerFxn1__C
986b3dec   ti_sysbios_knl_Swi_Module__loggerFxn4__C
986b3df0   ti_sysbios_knl_Swi_Module__loggerObj__C
986b3df4   ti_sysbios_knl_Swi_Object__count__C
986b3df8   ti_sysbios_knl_Swi_Object__table__C
986b3dfc   ti_sysbios_knl_Task_A_badPriority__C
986b3e00   ti_sysbios_knl_Task_A_badTaskState__C
986b3e04   ti_sysbios_knl_Task_A_badThreadType__C
986b3e08   ti_sysbios_knl_Task_A_badTimeout__C
986b3e0c   ti_sysbios_knl_Task_A_noPendElem__C
986b3e10   ti_sysbios_knl_Task_E_spOutOfBounds__C
986b3e14   ti_sysbios_knl_Task_E_stackOverflow__C
986b3e18   ti_sysbios_knl_Task_LD_block__C
986b3e1c   ti_sysbios_knl_Task_LD_exit__C
986b3e20   ti_sysbios_knl_Task_LD_ready__C
986b3e24   ti_sysbios_knl_Task_LM_setPri__C
986b3e28   ti_sysbios_knl_Task_LM_sleep__C
986b3e2c   ti_sysbios_knl_Task_LM_switch__C
986b3e30   ti_sysbios_knl_Task_LM_yield__C
986b3e34   ti_sysbios_knl_Task_Module_State_inactiveQ__O
986b3e38   ti_sysbios_knl_Task_Module_State_terminatedQ__O
986b3e3c   ti_sysbios_knl_Task_Module__diagsEnabled__C
986b3e40   ti_sysbios_knl_Task_Module__diagsIncluded__C
986b3e44   ti_sysbios_knl_Task_Module__diagsMask__C
986b3e48   ti_sysbios_knl_Task_Module__loggerFxn2__C
986b3e4c   ti_sysbios_knl_Task_Module__loggerFxn4__C
986b3e50   ti_sysbios_knl_Task_Module__loggerObj__C
986b3e54   ti_sysbios_knl_Task_Object__count__C
986b3e58   ti_sysbios_knl_Task_Object__heap__C
986b3e5c   ti_sysbios_knl_Task_Object__table__C
986b3e60   ti_sysbios_knl_Task_allBlockedFunc__C
986b3e64   ti_sysbios_knl_Task_defaultStackHeap__C
986b3e68   ti_sysbios_knl_Task_defaultStackSize__C
986b3e6c   ti_sysbios_knl_Task_numConstructedTasks__C
986b3e70   ti_sysbios_knl_Task_numPriorities__C
986b3e74   ti_sysbios_xdcruntime_GateThreadSupport_Instance_State_gate__O
986b3e78   xdc_runtime_Assert_E_assertFailed__C
986b3e7c   xdc_runtime_Core_A_initializedParams__C
986b3e80   xdc_runtime_Core_Module__diagsEnabled__C
986b3e84   xdc_runtime_Core_Module__diagsIncluded__C
986b3e88   xdc_runtime_Core_Module__diagsMask__C
986b3e8c   xdc_runtime_Error_E_generic__C
986b3e90   xdc_runtime_Error_E_memory__C
986b3e94   xdc_runtime_Error_Module__diagsEnabled__C
986b3e98   xdc_runtime_Error_Module__diagsIncluded__C
986b3e9c   xdc_runtime_Error_Module__diagsMask__C
986b3ea0   xdc_runtime_Error_Module__loggerFxn8__C
986b3ea4   xdc_runtime_Error_Module__loggerObj__C
986b3ea8   xdc_runtime_Error_raiseHook__C
986b3eac   xdc_runtime_IGateProvider_Interface__BASE__C
986b3eb0   xdc_runtime_IHeap_Interface__BASE__C
986b3eb4   xdc_runtime_IModule_Interface__BASE__C
986b3eb8   xdc_runtime_Log_L_error__C
986b3ebc   xdc_runtime_Memory_defaultHeapInstance__C
986b3ec0   xdc_runtime_Startup_execImpl__C
986b3ec4   xdc_runtime_Startup_lastFxns__A
986b3ec8   xdc_runtime_Startup_maxPasses__C
986b3ecc   xdc_runtime_Startup_sfxnRts__C
986b3ed0   xdc_runtime_Startup_sfxnTab__C
986b3ed4   xdc_runtime_Startup_startModsFxn__C
986b3ed8   xdc_runtime_SysMin_bufSize__C
986b3edc   xdc_runtime_SysMin_outputFunc__C
986b3ee0   xdc_runtime_System_Module__gateObj__C
986b3ee4   xdc_runtime_System_extendFxn__C
986b3ee8   xdc_runtime_System_maxAtexitHandlers__C
986b3eec   xdc_runtime_Text_charTab__C
986b3ef0   xdc_runtime_Text_nameEmpty__C
986b3ef4   xdc_runtime_Text_nameStatic__C
986b3ef8   xdc_runtime_Text_nameUnknown__C
986b3efc   xdc_runtime_Text_nodeTab__C
986b3f00   xdc_runtime_Text_visitRopeFxn__C
986b3f04   ti_sdo_ipc_Notify_Module__id__C
986b3f08   ti_sdo_ipc_Notify_numLines__C
986b3f0c   ti_sdo_ipc_Notify_reservedEvents__C
986b3f10   ti_sdo_ipc_SharedRegion_Module__id__C
986b3f14   ti_sdo_ipc_SharedRegion_numEntries__C
986b3f18   ti_sdo_ipc_SharedRegion_translate__C
986b3f1c   ti_sdo_ipc_family_ti81xx_InterruptDucati_Module__id__C
986b3f20   ti_sdo_ipc_notifyDrivers_NotifyDriverShm_Module__id__C
986b3f24   ti_sdo_utils_MultiProc_Module__id__C
986b3f28   ti_sdo_utils_MultiProc_numProcessors__C
986b3f2c   ti_sdo_utils_MultiProc_numProcsInCluster__C
986b3f30   ti_sysbios_BIOS_Module__id__C
986b3f34   ti_sysbios_family_arm_ducati_Core_Module__id__C
986b3f38   ti_sysbios_family_arm_ducati_GateDualCore_Module__id__C
986b3f3c   ti_sysbios_family_arm_ducati_GateDualCore_enableStats__C
986b3f40   ti_sysbios_family_arm_ducati_GateDualCore_initGates__C
986b3f44   ti_sysbios_family_arm_ducati_Timer_Module__id__C
986b3f48   ti_sysbios_family_arm_m3_Hwi_Module__id__C
986b3f4c   ti_sysbios_family_arm_m3_Hwi_Module__loggerDefined__C
986b3f50   ti_sysbios_gates_GateMutexPri_Module__id__C
986b3f54   ti_sysbios_gates_GateMutex_Module__id__C
986b3f58   ti_sysbios_gates_GateSwi_Module__id__C
986b3f5c   ti_sysbios_hal_Hwi_Module__id__C
986b3f60   ti_sysbios_hal_unicache_Cache_configureCache__C
986b3f64   ti_sysbios_hal_unicache_Cache_enableCache__C
986b3f68   ti_sysbios_hal_unicache_Cache_l2CacheSupported__C
986b3f6c   ti_sysbios_heaps_HeapMem_Module__id__C
986b3f70   ti_sysbios_knl_Clock_Module__id__C
986b3f74   ti_sysbios_knl_Clock_Module__loggerDefined__C
986b3f78   ti_sysbios_knl_Semaphore_Module__id__C
986b3f7c   ti_sysbios_knl_Semaphore_Module__loggerDefined__C
986b3f80   ti_sysbios_knl_Swi_Module__id__C
986b3f84   ti_sysbios_knl_Swi_Module__loggerDefined__C
986b3f88   ti_sysbios_knl_Task_Module__id__C
986b3f8c   ti_sysbios_knl_Task_Module__loggerDefined__C
986b3f90   ti_sysbios_knl_Task_deleteTerminatedTasks__C
986b3f94   ti_sysbios_knl_Task_initStackFlag__C
986b3f98   xdc_runtime_Core_Module__id__C
986b3f9c   xdc_runtime_Error_Module__loggerDefined__C
986b3fa0   xdc_runtime_Error_maxDepth__C
986b3fa4   xdc_runtime_Memory_Module__id__C
986b3fa8   xdc_runtime_SysMin_flushAtExit__C
986b3fac   xdc_runtime_Text_charCnt__C
986b3fb0   xdc_runtime_Text_isLoaded__C
986b3fb4   xdc_runtime_Text_registryModsLastId__C
986b3fb8   xdc_runtime_Text_unnamedModsLastId__C
986b3fbc   ti_sysbios_family_arm_ducati_TimestampProvider_inpsel__C
986b3fc0   ti_sysbios_knl_Clock_tickMode__C
986b3fc4   ti_sysbios_knl_Clock_tickSource__C
986b3fc8   xdc_runtime_Error_policy__C
9ae00000   gVps_captCommonObj
9b246418   gVpsMdrvDeiPoolObj
9b3780e8   ti_sysbios_heaps_HeapMem_Instance_State_0_buf__A
9b3a1420   gVem_clientInfoMemPool
9b3afc28   gVps_captLmObj
9b3cd4e0   gVps_nsfCommonObj
9b3f9804   gVpsHalVpdmaTraceObj
9b40af00   gVps_captTskStackListUpdate
9b40f900   gVpsUtilsObjects
9b414f44   gVps_sii9135CommonObj
9b416050   gVps_captSubFrameQObj
9b416850   ti_sysbios_knl_Task_Instance_State_0_stack__A
9b418c78   xdc_runtime_SysMin_Module_State_0_outbuf__A
9b419398   ScInfo
9b419c98   gVcore_vipResCommonObj
9b41a6d8   VrmInfo
9b41ac8c   gVpsSii9022aCommonObj
9b41add8   gVps_tvp5158CommonObj
9b41aefc   __CIOBUF_
9b41b01c   DcStack
9b41b898   gVem_clientInfoFlag
9b41bae8   i2CDriverObj
9b41bba8   _tmpnams
9b41bc48   gVpsTvp7002Obj
9b41be40   gPlatformCommonObj
9b41bfac   gCaptSubFrameDebug
9b41bfd8   regOvly
9b41c000   gVps_deviceObj
9b41c0b8   gVps_captListMem
9b41c0bc   gVps_captScCoeffMem
9b41c0c0   gVps_captVipConfigMem
9b41c0c4   gVps_captAbortDescMem
9b41c0c8   gVps_captAbortDescMemPort
9b41c0cc   gVps_captChangeClientInt
9b41c0f8   ti_sdo_utils_NameServer_Module_State_0_nsRemoteHandle__A
9b41c104   ti_sysbios_knl_Task_Instance_State_0_hookEnv__A
9b41c15c   VpdmaBaseAddress
9b41c160   gVpsHal_vpsBaseAddress
9b41c174   VpsRegOvly
9b41c180   gVem_obj
9b41e9a0   gVpsHal_vpdmaFirmware_1B0
9b41f960   gVpsHal_vpdmaFirmware_1B2
9b420920   gVpsHal_vpdmaFirmware_1B5
9b4218c4   DcFreeClientNum
9b4218cc   DcFreeClientFlag
9b4218e0   gVpsHal_vpdmaFirmware_1B7
9b422884   _ft_end
9b422888   __aeabi_stdin
9b42288c   __aeabi_stdout
9b422890   __aeabi_stderr
9b422894   _lock
9b422898   _unlock
9b4228a0   gVpsHal_vpdmaFirmware_1A3
9b423750   _cleanup_ptr
9b423754   _dtors_ptr
9b423760   gVpsHal_vpdmaFirmware_1AD
9b424614   gVps_captSubFrameQIndex
9b424620   gVpsHal_vpdmaFirmware_1AE
9b4254e0   gVpsHal_vpdmaFirmware_286
9b42635c   main_func_sp
9b426360   gVpsHal_vpdmaFirmware_288
9b4271e0   gVpsHal_vpdmaFirmware_195
9b4299a0   HdVencStdModeInfo
9b42a408   ti_sdo_ipc_GateMP_Module__root__V
9b42a410   ti_sdo_ipc_GateMP_Module_State_0_remoteCustom2Gates__A
9b42a414   ti_sdo_ipc_Ipc_Module__state__V
9b42a420   ti_sdo_ipc_ListMP_Module__root__V
9b42a428   ti_sdo_ipc_ListMP_Module__state__V
9b42a42c   ti_sdo_ipc_MessageQ_Module__root__V
9b42a434   ti_sdo_ipc_MessageQ_Module_State_0_transports__A
9b42a44c   ti_sdo_ipc_MessageQ_Module_State_0_heaps__A
9b42a46c   ti_sdo_ipc_MessageQ_Module__state__V
9b42a488   ti_sdo_ipc_Notify_Module__root__V
9b42a490   ti_sdo_ipc_Notify_Module_State_0_notifyHandles_0__A
9b42a494   ti_sdo_ipc_Notify_Module_State_0_notifyHandles_1__A
9b42a498   ti_sdo_ipc_Notify_Module_State_0_notifyHandles_2__A
9b42a49c   ti_sdo_ipc_Notify_Module_State_0_notifyHandles__A
9b42a4a8   ti_sdo_ipc_Notify_Module__state__V
9b42a4b0   ti_sdo_ipc_SharedRegion_Module__state__V
9b42a4b4   ti_sdo_ipc_family_ti81xx_InterruptDucati_Module__state__V
9b42a4d0   ti_sdo_ipc_gates_GateHWSpinlock_Module__root__V
9b42a4d8   ti_sdo_ipc_gates_GateMPSupportNull_Module__root__V
9b42a4e0   ti_sdo_ipc_gates_GatePeterson_Module__root__V
9b42a4e8   ti_sdo_ipc_heaps_HeapMemMP_Module__root__V
9b42a4f0   ti_sdo_ipc_heaps_HeapMemMP_Module__state__V
9b42a4f4   ti_sdo_ipc_notifyDrivers_NotifyDriverShm_Module__root__V
9b42a4fc   ti_sdo_ipc_nsremote_NameServerRemoteNotify_Module__root__V
9b42a504   ti_sdo_ipc_transports_TransportShm_Module__root__V
9b42a50c   ti_sdo_ipc_transports_TransportShmSetup_Module_State_0_handles__A
9b42a518   ti_sdo_ipc_transports_TransportShmSetup_Module__state__V
9b42a51c   ti_sdo_utils_List_Module__root__V
9b42a524   ti_sdo_utils_MultiProc_Module__state__V
9b42a528   ti_sdo_utils_NameServer_Module__root__V
9b42a530   ti_sdo_utils_NameServer_Module__state__V
9b42a538   ti_sdo_utils_NameServerRemoteNull_Module__root__V
9b42a540   ti_sysbios_BIOS_Module__state__V
9b42a55c   ti_sysbios_family_arm_ducati_GateDualCore_Module__root__V
9b42a564   ti_sysbios_family_arm_ducati_GateDualCore_Object__table__V
9b42a584   ti_sysbios_family_arm_ducati_GateDualCore_Module__state__V
9b42a588   ti_sysbios_family_arm_ducati_Timer_Module__root__V
9b42a590   ti_sysbios_family_arm_ducati_Timer_Module__state__V
9b42a59c   ti_sysbios_family_arm_m3_Hwi_Module__root__V
9b42a5a4   ti_sysbios_gates_GateAll_Module__root__V
9b42a5ac   ti_sysbios_gates_GateAll_Object__table__V
9b42a5bc   ti_sysbios_gates_GateHwi_Module__root__V
9b42a5c4   ti_sysbios_gates_GateHwi_Object__table__V
9b42a5c8   ti_sysbios_gates_GateMutex_Module__root__V
9b42a5d0   ti_sysbios_gates_GateMutexPri_Module__root__V
9b42a5d8   ti_sysbios_gates_GateMutexPri_Object__table__V
9b42a5f0   ti_sysbios_gates_GateSwi_Module__root__V
9b42a5f8   ti_sysbios_gates_GateSwi_Object__table__V
9b42a604   ti_sysbios_hal_Hwi_Module__root__V
9b42a60c   ti_sysbios_hal_Hwi_Object__table__V
9b42a614   ti_sysbios_hal_Timer_Module__root__V
9b42a61c   ti_sysbios_hal_Timer_Object__table__V
9b42a624   ti_sysbios_heaps_HeapMem_Module__root__V
9b42a62c   ti_sysbios_heaps_HeapMem_Object__table__V
9b42a640   ti_sysbios_knl_Clock_Module__root__V
9b42a648   ti_sysbios_knl_Queue_Module__root__V
9b42a650   ti_sysbios_knl_Semaphore_Module__root__V
9b42a658   ti_sysbios_knl_Swi_Module__root__V
9b42a660   ti_sysbios_knl_Swi_Module__state__V
9b42a67c   ti_sysbios_knl_Task_Module__root__V
9b42a684   ti_sysbios_syncs_SyncSem_Module__root__V
9b42a68c   ti_sysbios_xdcruntime_GateThreadSupport_Module__root__V
9b42a694   xdc_runtime_Error_Module__state__V
9b42a698   xdc_runtime_GateNull_Module__root__V
9b42a6a0   xdc_runtime_GateNull_Object__table__V
9b42a6a4   xdc_runtime_Memory_Module__state__V
9b42a6a8   xdc_runtime_Registry_Module__state__V
9b42a6b0   xdc_runtime_Startup_Module__state__V
9b42a6b8   xdc_runtime_SysMin_Module__state__V
9b42a6c4   xdc_runtime_System_Module_State_0_atexitHandlers__A
9b42a6e4   xdc_runtime_System_Module__state__V
9b42a6f0   xdc_runtime_Text_Module__state__V
9b42a6f8   xdc_runtime_knl_GateThread_Module__root__V
9b42a700   __xdc__init__addr
9b42a95c   sdVencNtscCfg
9b42ab84   sdVencPalCfg
9b42afcc   SiI9022ModeInfo
9b42b3b0   CscQFormCoeff
9b42b820   i2CInstObj
9b42b960   ti_sysbios_family_arm_m3_Hwi_Module_State_0_dispatchTable__A
9b42baa0   ScHandle
9b42bab4   VcompHandle
9b42bab8   CompHandle
9b42babc   CscHandles
9b42bad4   CigHandle
9b42bad8   ChrusHandle
9b42baf0   VipHandle
9b42bb00   DeiHandle
9b42bb04   NfHandle
9b42bb08   SdVencHandle
9b42bb0c   HdVencHandles
9b42bb18   GrpxHandles
9b42bb24   gVpsHal_regsVps
9b42bb28   gVpsHal_regsVpdma
9b42bb2c   gVpsHal_regsVip0
9b42bb30   gVpsHal_regsVip1
9b42bb34   gVpsHal_regsNf
9b42bb38   cigInstParams
9b42bb40   blendInstParams
9b42bb48   deiInstParams
9b42bb50   vpsInstParams
9b42bb54   nfInstParams
9b42bb5c   sdvencInstParams
9b42bb6c   vcompInstParams
9b42bb74   vipInstParams
9b42bb84   vpdmaInstParams
9b42bb8c   grpxInstParams
9b42bb90   bpInitParams
9b42bba8   dwpInitParams
9b42bbc0   swpInitParams
9b42bcd0   DcResMngr
9b42bdcc   _ftable
9b42bf7a   gTvp7002CscCoeffRgb2Yuv
9b42bf8c   gTvp7002CscCoeffYuv2Rgb
9b42bfa0   ti_sdo_utils_NameServer_Object__table__V
9b42c158   deiMdrvInitParams
9b42c230   deiInitParams
9b42c4e8   dcInitParams
9b42c580   ti_sdo_ipc_SharedRegion_Module_State_0_regions__A
9b42c610   ti_sysbios_knl_Swi_Module_State_0_readyQ__A
9b42c690   ti_sysbios_knl_Task_Module_State_0_readyQ__A
9b42c978   scMdrvInitParams
9b42c9f0   _LDenorm
9b42ca00   _LEps
9b42ca10   _LInf
9b42ca20   _LNan
9b42ca30   _LSnan
9b42ca40   _LRteps
9b42ca50   _LXbig
9b42ca58   _LZero
9b42cc10   displayDrvInitPrms
9b42cc60   scInstParams
9b42ccb0   ti_sysbios_family_arm_m3_Hwi_Module_State_0_priorities__A
9b42cd00   ti_sysbios_family_arm_m3_Hwi_Module__state__V
9b42cd50   gprxInitParams
9b42cd98   TSK_idle
9b42cd98   ti_sysbios_knl_Task_Object__table__V
9b42ce9c   ti_sdo_ipc_Ipc_Module_State_0_procEntry__A
9b42cf10   ti_sysbios_gates_GateMutex_Object__table__V
9b42cf48   vipInitParams
9b42cf80   ti_sysbios_family_arm_ducati_Timer_Object__table__V
9b42cfb4   ti_sysbios_knl_Task_Module__state__V
9b42cfe8   chrusInstParams
9b42d018   cscInstParams
9b42d048   grpxDispInitParams
9b42d078   hdvencInstParams
9b42d0a8   ti_sysbios_family_arm_m3_Hwi_Object__table__V
9b42d0d8   ti_sysbios_knl_Swi_Object__table__V
9b42d108   ti_sysbios_knl_Clock_Module__state__V
9b42d134   secInitParams
9b42d15c   __stack
9b42e15c   __STACK_END
9b42e180   _Ipc_ResetVector
9b42e180   __TI_static_base__
9b42e188   Ipc_sr0MemorySetup
e000e000   ti_sysbios_family_arm_m3_Hwi_nvic
ffffffff   __binit__
ffffffff   __c_args__
ffffffff   binit
UNDEFED    SHT$$INIT_ARRAY$$Base
UNDEFED    SHT$$INIT_ARRAY$$Limit
UNDEFED    __TI_CINIT_Base
UNDEFED    __TI_CINIT_Limit
UNDEFED    __TI_Handler_Table_Base

[3506 symbols]


DYNAMIC SYMBOLS: SORTED ALPHABETICALLY BY Name 

address    name
--------   ----
UNDEFED    
9b42cd98   TSK_idle
9b42e180   _Ipc_ResetVector
9b42e15c   __STACK_END
00001000   __STACK_SIZE
9b42e180   __TI_static_base__
ffffffff   __binit__
ffffffff   __c_args__
00000000   _argsize
ffffffff   binit
40000800   ti_sysbios_hal_ammu_AMMU_mmu
40000000   ti_sysbios_hal_unicache_Cache_cache
00000001   xdc_runtime_Startup__EXECFXN__C
00000001   xdc_runtime_Startup__RESETFXN__C

[14 symbols]


IMPORTED and EXPORTED SYMBOLS: SORTED ALPHABETICALLY BY Name 

IMPORTED SYMBOLS

name                           size      Imported from
-----------------------------  --------  -------------

[0 symbols]


EXPORTED SYMBOLS

address    name
--------   ----
9b42e180   _Ipc_ResetVector
